Archive member included because of file (symbol)

N:\eecs373\project\FollowerBot\FollowerBot\SoftConsole\motorCONTROL_MSS_MSS_CM3_0\motorCONTROL_MSS_MSS_CM3_0_hw_platform\Debug\libmotorCONTROL_MSS_MSS_CM3_0_hw_platform.a(mss_uart.o)
                              N:/eecs373/project/FollowerBot/FollowerBot/SoftConsole/motorCONTROL_MSS_MSS_CM3_0/motorCONTROL_MSS_MSS_CM3_0_hw_platform/Debug/CMSIS/startup_gcc/newlib_stubs.o (MSS_UART_polled_tx)
N:\eecs373\project\FollowerBot\FollowerBot\SoftConsole\motorCONTROL_MSS_MSS_CM3_0\motorCONTROL_MSS_MSS_CM3_0_hw_platform\Debug\libmotorCONTROL_MSS_MSS_CM3_0_hw_platform.a(mss_i2c.o)
                              ./pixy.o (MSS_I2C_get_status)
N:\eecs373\project\FollowerBot\FollowerBot\SoftConsole\motorCONTROL_MSS_MSS_CM3_0\motorCONTROL_MSS_MSS_CM3_0_hw_platform\Debug\libmotorCONTROL_MSS_MSS_CM3_0_hw_platform.a(mss_ace.o)
                              ./IRcontrol.o (ACE_configure_sdd)
N:\eecs373\project\FollowerBot\FollowerBot\SoftConsole\motorCONTROL_MSS_MSS_CM3_0\motorCONTROL_MSS_MSS_CM3_0_hw_platform\Debug\libmotorCONTROL_MSS_MSS_CM3_0_hw_platform.a(core_cm3.o)
                              N:\eecs373\project\FollowerBot\FollowerBot\SoftConsole\motorCONTROL_MSS_MSS_CM3_0\motorCONTROL_MSS_MSS_CM3_0_hw_platform\Debug\libmotorCONTROL_MSS_MSS_CM3_0_hw_platform.a(mss_i2c.o) (__get_PRIMASK)
N:\eecs373\project\FollowerBot\FollowerBot\SoftConsole\motorCONTROL_MSS_MSS_CM3_0\motorCONTROL_MSS_MSS_CM3_0_hw_platform\Debug\libmotorCONTROL_MSS_MSS_CM3_0_hw_platform.a(system_a2fxxxm3.o)
                              N:/eecs373/project/FollowerBot/FollowerBot/SoftConsole/motorCONTROL_MSS_MSS_CM3_0/motorCONTROL_MSS_MSS_CM3_0_hw_platform/Debug/CMSIS/startup_gcc/startup_a2fxxxm3.o (SystemInit)
N:\eecs373\project\FollowerBot\FollowerBot\SoftConsole\motorCONTROL_MSS_MSS_CM3_0\motorCONTROL_MSS_MSS_CM3_0_hw_platform\Debug\libmotorCONTROL_MSS_MSS_CM3_0_hw_platform.a(ace_config.o)
                              N:\eecs373\project\FollowerBot\FollowerBot\SoftConsole\motorCONTROL_MSS_MSS_CM3_0\motorCONTROL_MSS_MSS_CM3_0_hw_platform\Debug\libmotorCONTROL_MSS_MSS_CM3_0_hw_platform.a(mss_ace.o) (g_ace_channel_desc_table)
N:\eecs373\project\FollowerBot\FollowerBot\SoftConsole\motorCONTROL_MSS_MSS_CM3_0\motorCONTROL_MSS_MSS_CM3_0_hw_platform\Debug\libmotorCONTROL_MSS_MSS_CM3_0_hw_platform.a(ace_convert.o)
                              N:\eecs373\project\FollowerBot\FollowerBot\SoftConsole\motorCONTROL_MSS_MSS_CM3_0\motorCONTROL_MSS_MSS_CM3_0_hw_platform\Debug\libmotorCONTROL_MSS_MSS_CM3_0_hw_platform.a(mss_ace.o) (ace_init_convert)
N:\eecs373\project\FollowerBot\FollowerBot\SoftConsole\motorCONTROL_MSS_MSS_CM3_0\motorCONTROL_MSS_MSS_CM3_0_hw_platform\Debug\libmotorCONTROL_MSS_MSS_CM3_0_hw_platform.a(ace_flags.o)
                              N:\eecs373\project\FollowerBot\FollowerBot\SoftConsole\motorCONTROL_MSS_MSS_CM3_0\motorCONTROL_MSS_MSS_CM3_0_hw_platform\Debug\libmotorCONTROL_MSS_MSS_CM3_0_hw_platform.a(mss_ace.o) (ace_init_flags)
c:/program files (x86)/microsemi/softconsole v3.3/sourcery-g++/bin/../lib/gcc/arm-none-eabi/4.4.1/thumb2\libgcc.a(_arm_addsubdf3.o)
                              ./main.o (__aeabi_dadd)
c:/program files (x86)/microsemi/softconsole v3.3/sourcery-g++/bin/../lib/gcc/arm-none-eabi/4.4.1/thumb2\libgcc.a(_arm_muldivdf3.o)
                              ./main.o (__aeabi_dmul)
c:/program files (x86)/microsemi/softconsole v3.3/sourcery-g++/bin/../lib/gcc/arm-none-eabi/4.4.1/thumb2\libgcc.a(_arm_fixdfsi.o)
                              ./main.o (__aeabi_d2iz)
c:/program files (x86)/microsemi/softconsole v3.3/sourcery-g++/bin/../lib/gcc/arm-none-eabi/4.4.1/thumb2\libgcc.a(_arm_addsubsf3.o)
                              ./main.o (__aeabi_ui2f)
c:/program files (x86)/microsemi/softconsole v3.3/sourcery-g++/bin/../lib/gcc/arm-none-eabi/4.4.1/../../../../arm-none-eabi/lib/thumb2\libc.a(lib_a-errno.o)
                              N:/eecs373/project/FollowerBot/FollowerBot/SoftConsole/motorCONTROL_MSS_MSS_CM3_0/motorCONTROL_MSS_MSS_CM3_0_hw_platform/Debug/CMSIS/startup_gcc/newlib_stubs.o (__errno)
c:/program files (x86)/microsemi/softconsole v3.3/sourcery-g++/bin/../lib/gcc/arm-none-eabi/4.4.1/../../../../arm-none-eabi/lib/thumb2\libc.a(lib_a-impure.o)
                              c:/program files (x86)/microsemi/softconsole v3.3/sourcery-g++/bin/../lib/gcc/arm-none-eabi/4.4.1/../../../../arm-none-eabi/lib/thumb2\libc.a(lib_a-errno.o) (_impure_ptr)
c:/program files (x86)/microsemi/softconsole v3.3/sourcery-g++/bin/../lib/gcc/arm-none-eabi/4.4.1/../../../../arm-none-eabi/lib/thumb2\libc.a(lib_a-init.o)
                              N:/eecs373/project/FollowerBot/FollowerBot/SoftConsole/motorCONTROL_MSS_MSS_CM3_0/motorCONTROL_MSS_MSS_CM3_0_hw_platform/Debug/CMSIS/startup_gcc/startup_a2fxxxm3.o (__libc_init_array)
c:/program files (x86)/microsemi/softconsole v3.3/sourcery-g++/bin/../lib/gcc/arm-none-eabi/4.4.1/../../../../arm-none-eabi/lib/thumb2\libc.a(lib_a-memset.o)
[...]
Memory Configuration

Name             Origin             Length             Attributes
ram              0x20000000         0x00010000         xrw
*default*        0x00000000         0xffffffff

Linker script and memory map

LOAD c:/program files (x86)/microsemi/softconsole v3.3/sourcery-g++/bin/../lib/gcc/arm-none-eabi/4.4.1/thumb2/crti.o
LOAD c:/program files (x86)/microsemi/softconsole v3.3/sourcery-g++/bin/../lib/gcc/arm-none-eabi/4.4.1/thumb2/crtbegin.o
LOAD ./IRcontrol.o
LOAD ./main.o
LOAD ./pixy.o
LOAD N:/eecs373/project/FollowerBot/FollowerBot/SoftConsole/motorCONTROL_MSS_MSS_CM3_0/motorCONTROL_MSS_MSS_CM3_0_hw_platform/Debug/CMSIS/startup_gcc/startup_a2fxxxm3.o
LOAD N:/eecs373/project/FollowerBot/FollowerBot/SoftConsole/motorCONTROL_MSS_MSS_CM3_0/motorCONTROL_MSS_MSS_CM3_0_hw_platform/Debug/CMSIS/startup_gcc/newlib_stubs.o
LOAD N:\eecs373\project\FollowerBot\FollowerBot\SoftConsole\motorCONTROL_MSS_MSS_CM3_0\motorCONTROL_MSS_MSS_CM3_0_hw_platform\Debug\libmotorCONTROL_MSS_MSS_CM3_0_hw_platform.a
START GROUP
LOAD c:/program files (x86)/microsemi/softconsole v3.3/sourcery-g++/bin/../lib/gcc/arm-none-eabi/4.4.1/thumb2\libgcc.a
LOAD c:/program files (x86)/microsemi/softconsole v3.3/sourcery-g++/bin/../lib/gcc/arm-none-eabi/4.4.1/../../../../arm-none-eabi/lib/thumb2\libc.a
END GROUP
LOAD c:/program files (x86)/microsemi/softconsole v3.3/sourcery-g++/bin/../lib/gcc/arm-none-eabi/4.4.1/thumb2/crtend.o
LOAD c:/program files (x86)/microsemi/softconsole v3.3/sourcery-g++/bin/../lib/gcc/arm-none-eabi/4.4.1/thumb2/crtn.o
START GROUP
LOAD c:/program files (x86)/microsemi/softconsole v3.3/sourcery-g++/bin/../lib/gcc/arm-none-eabi/4.4.1/../../../../arm-none-eabi/lib/thumb2\libc.a
LOAD c:/program files (x86)/microsemi/softconsole v3.3/sourcery-g++/bin/../lib/gcc/arm-none-eabi/4.4.1/thumb2\libgcc.a
LOAD c:/program files (x86)/microsemi/softconsole v3.3/sourcery-g++/bin/../lib/gcc/arm-none-eabi/4.4.1/../../../../arm-none-eabi/lib/thumb2\libm.a
END GROUP
                0x00000000                __DYNAMIC = 0x0
                0x20000000                RAM_START_ADDRESS = 0x20000000
                0x00010000                RAM_SIZE = 0x10000
                0x00002000                MAIN_STACK_SIZE = 0x2000
                0x00001000                PROCESS_STACK_SIZE = 0x1000
                0x20010000                PROVIDE (__main_stack_start, (RAM_START_ADDRESS + RAM_SIZE))
                0x2000e000                PROVIDE (__process_stack_start, (__main_stack_start - MAIN_STACK_SIZE))
                0x20010000                PROVIDE (_estack, __main_stack_start)
                0x00000000                PROVIDE (__mirrored_nvm, 0x0)

.text           0x20000000     0xa600
 CREATE_OBJECT_SYMBOLS
                0x20000000                __text_load = LOADADDR (.text)
                0x20000000                __text_start = .
                0x20000000                __vector_table_vma_base_address = .
 *(.isr_vector)
 .isr_vector    0x20000000      0x470 N:/eecs373/project/FollowerBot/FollowerBot/SoftConsole/motorCONTROL_MSS_MSS_CM3_0/motorCONTROL_MSS_MSS_CM3_0_hw_platform/Debug/CMSIS/startup_gcc/startup_a2fxxxm3.o
                0x20000000                g_pfnVectors
                0x20000298                Reset_Handler
                0x20000308                NMI_Handler
                0x2000030a                HardFault_Handler
                0x2000030c                MemManage_Handler
                0x2000030e                BusFault_Handler
                0x20000310                UsageFault_Handler
                0x20000312                SVC_Handler
                0x20000314                DebugMon_Handler
                0x20000316                PendSV_Handler
                0x20000318                SysTick_Handler
                0x2000031a                WdogWakeup_IRQHandler
                0x2000031c                BrownOut_1_5V_IRQHandler
                0x2000031e                BrownOut_3_3V_IRQHandler
                0x20000320                RTC_Match_IRQHandler
                0x20000322                RTCIF_Pub_IRQHandler
                0x20000324                EthernetMAC_IRQHandler
                0x20000326                IAP_IRQHandler
                0x20000328                ENVM0_IRQHandler
                0x2000032a                ENVM1_IRQHandler
                0x2000032c                DMA_IRQHandler
                0x20000332                SPI0_IRQHandler
                0x20000334                SPI1_IRQHandler
                0x20000338                I2C0_SMBAlert_IRQHandler
                0x2000033a                I2C0_SMBus_IRQHandler
                0x2000033e                I2C1_SMBAlert_IRQHandler
                0x20000340                I2C1_SMBus_IRQHandler
                0x20000344                Timer2_IRQHandler
                0x20000346                PLL_Lock_IRQHandler
                0x20000348                PLL_LockLost_IRQHandler
                0x2000034a                CommError_IRQHandler
                0x2000034c                Fabric_IRQHandler
                0x2000034e                GPIO0_IRQHandler
                0x20000350                GPIO1_IRQHandler
                0x20000352                GPIO2_IRQHandler
                0x20000354                GPIO3_IRQHandler
                0x20000356                GPIO4_IRQHandler
                0x20000358                GPIO5_IRQHandler
                0x2000035a                GPIO6_IRQHandler
                0x2000035c                GPIO7_IRQHandler
                0x2000035e                GPIO8_IRQHandler
                0x20000360                GPIO9_IRQHandler
                0x20000362                GPIO10_IRQHandler
                0x20000364                GPIO11_IRQHandler
                0x20000366                GPIO12_IRQHandler
                0x20000368                GPIO13_IRQHandler
                0x2000036a                GPIO14_IRQHandler
                0x2000036c                GPIO15_IRQHandler
                0x2000036e                GPIO16_IRQHandler
                0x20000370                GPIO17_IRQHandler
                0x20000372                GPIO18_IRQHandler
                0x20000374                GPIO19_IRQHandler
                0x20000376                GPIO20_IRQHandler
                0x20000378                GPIO21_IRQHandler
                0x2000037a                GPIO22_IRQHandler
                0x2000037c                GPIO23_IRQHandler
                0x2000037e                GPIO24_IRQHandler
                0x20000380                GPIO25_IRQHandler
                0x20000382                GPIO26_IRQHandler
                0x20000384                GPIO27_IRQHandler
                0x20000386                GPIO28_IRQHandler
                0x20000388                GPIO29_IRQHandler
                0x2000038a                GPIO30_IRQHandler
                0x2000038c                GPIO31_IRQHandler
                0x2000038e                ACE_PC0_Flag0_IRQHandler
                0x20000390                ACE_PC0_Flag1_IRQHandler
                0x20000392                ACE_PC0_Flag2_IRQHandler
                0x20000394                ACE_PC0_Flag3_IRQHandler
                0x20000396                ACE_PC1_Flag0_IRQHandler
                0x20000398                ACE_PC1_Flag1_IRQHandler
                0x2000039a                ACE_PC1_Flag2_IRQHandler
                0x2000039c                ACE_PC1_Flag3_IRQHandler
                0x2000039e                ACE_PC2_Flag0_IRQHandler
                0x200003a0                ACE_PC2_Flag1_IRQHandler
                0x200003a2                ACE_PC2_Flag2_IRQHandler
                0x200003a4                ACE_PC2_Flag3_IRQHandler
                0x200003a6                ACE_ADC0_DataValid_IRQHandler
                0x200003a8                ACE_ADC1_DataValid_IRQHandler
                0x200003aa                ACE_ADC2_DataValid_IRQHandler
                0x200003ac                ACE_ADC0_CalDone_IRQHandler
                0x200003ae                ACE_ADC1_CalDone_IRQHandler
                0x200003b0                ACE_ADC2_CalDone_IRQHandler
                0x200003b2                ACE_ADC0_CalStart_IRQHandler
                0x200003b4                ACE_ADC1_CalStart_IRQHandler
                0x200003b6                ACE_ADC2_CalStart_IRQHandler
                0x200003b8                ACE_Comp0_Fall_IRQHandler
                0x200003ba                ACE_Comp1_Fall_IRQHandler
                0x200003bc                ACE_Comp2_Fall_IRQHandler
                0x200003be                ACE_Comp3_Fall_IRQHandler
                0x200003c0                ACE_Comp4_Fall_IRQHandler
                0x200003c2                ACE_Comp5_Fall_IRQHandler
                0x200003c4                ACE_Comp6_Fall_IRQHandler
                0x200003c6                ACE_Comp7_Fall_IRQHandler
                0x200003c8                ACE_Comp8_Fall_IRQHandler
                0x200003ca                ACE_Comp9_Fall_IRQHandler
                0x200003cc                ACE_Comp10_Fall_IRQHandler
                0x200003ce                ACE_Comp11_Fall_IRQHandler
                0x200003d0                ACE_Comp0_Rise_IRQHandler
                0x200003d2                ACE_Comp1_Rise_IRQHandler
                0x200003d4                ACE_Comp2_Rise_IRQHandler
                0x200003d6                ACE_Comp3_Rise_IRQHandler
                0x200003d8                ACE_Comp4_Rise_IRQHandler
                0x200003da                ACE_Comp5_Rise_IRQHandler
                0x200003dc                ACE_Comp6_Rise_IRQHandler
                0x200003de                ACE_Comp7_Rise_IRQHandler
                0x200003e0                ACE_Comp8_Rise_IRQHandler
                0x200003e2                ACE_Comp9_Rise_IRQHandler
                0x200003e4                ACE_Comp10_Rise_IRQHandler
                0x200003e6                ACE_Comp11_Rise_IRQHandler
                0x200003e8                ACE_ADC0_FifoFull_IRQHandler
                0x200003ea                ACE_ADC0_FifoAFull_IRQHandler
                0x200003ec                ACE_ADC0_FifoEmpty_IRQHandler
                0x200003ee                ACE_ADC1_FifoFull_IRQHandler
                0x200003f0                ACE_ADC1_FifoAFull_IRQHandler
                0x200003f2                ACE_ADC1_FifoEmpty_IRQHandler
                0x200003f4                ACE_ADC2_FifoFull_IRQHandler
                0x200003f6                ACE_ADC2_FifoAFull_IRQHandler
                0x200003f8                ACE_ADC2_FifoEmpty_IRQHandler
 *(.text .text.* .gnu.linkonce.t.*)
 .text          0x20000470       0x30 c:/program files (x86)/microsemi/softconsole v3.3/sourcery-g++/bin/../lib/gcc/arm-none-eabi/4.4.1/thumb2/crtbegin.o
 .text.init_ir_control
                0x200004a0       0xac ./IRcontrol.o
                0x200004a0                init_ir_control
 .text.ir_process_data
                0x2000054c      0x1f8 ./IRcontrol.o
                0x2000054c                ir_process_data
 .text.ir_read  0x20000744      0x290 ./IRcontrol.o
                0x20000744                ir_read
 .text.uart1_rx_handler
                0x200009d4       0xb4 ./main.o
                0x200009d4                uart1_rx_handler
 .text.get_motor_command
                0x20000a88      0x248 ./main.o
                0x20000a88                get_motor_command
 .text.main     0x20000cd0      0x138 ./main.o
                0x20000cd0                main
 .text.NVIC_EnableIRQ
                0x20000e08       0x38 ./pixy.o
 .text.NVIC_DisableIRQ
                0x20000e40       0x3c ./pixy.o
 .text.NVIC_ClearPendingIRQ
                0x20000e7c       0x3c ./pixy.o
 .text.MSS_TIM1_init
                0x20000eb8       0x84 ./pixy.o
 .text.MSS_TIM1_start
                0x20000f3c       0x1c ./pixy.o
 .text.MSS_TIM1_load_background
                0x20000f58       0x20 ./pixy.o
 .text.MSS_TIM1_enable_irq
                0x20000f78       0x20 ./pixy.o
 .text.MSS_TIM1_clear_irq
                0x20000f98       0x1c ./pixy.o
 .text.init_ideal_pixy_dots
                0x20000fb4       0x6c ./pixy.o
                0x20000fb4                init_ideal_pixy_dots
 .text.start_hardware_cont_timer
                0x20001020       0x24 ./pixy.o
                0x20001020                start_hardware_cont_timer
 .text.Timer1_IRQHandler
                0x20001044       0x40 ./pixy.o
                0x20001044                Timer1_IRQHandler
 .text          0x20001084      0x178 N:/eecs373/project/FollowerBot/FollowerBot/SoftConsole/motorCONTROL_MSS_MSS_CM3_0/motorCONTROL_MSS_MSS_CM3_0_hw_platform/Debug/CMSIS/startup_gcc/newlib_stubs.o
                0x20001084                _close
                0x2000108c                _exit
                0x20001090                _fstat
                0x2000109c                _getpid
                0x200010a4                _isatty
                0x200010ac                _lseek
                0x200010b4                _open
                0x200010bc                _read
                0x200010c4                _stat
                0x200010d0                _times
                0x200010d8                _wait
                0x200010ec                _unlink
                0x20001100                _link
                0x20001114                _kill
                0x20001128                _fork
                0x2000113c                _execve
                0x20001150                _write_r
                0x20001198                _sbrk
 .text          0x200011fc      0x9c8 N:\eecs373\project\FollowerBot\FollowerBot\SoftConsole\motorCONTROL_MSS_MSS_CM3_0\motorCONTROL_MSS_MSS_CM3_0_hw_platform\Debug\libmotorCONTROL_MSS_MSS_CM3_0_hw_platform.a(mss_uart.o)
                0x200011fc                MSS_UART_polled_tx
                0x200012a8                MSS_UART_polled_tx_string
                0x20001338                MSS_UART_irq_tx
                0x200013d0                MSS_UART_tx_complete
                0x2000140c                MSS_UART_get_rx
                0x200014a8                MSS_UART_enable_irq
                0x20001510                MSS_UART_disable_irq
                0x20001688                MSS_UART_set_rx_handler
                0x2000172c                MSS_UART_set_loopback
                0x20001764                UART0_IRQHandler
                0x20001794                UART1_IRQHandler
                0x200017c4                MSS_UART_set_rxstatus_handler
                0x20001844                MSS_UART_set_tx_handler
                0x200018cc                MSS_UART_set_modemstatus_handler
                0x2000194c                MSS_UART_fill_tx_fifo
                0x200019e0                MSS_UART_get_rx_status
                0x20001a18                MSS_UART_get_modem_status
                0x20001a40                MSS_UART_get_tx_status
                0x20001a74                MSS_UART_init
 .text          0x20001bc4      0xd88 N:\eecs373\project\FollowerBot\FollowerBot\SoftConsole\motorCONTROL_MSS_MSS_CM3_0\motorCONTROL_MSS_MSS_CM3_0_hw_platform\Debug\libmotorCONTROL_MSS_MSS_CM3_0_hw_platform.a(mss_i2c.o)
                0x20001bc4                MSS_I2C_get_status
                0x20001be4                MSS_I2C_wait_complete
                0x20001c0c                MSS_I2C_system_tick
                0x20001c34                MSS_I2C_set_slave_mem_offset_length
                0x20001c60                MSS_I2C_register_write_handler
                0x20002224                MSS_I2C_smbus_init
                0x20002234                MSS_I2C_enable_smbus_irq
                0x200022e8                MSS_I2C_disable_smbus_irq
                0x20002390                MSS_I2C_suspend_smbus_slave
                0x2000239c                MSS_I2C_resume_smbus_slave
                0x200023a8                MSS_I2C_reset_smbus
                0x200023b4                MSS_I2C_set_smbus_alert
                0x200023c0                MSS_I2C_clear_smbus_alert
                0x200023cc                MSS_I2C_set_gca
                0x200023d8                MSS_I2C_clear_gca
                0x200023e4                MSS_I2C_set_user_data
                0x200023e8                MSS_I2C_get_user_data
                0x200023ec                I2C0_IRQHandler
                0x2000241c                I2C1_IRQHandler
                0x20002468                MSS_I2C_disable_slave
                0x2000249c                MSS_I2C_enable_slave
                0x200024ec                MSS_I2C_set_slave_rx_buffer
                0x20002524                MSS_I2C_set_slave_tx_buffer
                0x2000255c                MSS_I2C_write_read
                0x20002674                MSS_I2C_read
                0x20002754                MSS_I2C_write
                0x20002830                MSS_I2C_init
 .text          0x2000294c      0x5c8 N:\eecs373\project\FollowerBot\FollowerBot\SoftConsole\motorCONTROL_MSS_MSS_CM3_0\motorCONTROL_MSS_MSS_CM3_0_hw_platform\Debug\libmotorCONTROL_MSS_MSS_CM3_0_hw_platform.a(mss_ace.o)
                0x2000294c                ACE_start_adc
                0x2000295c                ACE_get_adc_result
                0x20002988                ACE_configure_sdd
                0x20002a4c                ACE_enable_sdd
                0x20002a6c                ACE_disable_sdd
                0x20002a8c                ACE_set_sdd_value
                0x20002ab0                ACE_set_sdd_value_sync
                0x20002b2c                ACE_set_comp_reference
                0x20002bc8                ACE_set_comp_hysteresis
                0x20002c50                ACE_enable_comp
                0x20002cc0                ACE_disable_comp
                0x20002d30                ACE_enable_comp_rise_irq
                0x20002d54                ACE_disable_comp_rise_irq
                0x20002d88                ACE_clear_comp_rise_irq
                0x20002dbc                ACE_enable_comp_fall_irq
                0x20002de0                ACE_disable_comp_fall_irq
                0x20002e10                ACE_clear_comp_fall_irq
                0x20002e40                ACE_get_comp_status
                0x20002e4c                ACE_get_channel_count
                0x20002e54                ACE_get_first_channel
                0x20002e5c                ACE_get_next_channel
                0x20002e6c                ACE_get_input_channel_handle
                0x20002e9c                ACE_get_ppe_sample
                0x20002ec8                ACE_get_channel_handle
                0x20002f08                ACE_init
 .text          0x20002f14       0xa4 N:\eecs373\project\FollowerBot\FollowerBot\SoftConsole\motorCONTROL_MSS_MSS_CM3_0\motorCONTROL_MSS_MSS_CM3_0_hw_platform\Debug\libmotorCONTROL_MSS_MSS_CM3_0_hw_platform.a(core_cm3.o)
                0x20002f14                __get_PSP
                0x20002f1c                __set_PSP
                0x20002f24                __get_MSP
                0x20002f2c                __set_MSP
                0x20002f34                __get_BASEPRI
                0x20002f3c                __set_BASEPRI
                0x20002f44                __get_PRIMASK
                0x20002f4c                __set_PRIMASK
                0x20002f54                __get_FAULTMASK
                0x20002f5c                __set_FAULTMASK
                0x20002f64                __get_CONTROL
                0x20002f6c                __set_CONTROL
                0x20002f74                __REV
                0x20002f78                __REV16
                0x20002f7c                __REVSH
                0x20002f80                __RBIT
                0x20002f88                __LDREXB
                0x20002f90                __LDREXH
                0x20002f98                __LDREXW
                0x20002fa0                __STREXB
                0x20002fa8                __STREXH
                0x20002fb0                __STREXW
 .text          0x20002fb8      0x10c N:\eecs373\project\FollowerBot\FollowerBot\SoftConsole\motorCONTROL_MSS_MSS_CM3_0\motorCONTROL_MSS_MSS_CM3_0_hw_platform\Debug\libmotorCONTROL_MSS_MSS_CM3_0_hw_platform.a(system_a2fxxxm3.o)
                0x20002fb8                SystemInit
                0x20002fbc                SystemCoreClockUpdate
 .text          0x200030c4      0x5e4 N:\eecs373\project\FollowerBot\FollowerBot\SoftConsole\motorCONTROL_MSS_MSS_CM3_0\motorCONTROL_MSS_MSS_CM3_0_hw_platform\Debug\libmotorCONTROL_MSS_MSS_CM3_0_hw_platform.a(ace_convert.o)
                0x200030c4                ACE_get_channel_type
                0x200030dc                ACE_convert_adc_input_to_mV
                0x2000310c                ace_init_convert
                0x20003204                ACE_convert_to_mV
                0x200032c0                ACE_convert_to_mA
                0x20003328                ACE_convert_to_uA
                0x20003390                ACE_convert_to_Kelvin
                0x200033b0                ACE_convert_to_Celsius
                0x200033c4                ACE_convert_to_Fahrenheit
                0x200033ec                ACE_get_channel_name
                0x20003404                ACE_convert_mV_to_adc_value
                0x2000348c                ACE_convert_from_mV
                0x2000352c                ACE_convert_from_mA
                0x200035a4                ACE_convert_from_uA
                0x2000361c                ACE_convert_from_Kelvin
                0x20003648                ACE_convert_from_Celsius
                0x20003668                ACE_convert_from_Fahrenheit
                0x20003698                ACE_translate_pdma_value
 .text          0x200036a8      0x488 N:\eecs373\project\FollowerBot\FollowerBot\SoftConsole\motorCONTROL_MSS_MSS_CM3_0\motorCONTROL_MSS_MSS_CM3_0_hw_platform\Debug\libmotorCONTROL_MSS_MSS_CM3_0_hw_platform.a(ace_flags.o)
                0x200036a8                ace_init_flags
                0x200036ac                ACE_is_hysteresis_flag
                0x200036b4                ACE_is_under_flag
                0x200036bc                ACE_set_flag_threshold
                0x200036c0                ACE_set_flag_assertion
                0x200036c4                ACE_set_flag_deassertion
                0x200036c8                ACE_set_flag_hysteresis
                0x200036cc                ACE_set_channel_hysteresis
                0x200036d0                ACE_get_flag_handle
                0x200036d8                ACE_get_flag_status
                0x200036e0                ACE_get_flag_name
                0x200036e8                ACE_get_flag_channel
                0x200036f0                ACE_get_channel_flag_count
                0x200036f8                ACE_get_channel_first_flag
                0x20003700                ACE_get_channel_next_flag
                0x20003708                ACE_enable_channel_flags_irq
                0x2000370c                ACE_disable_channel_flags_irq
                0x20003710                ACE_clear_channel_flags_irq
                0x20003714                ACE_enable_flag_irq
                0x20003718                ACE_disable_flag_irq
                0x2000371c                ACE_clear_flag_irq
                0x20003720                ACE_register_flag_isr
                0x20003724                ACE_register_channel_flags_isr
                0x20003728                ACE_register_global_flags_isr
                0x20003730                ACE_PPE_Flag0_IRQHandler
                0x20003750                ACE_PPE_Flag1_IRQHandler
                0x20003770                ACE_PPE_Flag2_IRQHandler
                0x20003790                ACE_PPE_Flag3_IRQHandler
                0x200037b0                ACE_PPE_Flag4_IRQHandler
                0x200037d0                ACE_PPE_Flag5_IRQHandler
                0x200037f0                ACE_PPE_Flag6_IRQHandler
                0x20003810                ACE_PPE_Flag7_IRQHandler
                0x20003830                ACE_PPE_Flag8_IRQHandler
                0x20003850                ACE_PPE_Flag9_IRQHandler
                0x20003870                ACE_PPE_Flag10_IRQHandler
                0x20003890                ACE_PPE_Flag11_IRQHandler
                0x200038b0                ACE_PPE_Flag12_IRQHandler
                0x200038d0                ACE_PPE_Flag13_IRQHandler
                0x200038f0                ACE_PPE_Flag14_IRQHandler
                0x20003910                ACE_PPE_Flag15_IRQHandler
                0x20003930                ACE_PPE_Flag16_IRQHandler
                0x20003950                ACE_PPE_Flag17_IRQHandler
                0x20003970                ACE_PPE_Flag18_IRQHandler
                0x20003990                ACE_PPE_Flag19_IRQHandler
                0x200039b0                ACE_PPE_Flag20_IRQHandler
                0x200039d0                ACE_PPE_Flag21_IRQHandler
                0x200039f0                ACE_PPE_Flag22_IRQHandler
                0x20003a10                ACE_PPE_Flag23_IRQHandler
                0x20003a30                ACE_PPE_Flag24_IRQHandler
                0x20003a50                ACE_PPE_Flag25_IRQHandler
                0x20003a70                ACE_PPE_Flag26_IRQHandler
                0x20003a90                ACE_PPE_Flag27_IRQHandler
                0x20003ab0                ACE_PPE_Flag28_IRQHandler
                0x20003ad0                ACE_PPE_Flag29_IRQHandler
                0x20003af0                ACE_PPE_Flag30_IRQHandler
                0x20003b10                ACE_PPE_Flag31_IRQHandler
 .text          0x20003b30      0x370 c:/program files (x86)/microsemi/softconsole v3.3/sourcery-g++/bin/../lib/gcc/arm-none-eabi/4.4.1/thumb2\libgcc.a(_arm_addsubdf3.o)
                0x20003b30                __aeabi_drsub
                0x20003b38                __aeabi_dsub
                0x20003b38                __subdf3
                0x20003b3c                __aeabi_dadd
                0x20003b3c                __adddf3
                0x20003db4                __floatunsidf
                0x20003db4                __aeabi_ui2d
                0x20003dd4                __floatsidf
                0x20003dd4                __aeabi_i2d
                0x20003df8                __aeabi_f2d
                0x20003df8                __extendsfdf2
                0x20003e34                __floatundidf
                0x20003e34                __aeabi_ul2d
                0x20003e44                __floatdidf
                0x20003e44                __aeabi_l2d
 .text          0x20003ea0      0x424 c:/program files (x86)/microsemi/softconsole v3.3/sourcery-g++/bin/../lib/gcc/arm-none-eabi/4.4.1/thumb2\libgcc.a(_arm_muldivdf3.o)
                0x20003ea0                __aeabi_dmul
                0x20003ea0                __muldf3
                0x200040f4                __divdf3
                0x200040f4                __aeabi_ddiv
 .text          0x200042c4       0x50 c:/program files (x86)/microsemi/softconsole v3.3/sourcery-g++/bin/../lib/gcc/arm-none-eabi/4.4.1/thumb2\libgcc.a(_arm_fixdfsi.o)
                0x200042c4                __aeabi_d2iz
                0x200042c4                __fixdfsi
 .text          0x20004314      0x21c c:/program files (x86)/microsemi/softconsole v3.3/sourcery-g++/bin/../lib/gcc/arm-none-eabi/4.4.1/thumb2\libgcc.a(_arm_addsubsf3.o)
                0x20004314                __aeabi_frsub
                0x2000431c                __subsf3
                0x2000431c                __aeabi_fsub
                0x20004320                __aeabi_fadd
                0x20004320                __addsf3
                0x20004480                __aeabi_ui2f
                0x20004480                __floatunsisf
                0x20004488                __aeabi_i2f
                0x20004488                __floatsisf
                0x200044a4                __aeabi_ul2f
                0x200044a4                __floatundisf
                0x200044b4                __aeabi_l2f
                0x200044b4                __floatdisf
 .text          0x20004530        0xc c:/program files (x86)/microsemi/softconsole v3.3/sourcery-g++/bin/../lib/gcc/arm-none-eabi/4.4.1/../../../../arm-none-eabi/lib/thumb2\libc.a(lib_a-errno.o)
                0x20004530                __errno
 .text          0x2000453c       0x50 c:/program files (x86)/microsemi/softconsole v3.3/sourcery-g++/bin/../lib/gcc/arm-none-eabi/4.4.1/../../../../arm-none-eabi/lib/thumb2\libc.a(lib_a-init.o)
                0x2000453c                __libc_init_array
 .text          0x2000458c       0xd4 c:/program files (x86)/microsemi/softconsole v3.3/sourcery-g++/bin/../lib/gcc/arm-none-eabi/4.4.1/../../../../arm-none-eabi/lib/thumb2\libc.a(lib_a-memset.o)
                0x2000458c                memset
 .text          0x20004660       0x64 c:/program files (x86)/microsemi/softconsole v3.3/sourcery-g++/bin/../lib/gcc/arm-none-eabi/4.4.1/../../../../arm-none-eabi/lib/thumb2\libc.a(lib_a-printf.o)
                0x20004660                printf
                0x20004698                _printf_r
 .text          0x200046c4       0xa8 c:/program files (x86)/microsemi/softconsole v3.3/sourcery-g++/bin/../lib/gcc/arm-none-eabi/4.4.1/../../../../arm-none-eabi/lib/thumb2\libc.a(lib_a-strncmp.o)
                0x200046c4                strncmp
 .text          0x2000476c     0x1940 c:/program files (x86)/microsemi/softconsole v3.3/sourcery-g++/bin/../lib/gcc/arm-none-eabi/4.4.1/../../../../arm-none-eabi/lib/thumb2\libc.a(lib_a-vfprintf.o)
                0x20004788                _vfprintf_r
                0x20006090                vfprintf
 .text          0x200060ac      0x104 c:/program files (x86)/microsemi/softconsole v3.3/sourcery-g++/bin/../lib/gcc/arm-none-eabi/4.4.1/../../../../arm-none-eabi/lib/thumb2\libc.a(lib_a-wsetup.o)
                0x200060ac                __swsetup_r
 .text          0x200061b0      0xfb8 c:/program files (x86)/microsemi/softconsole v3.3/sourcery-g++/bin/../lib/gcc/arm-none-eabi/4.4.1/../../../../arm-none-eabi/lib/thumb2\libc.a(lib_a-dtoa.o)
                0x200062d0                _dtoa_r
 .text          0x20007168      0x178 c:/program files (x86)/microsemi/softconsole v3.3/sourcery-g++/bin/../lib/gcc/arm-none-eabi/4.4.1/../../../../arm-none-eabi/lib/thumb2\libc.a(lib_a-fflush.o)
                0x20007168                _fflush_r
                0x200072b8                fflush
 .text          0x200072e0      0x1c8 c:/program files (x86)/microsemi/softconsole v3.3/sourcery-g++/bin/../lib/gcc/arm-none-eabi/4.4.1/../../../../arm-none-eabi/lib/thumb2\libc.a(lib_a-findfp.o)
                0x200072e0                __sfp_lock_acquire
                0x200072e4                __sfp_lock_release
                0x200072e8                __sinit_lock_acquire
                0x200072ec                __sinit_lock_release
                0x200072f8                __fp_unlock_all
                0x20007310                __fp_lock_all
                0x20007328                _cleanup_r
                0x20007334                _cleanup
                0x20007390                __sfmoreglue
                0x200073c0                __sfp
                0x20007448                __sinit
 .text          0x200074a8      0x268 c:/program files (x86)/microsemi/softconsole v3.3/sourcery-g++/bin/../lib/gcc/arm-none-eabi/4.4.1/../../../../arm-none-eabi/lib/thumb2\libc.a(lib_a-freer.o)
                0x200074a8                _malloc_trim_r
                0x20007550                _free_r
 .text          0x20007710      0x334 c:/program files (x86)/microsemi/softconsole v3.3/sourcery-g++/bin/../lib/gcc/arm-none-eabi/4.4.1/../../../../arm-none-eabi/lib/thumb2\libc.a(lib_a-fvwrite.o)
                0x20007710                __sfvwrite_r
 .text          0x20007a44       0xa0 c:/program files (x86)/microsemi/softconsole v3.3/sourcery-g++/bin/../lib/gcc/arm-none-eabi/4.4.1/../../../../arm-none-eabi/lib/thumb2\libc.a(lib_a-fwalk.o)
                0x20007a44                _fwalk_reent
                0x20007a98                _fwalk
 .text          0x20007ae4       0x74 c:/program files (x86)/microsemi/softconsole v3.3/sourcery-g++/bin/../lib/gcc/arm-none-eabi/4.4.1/../../../../arm-none-eabi/lib/thumb2\libc.a(lib_a-locale.o)
                0x20007ae4                __locale_charset
                0x20007af0                _localeconv_r
                0x20007af8                localeconv
                0x20007b00                _setlocale_r
                0x20007b48                setlocale
 .text          0x20007b58       0xdc c:/program files (x86)/microsemi/softconsole v3.3/sourcery-g++/bin/../lib/gcc/arm-none-eabi/4.4.1/../../../../arm-none-eabi/lib/thumb2\libc.a(lib_a-makebuf.o)
                0x20007b58                __smakebuf_r
 .text          0x20007c34       0x20 c:/program files (x86)/microsemi/softconsole v3.3/sourcery-g++/bin/../lib/gcc/arm-none-eabi/4.4.1/../../../../arm-none-eabi/lib/thumb2\libc.a(lib_a-malloc.o)
                0x20007c34                free
                0x20007c44                malloc
 .text          0x20007c54      0x5a4 c:/program files (x86)/microsemi/softconsole v3.3/sourcery-g++/bin/../lib/gcc/arm-none-eabi/4.4.1/../../../../arm-none-eabi/lib/thumb2\libc.a(lib_a-mallocr.o)
                0x20007c54                _malloc_r
 .text          0x200081f8       0x74 c:/program files (x86)/microsemi/softconsole v3.3/sourcery-g++/bin/../lib/gcc/arm-none-eabi/4.4.1/../../../../arm-none-eabi/lib/thumb2\libc.a(lib_a-memchr.o)
                0x200081f8                memchr
 .text          0x2000826c      0x190 c:/program files (x86)/microsemi/softconsole v3.3/sourcery-g++/bin/../lib/gcc/arm-none-eabi/4.4.1/../../../../arm-none-eabi/lib/thumb2\libc.a(lib_a-memcpy.o)
                0x2000826c                memcpy
 .text          0x200083fc       0xb8 c:/program files (x86)/microsemi/softconsole v3.3/sourcery-g++/bin/../lib/gcc/arm-none-eabi/4.4.1/../../../../arm-none-eabi/lib/thumb2\libc.a(lib_a-memmove.o)
                0x200083fc                memmove
 .text          0x200084b4        0x8 c:/program files (x86)/microsemi/softconsole v3.3/sourcery-g++/bin/../lib/gcc/arm-none-eabi/4.4.1/../../../../arm-none-eabi/lib/thumb2\libc.a(lib_a-mlock.o)
                0x200084b4                __malloc_lock
                0x200084b8                __malloc_unlock
 .text          0x200084bc      0x958 c:/program files (x86)/microsemi/softconsole v3.3/sourcery-g++/bin/../lib/gcc/arm-none-eabi/4.4.1/../../../../arm-none-eabi/lib/thumb2\libc.a(lib_a-mprec.o)
                0x200084bc                __hi0bits
                0x200084fc                __lo0bits
                0x20008560                __mcmp
                0x200085a0                __ulp
                0x200085ec                __b2d
                0x20008694                __ratio
                0x200086f4                _mprec_log10
                0x2000872c                __copybits
                0x2000877c                __any_on
                0x200087d4                _Bfree
                0x2000880c                _Balloc
                0x20008878                __d2b
                0x20008948                __mdiff
                0x20008a40                __lshift
                0x20008afc                __multiply
                0x20008c30                __i2b
                0x20008c44                __multadd
                0x20008ccc                __pow5mult
                0x20008d78                __s2b
 .text          0x20008e14      0x3b4 c:/program files (x86)/microsemi/softconsole v3.3/sourcery-g++/bin/../lib/gcc/arm-none-eabi/4.4.1/../../../../arm-none-eabi/lib/thumb2\libc.a(lib_a-reallocr.o)
                0x20008e14                _realloc_r
 .text          0x200091c8       0x24 c:/program files (x86)/microsemi/softconsole v3.3/sourcery-g++/bin/../lib/gcc/arm-none-eabi/4.4.1/../../../../arm-none-eabi/lib/thumb2\libc.a(lib_a-s_isinfd.o)
                0x200091c8                __isinfd
 .text          0x200091ec       0x1c c:/program files (x86)/microsemi/softconsole v3.3/sourcery-g++/bin/../lib/gcc/arm-none-eabi/4.4.1/../../../../arm-none-eabi/lib/thumb2\libc.a(lib_a-s_isnand.o)
                0x200091ec                __isnand
 .text          0x20009208       0x28 c:/program files (x86)/microsemi/softconsole v3.3/sourcery-g++/bin/../lib/gcc/arm-none-eabi/4.4.1/../../../../arm-none-eabi/lib/thumb2\libc.a(lib_a-sbrkr.o)
                0x20009208                _sbrk_r
 .text          0x20009230       0x90 c:/program files (x86)/microsemi/softconsole v3.3/sourcery-g++/bin/../lib/gcc/arm-none-eabi/4.4.1/../../../../arm-none-eabi/lib/thumb2\libc.a(lib_a-stdio.o)
                0x20009230                __sclose
                0x20009238                __sseek
                0x20009260                __swrite
                0x2000929c                __sread
 .text          0x200092c0      0x1dc c:/program files (x86)/microsemi/softconsole v3.3/sourcery-g++/bin/../lib/gcc/arm-none-eabi/4.4.1/../../../../arm-none-eabi/lib/thumb2\libc.a(lib_a-strcmp.o)
                0x200092c0                strcmp
 .text          0x2000949c       0x60 c:/program files (x86)/microsemi/softconsole v3.3/sourcery-g++/bin/../lib/gcc/arm-none-eabi/4.4.1/../../../../arm-none-eabi/lib/thumb2\libc.a(lib_a-strlen.o)
                0x2000949c                strlen
 .text          0x200094fc       0x5c c:/program files (x86)/microsemi/softconsole v3.3/sourcery-g++/bin/../lib/gcc/arm-none-eabi/4.4.1/../../../../arm-none-eabi/lib/thumb2\libc.a(lib_a-callocr.o)
                0x200094fc                _calloc_r
 .text          0x20009558       0x28 c:/program files (x86)/microsemi/softconsole v3.3/sourcery-g++/bin/../lib/gcc/arm-none-eabi/4.4.1/../../../../arm-none-eabi/lib/thumb2\libc.a(lib_a-closer.o)
                0x20009558                _close_r
 .text          0x20009580       0xcc c:/program files (x86)/microsemi/softconsole v3.3/sourcery-g++/bin/../lib/gcc/arm-none-eabi/4.4.1/../../../../arm-none-eabi/lib/thumb2\libc.a(lib_a-fclose.o)
                0x20009580                _fclose_r
                0x2000963c                fclose
 .text          0x2000964c       0x2c c:/program files (x86)/microsemi/softconsole v3.3/sourcery-g++/bin/../lib/gcc/arm-none-eabi/4.4.1/../../../../arm-none-eabi/lib/thumb2\libc.a(lib_a-fstatr.o)
                0x2000964c                _fstat_r
 .text          0x20009678       0x28 c:/program files (x86)/microsemi/softconsole v3.3/sourcery-g++/bin/../lib/gcc/arm-none-eabi/4.4.1/../../../../arm-none-eabi/lib/thumb2\libc.a(lib_a-isattyr.o)
                0x20009678                _isatty_r
 .text          0x200096a0       0x2c c:/program files (x86)/microsemi/softconsole v3.3/sourcery-g++/bin/../lib/gcc/arm-none-eabi/4.4.1/../../../../arm-none-eabi/lib/thumb2\libc.a(lib_a-lseekr.o)
                0x200096a0                _lseek_r
 .text          0x200096cc       0x2c c:/program files (x86)/microsemi/softconsole v3.3/sourcery-g++/bin/../lib/gcc/arm-none-eabi/4.4.1/../../../../arm-none-eabi/lib/thumb2\libc.a(lib_a-readr.o)
                0x200096cc                _read_r
 .text          0x200096f8      0x278 c:/program files (x86)/microsemi/softconsole v3.3/sourcery-g++/bin/../lib/gcc/arm-none-eabi/4.4.1/thumb2\libgcc.a(_udivsi3.o)
                0x200096f8                __aeabi_uidiv
                0x200096f8                __udivsi3
                0x20009954                __aeabi_uidivmod
 .text          0x20009970        0x4 c:/program files (x86)/microsemi/softconsole v3.3/sourcery-g++/bin/../lib/gcc/arm-none-eabi/4.4.1/thumb2\libgcc.a(_dvmd_tls.o)
                0x20009970                __aeabi_idiv0
                0x20009970                __aeabi_ldiv0
 .text          0x20009974      0x110 c:/program files (x86)/microsemi/softconsole v3.3/sourcery-g++/bin/../lib/gcc/arm-none-eabi/4.4.1/thumb2\libgcc.a(_arm_cmpdf2.o)
                0x20009974                __gtdf2
                0x20009974                __gedf2
                0x2000997c                __ltdf2
                0x2000997c                __ledf2
                0x20009984                __nedf2
                0x20009984                __eqdf2
                0x20009984                __cmpdf2
                0x20009a00                __aeabi_cdrcmple
                0x20009a10                __aeabi_cdcmpeq
                0x20009a10                __aeabi_cdcmple
                0x20009a20                __aeabi_dcmpeq
                0x20009a34                __aeabi_dcmplt
                0x20009a48                __aeabi_dcmple
                0x20009a5c                __aeabi_dcmpge
                0x20009a70                __aeabi_dcmpgt
 .text          0x20009a84       0x2c c:/program files (x86)/microsemi/softconsole v3.3/sourcery-g++/bin/../lib/gcc/arm-none-eabi/4.4.1/thumb2\libgcc.a(_aeabi_uldivmod.o)
                0x20009a84                __aeabi_uldivmod
 .text          0x20009ab0       0x58 c:/program files (x86)/microsemi/softconsole v3.3/sourcery-g++/bin/../lib/gcc/arm-none-eabi/4.4.1/thumb2\libgcc.a(bpabi.o)
                0x20009ab0                __gnu_uldivmod_helper
                0x20009adc                __gnu_ldivmod_helper
 .text          0x20009b08      0x364 c:/program files (x86)/microsemi/softconsole v3.3/sourcery-g++/bin/../lib/gcc/arm-none-eabi/4.4.1/thumb2\libgcc.a(_divdi3.o)
                0x20009b08                __divdi3
 .text          0x20009e6c      0x300 c:/program files (x86)/microsemi/softconsole v3.3/sourcery-g++/bin/../lib/gcc/arm-none-eabi/4.4.1/thumb2\libgcc.a(_udivdi3.o)
                0x20009e6c                __udivdi3
 *(.plt)
 *(.gnu.warning)
 *(.glue_7t)
 .glue_7t       0x00000000        0x0 linker stubs
 *(.glue_7)
 .glue_7        0x00000000        0x0 linker stubs
 *(.vfp11_veneer)
 .vfp11_veneer  0x00000000        0x0 linker stubs
                0x2000a16c                . = ALIGN (0x4)
 *crtbegin.o(.ctors)
 *(EXCLUDE_FILE(*crtend.o) .ctors)
 *(SORT(.ctors.*))
 *crtend.o(.ctors)
 *crtbegin.o(.dtors)
 *(EXCLUDE_FILE(*crtend.o) .dtors)
 *(SORT(.dtors.*))
 *crtend.o(.dtors)
 *(.rodata .rodata.* .gnu.linkonce.r.*)
 .rodata        0x2000a16c       0x50 ./IRcontrol.o
 .rodata.C.18.4679
                0x2000a1bc        0x8 ./main.o
 .rodata.str1.4
                0x2000a1c4       0x1a N:/eecs373/project/FollowerBot/FollowerBot/SoftConsole/motorCONTROL_MSS_MSS_CM3_0/motorCONTROL_MSS_MSS_CM3_0_hw_platform/Debug/CMSIS/startup_gcc/newlib_stubs.o
                                 0x1c (size before relaxing)
 *fill*         0x2000a1de        0x2 00
 .rodata        0x2000a1e0       0x4c N:\eecs373\project\FollowerBot\FollowerBot\SoftConsole\motorCONTROL_MSS_MSS_CM3_0\motorCONTROL_MSS_MSS_CM3_0_hw_platform\Debug\libmotorCONTROL_MSS_MSS_CM3_0_hw_platform.a(mss_ace.o)
                0x2000a220                comp_id_2_scb_lut
 .rodata        0x2000a22c       0x10 N:\eecs373\project\FollowerBot\FollowerBot\SoftConsole\motorCONTROL_MSS_MSS_CM3_0\motorCONTROL_MSS_MSS_CM3_0_hw_platform\Debug\libmotorCONTROL_MSS_MSS_CM3_0_hw_platform.a(system_a2fxxxm3.o)
 .rodata        0x2000a23c       0x90 N:\eecs373\project\FollowerBot\FollowerBot\SoftConsole\motorCONTROL_MSS_MSS_CM3_0\motorCONTROL_MSS_MSS_CM3_0_hw_platform\Debug\libmotorCONTROL_MSS_MSS_CM3_0_hw_platform.a(ace_config.o)
                0x2000a23c                g_ace_current_resistors
                0x2000a244                g_ace_external_varef_used
                0x2000a248                g_ace_channel_0_name
                0x2000a25c                g_ace_channel_1_name
                0x2000a270                g_ace_ppe_transforms_desc_table
                0x2000a280                g_ace_sse_proc_0_name
                0x2000a28c                g_ace_sse_proc_0_sequence
                0x2000a294                g_ace_sse_proc_1_name
                0x2000a2a0                g_ace_sse_proc_1_sequence
 .rodata        0x2000a2cc       0xcc N:\eecs373\project\FollowerBot\FollowerBot\SoftConsole\motorCONTROL_MSS_MSS_CM3_0\motorCONTROL_MSS_MSS_CM3_0_hw_platform\Debug\libmotorCONTROL_MSS_MSS_CM3_0_hw_platform.a(ace_convert.o)
 .rodata        0x2000a398        0x4 c:/program files (x86)/microsemi/softconsole v3.3/sourcery-g++/bin/../lib/gcc/arm-none-eabi/4.4.1/../../../../arm-none-eabi/lib/thumb2\libc.a(lib_a-impure.o)
                0x2000a398                _global_impure_ptr
 .rodata.str1.4
                0x2000a39c        0x2 c:/program files (x86)/microsemi/softconsole v3.3/sourcery-g++/bin/../lib/gcc/arm-none-eabi/4.4.1/../../../../arm-none-eabi/lib/thumb2\libc.a(lib_a-impure.o)
                                  0x4 (size before relaxing)
 *fill*         0x2000a39e        0x2 00
 .rodata        0x2000a3a0       0x20 c:/program files (x86)/microsemi/softconsole v3.3/sourcery-g++/bin/../lib/gcc/arm-none-eabi/4.4.1/../../../../arm-none-eabi/lib/thumb2\libc.a(lib_a-vfprintf.o)
 .rodata.str1.4
                0x2000a3c0       0x42 c:/program files (x86)/microsemi/softconsole v3.3/sourcery-g++/bin/../lib/gcc/arm-none-eabi/4.4.1/../../../../arm-none-eabi/lib/thumb2\libc.a(lib_a-vfprintf.o)
                                 0x44 (size before relaxing)
 *fill*         0x2000a402        0x2 00
 .rodata.str1.4
                0x2000a404       0x10 c:/program files (x86)/microsemi/softconsole v3.3/sourcery-g++/bin/../lib/gcc/arm-none-eabi/4.4.1/../../../../arm-none-eabi/lib/thumb2\libc.a(lib_a-dtoa.o)
                                 0x14 (size before relaxing)
 .rodata        0x2000a414       0x60 c:/program files (x86)/microsemi/softconsole v3.3/sourcery-g++/bin/../lib/gcc/arm-none-eabi/4.4.1/../../../../arm-none-eabi/lib/thumb2\libc.a(lib_a-findfp.o)
                0x2000a414                __sf_fake_stdin
                0x2000a434                __sf_fake_stdout
                0x2000a454                __sf_fake_stderr
 .rodata        0x2000a474       0x34 c:/program files (x86)/microsemi/softconsole v3.3/sourcery-g++/bin/../lib/gcc/arm-none-eabi/4.4.1/../../../../arm-none-eabi/lib/thumb2\libc.a(lib_a-locale.o)
 .rodata.str1.4
                0x2000a4a8       0x10 c:/program files (x86)/microsemi/softconsole v3.3/sourcery-g++/bin/../lib/gcc/arm-none-eabi/4.4.1/../../../../arm-none-eabi/lib/thumb2\libc.a(lib_a-locale.o)
                                 0x18 (size before relaxing)
 .rodata        0x2000a4b8      0x128 c:/program files (x86)/microsemi/softconsole v3.3/sourcery-g++/bin/../lib/gcc/arm-none-eabi/4.4.1/../../../../arm-none-eabi/lib/thumb2\libc.a(lib_a-mprec.o)
                0x2000a4b8                __mprec_tens
                0x2000a590                __mprec_bigtens
                0x2000a5b8                __mprec_tinytens
 *(.ARM.extab* .gnu.linkonce.armextab.*)
 *(.gcc_except_table)
 *(.eh_frame_hdr)
 *(.eh_frame)
 *(.init)
 .init          0x2000a5e0        0x4 c:/program files (x86)/microsemi/softconsole v3.3/sourcery-g++/bin/../lib/gcc/arm-none-eabi/4.4.1/thumb2/crti.o
                0x2000a5e0                _init
 .init          0x2000a5e4        0x8 c:/program files (x86)/microsemi/softconsole v3.3/sourcery-g++/bin/../lib/gcc/arm-none-eabi/4.4.1/thumb2/crtn.o
 *(.fini)
 .fini          0x2000a5ec        0x4 c:/program files (x86)/microsemi/softconsole v3.3/sourcery-g++/bin/../lib/gcc/arm-none-eabi/4.4.1/thumb2/crti.o
                0x2000a5ec                _fini
 .fini          0x2000a5f0        0x8 c:/program files (x86)/microsemi/softconsole v3.3/sourcery-g++/bin/../lib/gcc/arm-none-eabi/4.4.1/thumb2/crtn.o
                0x2000a5f8                PROVIDE (__preinit_array_start, .)
 *(.preinit_array)
                0x2000a5f8                PROVIDE (__preinit_array_end, .)
                0x2000a5f8                PROVIDE (__init_array_start, .)
 *(SORT(.init_array.*))
 *(.init_array)
 .init_array    0x2000a5f8        0x4 c:/program files (x86)/microsemi/softconsole v3.3/sourcery-g++/bin/../lib/gcc/arm-none-eabi/4.4.1/thumb2/crtbegin.o
                0x2000a5fc                PROVIDE (__init_array_end, .)
                0x2000a5fc                PROVIDE (__fini_array_start, .)
 *(.fini_array)
 .fini_array    0x2000a5fc        0x4 c:/program files (x86)/microsemi/softconsole v3.3/sourcery-g++/bin/../lib/gcc/arm-none-eabi/4.4.1/thumb2/crtbegin.o
 *(SORT(.fini_array.*))
                0x2000a600                PROVIDE (__fini_array_end, .)
                0x2000a600                __exidx_start = .

.v4_bx          0x2000a600        0x0
 .v4_bx         0x00000000        0x0 linker stubs

.ARM.exidx      0x2000a600        0x8
 *(.ARM.exidx* .gnu.linkonce.armexidx.*)
 .ARM.exidx     0x2000a600        0x8 c:/program files (x86)/microsemi/softconsole v3.3/sourcery-g++/bin/../lib/gcc/arm-none-eabi/4.4.1/thumb2\libgcc.a(_divdi3.o)
 .ARM.exidx     0x2000a608        0x0 c:/program files (x86)/microsemi/softconsole v3.3/sourcery-g++/bin/../lib/gcc/arm-none-eabi/4.4.1/thumb2\libgcc.a(_udivdi3.o)
                                  0x8 (size before relaxing)
                0x2000a608                __exidx_end = .
                0x2000a608                _etext = .
                0x2000a608                PROVIDE (__text_end, .)

.data           0x2000a608      0x580
                0x2000a608                __data_load = LOADADDR (.data)
                0x2000a608                _sidata = LOADADDR (.data)
                0x2000a608                __data_start = .
                0x2000a608                _sdata = .
 *(.jcr)
 .jcr           0x2000a608        0x0 c:/program files (x86)/microsemi/softconsole v3.3/sourcery-g++/bin/../lib/gcc/arm-none-eabi/4.4.1/thumb2/crtbegin.o
 .jcr           0x2000a608        0x4 c:/program files (x86)/microsemi/softconsole v3.3/sourcery-g++/bin/../lib/gcc/arm-none-eabi/4.4.1/thumb2/crtend.o
 *(.got.plt)
 *(.got)
 *(.shdata)
 *(.data .data.* .gnu.linkonce.d.*)
 .data.MOTOR_INPUTS
                0x2000a60c        0x4 ./main.o
                0x2000a60c                MOTOR_INPUTS
 .data.LEFT_MOTOR
                0x2000a610        0x4 ./main.o
                0x2000a610                LEFT_MOTOR
 .data.RIGHT_MOTOR
                0x2000a614        0x4 ./main.o
                0x2000a614                RIGHT_MOTOR
 .data.mode     0x2000a618        0x4 ./main.o
                0x2000a618                mode
 .data          0x2000a61c       0x18 N:\eecs373\project\FollowerBot\FollowerBot\SoftConsole\motorCONTROL_MSS_MSS_CM3_0\motorCONTROL_MSS_MSS_CM3_0_hw_platform\Debug\libmotorCONTROL_MSS_MSS_CM3_0_hw_platform.a(system_a2fxxxm3.o)
                0x2000a61c                SystemCoreClock
                0x2000a620                g_FrequencyPCLK0
                0x2000a624                g_FrequencyPCLK1
                0x2000a628                g_FrequencyACE
                0x2000a62c                g_FrequencyFPGA
                0x2000a630                SystemFrequency
 .data          0x2000a634       0x50 N:\eecs373\project\FollowerBot\FollowerBot\SoftConsole\motorCONTROL_MSS_MSS_CM3_0\motorCONTROL_MSS_MSS_CM3_0_hw_platform\Debug\libmotorCONTROL_MSS_MSS_CM3_0_hw_platform.a(ace_config.o)
                0x2000a634                g_ace_adc_config
                0x2000a63c                g_ace_channel_desc_table
                0x2000a65c                g_sse_sequences_desc_table
 .data          0x2000a684       0xf4 c:/program files (x86)/microsemi/softconsole v3.3/sourcery-g++/bin/../lib/gcc/arm-none-eabi/4.4.1/../../../../arm-none-eabi/lib/thumb2\libc.a(lib_a-impure.o)
                0x2000a684                _impure_ptr
 .data          0x2000a778      0x410 c:/program files (x86)/microsemi/softconsole v3.3/sourcery-g++/bin/../lib/gcc/arm-none-eabi/4.4.1/../../../../arm-none-eabi/lib/thumb2\libc.a(lib_a-mallocr.o)
                0x2000a778                __malloc_av_
                0x2000ab80                __malloc_sbrk_base
                0x2000ab84                __malloc_trim_threshold
                0x2000ab88                . = ALIGN (0x4)
                0x2000ab88                _edata = .

.bss            0x2000ab88      0x2e0
                0x2000ab88                __bss_start__ = .
                0x2000ab88                _sbss = .
 *(.shbss)
 *(.bss .bss.* .gnu.linkonce.b.*)
 .bss           0x2000ab88        0x1 c:/program files (x86)/microsemi/softconsole v3.3/sourcery-g++/bin/../lib/gcc/arm-none-eabi/4.4.1/thumb2/crtbegin.o
 *fill*         0x2000ab89        0x3 00
 .bss.right_wheel_direction
                0x2000ab8c        0x4 ./main.o
                0x2000ab8c                right_wheel_direction
 .bss.left_wheel_direction
                0x2000ab90        0x4 ./main.o
                0x2000ab90                left_wheel_direction
 .bss.left_duty_cycle
                0x2000ab94        0x4 ./main.o
                0x2000ab94                left_duty_cycle
 .bss.right_duty_cycle
                0x2000ab98        0x4 ./main.o
                0x2000ab98                right_duty_cycle
 .bss.prev_right_duty_cycle
                0x2000ab9c        0x4 ./main.o
                0x2000ab9c                prev_right_duty_cycle
 .bss.prev_left_duty_cycle
                0x2000aba0        0x4 ./main.o
                0x2000aba0                prev_left_duty_cycle
 .bss           0x2000aba4        0xc N:/eecs373/project/FollowerBot/FollowerBot/SoftConsole/motorCONTROL_MSS_MSS_CM3_0/motorCONTROL_MSS_MSS_CM3_0_hw_platform/Debug/CMSIS/startup_gcc/newlib_stubs.o
                0x2000abac                __env
 .bss           0x2000abb0       0x10 N:\eecs373\project\FollowerBot\FollowerBot\SoftConsole\motorCONTROL_MSS_MSS_CM3_0\motorCONTROL_MSS_MSS_CM3_0_hw_platform\Debug\libmotorCONTROL_MSS_MSS_CM3_0_hw_platform.a(ace_convert.o)
 .bss           0x2000abc0       0x34 c:/program files (x86)/microsemi/softconsole v3.3/sourcery-g++/bin/../lib/gcc/arm-none-eabi/4.4.1/../../../../arm-none-eabi/lib/thumb2\libc.a(lib_a-mallocr.o)
                0x2000abc0                __malloc_top_pad
                0x2000abc4                __malloc_current_mallinfo
                0x2000abec                __malloc_max_sbrked_mem
                0x2000abf0                __malloc_max_total_mem
 *(COMMON)
 COMMON         0x2000abf4       0x90 ./IRcontrol.o
                0x2000abf4                ir_error
                0x2000abf8                ir_front_ave
                0x2000abfc                ir_error_samples
                0x2000ac10                sample_index
                0x2000ac14                ir_back_ave
                0x2000ac18                ir_front_sum
                0x2000ac1c                adc_handler_f
                0x2000ac20                ir_back_samples
                0x2000ac48                adc_handler_b
                0x2000ac4c                ir_error_sum
                0x2000ac50                ir_error_index
                0x2000ac54                ir_dir
                0x2000ac58                ir_front_samples
                0x2000ac80                ir_back_sum
 COMMON         0x2000ac84       0xa4 ./main.o
                0x2000ac84                update_pixy_data_flag
                0x2000ac88                pixy_ideal_green
                0x2000ac98                pixy_data
                0x2000acc4                receive_buf
 COMMON         0x2000ad28       0x50 N:\eecs373\project\FollowerBot\FollowerBot\SoftConsole\motorCONTROL_MSS_MSS_CM3_0\motorCONTROL_MSS_MSS_CM3_0_hw_platform\Debug\libmotorCONTROL_MSS_MSS_CM3_0_hw_platform.a(mss_uart.o)
                0x2000ad28                g_mss_uart1
                0x2000ad50                g_mss_uart0
 COMMON         0x2000ad78       0xe8 N:\eecs373\project\FollowerBot\FollowerBot\SoftConsole\motorCONTROL_MSS_MSS_CM3_0\motorCONTROL_MSS_MSS_CM3_0_hw_platform\Debug\libmotorCONTROL_MSS_MSS_CM3_0_hw_platform.a(mss_i2c.o)
                0x2000ad78                g_mss_i2c0
                0x2000adec                g_mss_i2c1
 COMMON         0x2000ae60        0x4 c:/program files (x86)/microsemi/softconsole v3.3/sourcery-g++/bin/../lib/gcc/arm-none-eabi/4.4.1/../../../../arm-none-eabi/lib/thumb2\libc.a(lib_a-reent.o)
                0x2000ae60                errno
                0x2000ae68                . = ALIGN (0x8)
 *fill*         0x2000ae64        0x4 00
                0x2000ae68                __bss_end__ = .
                0x2000ae68                _end = .
                0x2000ae68                __end = _end
                0x2000ae68                _ebss = .
                0x2000ae68                PROVIDE (end, .)

.stack          0x2000ae68     0x3000
                0x2000ae68                . = ALIGN (0x4)
                0x2000be68                . = (. + PROCESS_STACK_SIZE)
 *fill*         0x2000ae68     0x1000 00
                0x2000be68                . = ALIGN (0x4)
                0x2000de68                . = (. + MAIN_STACK_SIZE)
 *fill*         0x2000be68     0x2000 00
                0x2000de68                . = ALIGN (0x4)

.stab
 *(.stab)

.stabstr
 *(.stabstr)

.debug
 *(.debug)

.line
 *(.line)

.debug_srcinfo
 *(.debug_srcinfo)

.debug_sfnames
 *(.debug_sfnames)

.comment        0x00000000      0x204
 .comment       0x00000000       0x2b ./IRcontrol.o
 .comment       0x0000002b       0x2b ./main.o
 .comment       0x00000056       0x2b ./pixy.o
 .comment       0x00000081       0x2b N:/eecs373/project/FollowerBot/FollowerBot/SoftConsole/motorCONTROL_MSS_MSS_CM3_0/motorCONTROL_MSS_MSS_CM3_0_hw_platform/Debug/CMSIS/startup_gcc/newlib_stubs.o
 .comment       0x000000ac       0x2b N:\eecs373\project\FollowerBot\FollowerBot\SoftConsole\motorCONTROL_MSS_MSS_CM3_0\motorCONTROL_MSS_MSS_CM3_0_hw_platform\Debug\libmotorCONTROL_MSS_MSS_CM3_0_hw_platform.a(mss_uart.o)
 .comment       0x000000d7       0x2b N:\eecs373\project\FollowerBot\FollowerBot\SoftConsole\motorCONTROL_MSS_MSS_CM3_0\motorCONTROL_MSS_MSS_CM3_0_hw_platform\Debug\libmotorCONTROL_MSS_MSS_CM3_0_hw_platform.a(mss_i2c.o)
 .comment       0x00000102       0x2b N:\eecs373\project\FollowerBot\FollowerBot\SoftConsole\motorCONTROL_MSS_MSS_CM3_0\motorCONTROL_MSS_MSS_CM3_0_hw_platform\Debug\libmotorCONTROL_MSS_MSS_CM3_0_hw_platform.a(mss_ace.o)
 .comment       0x0000012d       0x2b N:\eecs373\project\FollowerBot\FollowerBot\SoftConsole\motorCONTROL_MSS_MSS_CM3_0\motorCONTROL_MSS_MSS_CM3_0_hw_platform\Debug\libmotorCONTROL_MSS_MSS_CM3_0_hw_platform.a(core_cm3.o)
 .comment       0x00000158       0x2b N:\eecs373\project\FollowerBot\FollowerBot\SoftConsole\motorCONTROL_MSS_MSS_CM3_0\motorCONTROL_MSS_MSS_CM3_0_hw_platform\Debug\libmotorCONTROL_MSS_MSS_CM3_0_hw_platform.a(system_a2fxxxm3.o)
 .comment       0x00000183       0x2b N:\eecs373\project\FollowerBot\FollowerBot\SoftConsole\motorCONTROL_MSS_MSS_CM3_0\motorCONTROL_MSS_MSS_CM3_0_hw_platform\Debug\libmotorCONTROL_MSS_MSS_CM3_0_hw_platform.a(ace_config.o)
 .comment       0x000001ae       0x2b N:\eecs373\project\FollowerBot\FollowerBot\SoftConsole\motorCONTROL_MSS_MSS_CM3_0\motorCONTROL_MSS_MSS_CM3_0_hw_platform\Debug\libmotorCONTROL_MSS_MSS_CM3_0_hw_platform.a(ace_convert.o)
 .comment       0x000001d9       0x2b N:\eecs373\project\FollowerBot\FollowerBot\SoftConsole\motorCONTROL_MSS_MSS_CM3_0\motorCONTROL_MSS_MSS_CM3_0_hw_platform\Debug\libmotorCONTROL_MSS_MSS_CM3_0_hw_platform.a(ace_flags.o)

.debug_aranges  0x00000000      0x1f8
 *(.debug_aranges)
 .debug_aranges
                0x00000000       0x30 ./IRcontrol.o
 .debug_aranges
                0x00000030       0x30 ./main.o
 .debug_aranges
                0x00000060       0x98 ./pixy.o
 .debug_aranges
                0x000000f8       0x20 N:/eecs373/project/FollowerBot/FollowerBot/SoftConsole/motorCONTROL_MSS_MSS_CM3_0/motorCONTROL_MSS_MSS_CM3_0_hw_platform/Debug/CMSIS/startup_gcc/newlib_stubs.o
 .debug_aranges
                0x00000118       0x20 N:\eecs373\project\FollowerBot\FollowerBot\SoftConsole\motorCONTROL_MSS_MSS_CM3_0\motorCONTROL_MSS_MSS_CM3_0_hw_platform\Debug\libmotorCONTROL_MSS_MSS_CM3_0_hw_platform.a(mss_uart.o)
 .debug_aranges
                0x00000138       0x20 N:\eecs373\project\FollowerBot\FollowerBot\SoftConsole\motorCONTROL_MSS_MSS_CM3_0\motorCONTROL_MSS_MSS_CM3_0_hw_platform\Debug\libmotorCONTROL_MSS_MSS_CM3_0_hw_platform.a(mss_i2c.o)
 .debug_aranges
                0x00000158       0x20 N:\eecs373\project\FollowerBot\FollowerBot\SoftConsole\motorCONTROL_MSS_MSS_CM3_0\motorCONTROL_MSS_MSS_CM3_0_hw_platform\Debug\libmotorCONTROL_MSS_MSS_CM3_0_hw_platform.a(mss_ace.o)
 .debug_aranges
                0x00000178       0x20 N:\eecs373\project\FollowerBot\FollowerBot\SoftConsole\motorCONTROL_MSS_MSS_CM3_0\motorCONTROL_MSS_MSS_CM3_0_hw_platform\Debug\libmotorCONTROL_MSS_MSS_CM3_0_hw_platform.a(core_cm3.o)
 .debug_aranges
                0x00000198       0x20 N:\eecs373\project\FollowerBot\FollowerBot\SoftConsole\motorCONTROL_MSS_MSS_CM3_0\motorCONTROL_MSS_MSS_CM3_0_hw_platform\Debug\libmotorCONTROL_MSS_MSS_CM3_0_hw_platform.a(system_a2fxxxm3.o)
 .debug_aranges
                0x000001b8       0x20 N:\eecs373\project\FollowerBot\FollowerBot\SoftConsole\motorCONTROL_MSS_MSS_CM3_0\motorCONTROL_MSS_MSS_CM3_0_hw_platform\Debug\libmotorCONTROL_MSS_MSS_CM3_0_hw_platform.a(ace_convert.o)
 .debug_aranges
                0x000001d8       0x20 N:\eecs373\project\FollowerBot\FollowerBot\SoftConsole\motorCONTROL_MSS_MSS_CM3_0\motorCONTROL_MSS_MSS_CM3_0_hw_platform\Debug\libmotorCONTROL_MSS_MSS_CM3_0_hw_platform.a(ace_flags.o)

.debug_pubnames
                0x00000000     0x1917
 *(.debug_pubnames)
 .debug_pubnames
                0x00000000      0x137 ./IRcontrol.o
 .debug_pubnames
                0x00000137      0x293 ./main.o
 .debug_pubnames
                0x000003ca      0x10e ./pixy.o
 .debug_pubnames
                0x000004d8       0xeb N:/eecs373/project/FollowerBot/FollowerBot/SoftConsole/motorCONTROL_MSS_MSS_CM3_0/motorCONTROL_MSS_MSS_CM3_0_hw_platform/Debug/CMSIS/startup_gcc/newlib_stubs.o
 .debug_pubnames
                0x000005c3      0x21c N:\eecs373\project\FollowerBot\FollowerBot\SoftConsole\motorCONTROL_MSS_MSS_CM3_0\motorCONTROL_MSS_MSS_CM3_0_hw_platform\Debug\libmotorCONTROL_MSS_MSS_CM3_0_hw_platform.a(mss_uart.o)
 .debug_pubnames
                0x000007df      0x2eb N:\eecs373\project\FollowerBot\FollowerBot\SoftConsole\motorCONTROL_MSS_MSS_CM3_0\motorCONTROL_MSS_MSS_CM3_0_hw_platform\Debug\libmotorCONTROL_MSS_MSS_CM3_0_hw_platform.a(mss_i2c.o)
 .debug_pubnames
                0x00000aca      0x292 N:\eecs373\project\FollowerBot\FollowerBot\SoftConsole\motorCONTROL_MSS_MSS_CM3_0\motorCONTROL_MSS_MSS_CM3_0_hw_platform\Debug\libmotorCONTROL_MSS_MSS_CM3_0_hw_platform.a(mss_ace.o)
 .debug_pubnames
                0x00000d5c      0x159 N:\eecs373\project\FollowerBot\FollowerBot\SoftConsole\motorCONTROL_MSS_MSS_CM3_0\motorCONTROL_MSS_MSS_CM3_0_hw_platform\Debug\libmotorCONTROL_MSS_MSS_CM3_0_hw_platform.a(core_cm3.o)
 .debug_pubnames
                0x00000eb5       0xb4 N:\eecs373\project\FollowerBot\FollowerBot\SoftConsole\motorCONTROL_MSS_MSS_CM3_0\motorCONTROL_MSS_MSS_CM3_0_hw_platform\Debug\libmotorCONTROL_MSS_MSS_CM3_0_hw_platform.a(system_a2fxxxm3.o)
 .debug_pubnames
                0x00000f69      0x163 N:\eecs373\project\FollowerBot\FollowerBot\SoftConsole\motorCONTROL_MSS_MSS_CM3_0\motorCONTROL_MSS_MSS_CM3_0_hw_platform\Debug\libmotorCONTROL_MSS_MSS_CM3_0_hw_platform.a(ace_config.o)
 .debug_pubnames
                0x000010cc      0x1ec N:\eecs373\project\FollowerBot\FollowerBot\SoftConsole\motorCONTROL_MSS_MSS_CM3_0\motorCONTROL_MSS_MSS_CM3_0_hw_platform\Debug\libmotorCONTROL_MSS_MSS_CM3_0_hw_platform.a(ace_convert.o)
 .debug_pubnames
                0x000012b8      0x65f N:\eecs373\project\FollowerBot\FollowerBot\SoftConsole\motorCONTROL_MSS_MSS_CM3_0\motorCONTROL_MSS_MSS_CM3_0_hw_platform\Debug\libmotorCONTROL_MSS_MSS_CM3_0_hw_platform.a(ace_flags.o)

.debug_info     0x00000000     0xc6b7
 *(.debug_info .gnu.linkonce.wi.*)
 .debug_info    0x00000000      0x2dc ./IRcontrol.o
 .debug_info    0x000002dc     0x169f ./main.o
 .debug_info    0x0000197b     0x160c ./pixy.o
 .debug_info    0x00002f87     0x10e7 N:/eecs373/project/FollowerBot/FollowerBot/SoftConsole/motorCONTROL_MSS_MSS_CM3_0/motorCONTROL_MSS_MSS_CM3_0_hw_platform/Debug/CMSIS/startup_gcc/newlib_stubs.o
 .debug_info    0x0000406e     0x173c N:\eecs373\project\FollowerBot\FollowerBot\SoftConsole\motorCONTROL_MSS_MSS_CM3_0\motorCONTROL_MSS_MSS_CM3_0_hw_platform\Debug\libmotorCONTROL_MSS_MSS_CM3_0_hw_platform.a(mss_uart.o)
 .debug_info    0x000057aa     0x1907 N:\eecs373\project\FollowerBot\FollowerBot\SoftConsole\motorCONTROL_MSS_MSS_CM3_0\motorCONTROL_MSS_MSS_CM3_0_hw_platform\Debug\libmotorCONTROL_MSS_MSS_CM3_0_hw_platform.a(mss_i2c.o)
 .debug_info    0x000070b1     0x1add N:\eecs373\project\FollowerBot\FollowerBot\SoftConsole\motorCONTROL_MSS_MSS_CM3_0\motorCONTROL_MSS_MSS_CM3_0_hw_platform\Debug\libmotorCONTROL_MSS_MSS_CM3_0_hw_platform.a(mss_ace.o)
 .debug_info    0x00008b8e      0x531 N:\eecs373\project\FollowerBot\FollowerBot\SoftConsole\motorCONTROL_MSS_MSS_CM3_0\motorCONTROL_MSS_MSS_CM3_0_hw_platform\Debug\libmotorCONTROL_MSS_MSS_CM3_0_hw_platform.a(core_cm3.o)
 .debug_info    0x000090bf      0x571 N:\eecs373\project\FollowerBot\FollowerBot\SoftConsole\motorCONTROL_MSS_MSS_CM3_0\motorCONTROL_MSS_MSS_CM3_0_hw_platform\Debug\libmotorCONTROL_MSS_MSS_CM3_0_hw_platform.a(system_a2fxxxm3.o)
 .debug_info    0x00009630      0x4a7 N:\eecs373\project\FollowerBot\FollowerBot\SoftConsole\motorCONTROL_MSS_MSS_CM3_0\motorCONTROL_MSS_MSS_CM3_0_hw_platform\Debug\libmotorCONTROL_MSS_MSS_CM3_0_hw_platform.a(ace_config.o)
 .debug_info    0x00009ad7     0x1a31 N:\eecs373\project\FollowerBot\FollowerBot\SoftConsole\motorCONTROL_MSS_MSS_CM3_0\motorCONTROL_MSS_MSS_CM3_0_hw_platform\Debug\libmotorCONTROL_MSS_MSS_CM3_0_hw_platform.a(ace_convert.o)
 .debug_info    0x0000b508     0x11af N:\eecs373\project\FollowerBot\FollowerBot\SoftConsole\motorCONTROL_MSS_MSS_CM3_0\motorCONTROL_MSS_MSS_CM3_0_hw_platform\Debug\libmotorCONTROL_MSS_MSS_CM3_0_hw_platform.a(ace_flags.o)

.debug_abbrev   0x00000000     0x16ea
 *(.debug_abbrev)
 .debug_abbrev  0x00000000       0xf0 ./IRcontrol.o
 .debug_abbrev  0x000000f0      0x20f ./main.o
 .debug_abbrev  0x000002ff      0x275 ./pixy.o
 .debug_abbrev  0x00000574      0x24f N:/eecs373/project/FollowerBot/FollowerBot/SoftConsole/motorCONTROL_MSS_MSS_CM3_0/motorCONTROL_MSS_MSS_CM3_0_hw_platform/Debug/CMSIS/startup_gcc/newlib_stubs.o
 .debug_abbrev  0x000007c3      0x304 N:\eecs373\project\FollowerBot\FollowerBot\SoftConsole\motorCONTROL_MSS_MSS_CM3_0\motorCONTROL_MSS_MSS_CM3_0_hw_platform\Debug\libmotorCONTROL_MSS_MSS_CM3_0_hw_platform.a(mss_uart.o)
 .debug_abbrev  0x00000ac7      0x2d8 N:\eecs373\project\FollowerBot\FollowerBot\SoftConsole\motorCONTROL_MSS_MSS_CM3_0\motorCONTROL_MSS_MSS_CM3_0_hw_platform\Debug\libmotorCONTROL_MSS_MSS_CM3_0_hw_platform.a(mss_i2c.o)
 .debug_abbrev  0x00000d9f      0x2d4 N:\eecs373\project\FollowerBot\FollowerBot\SoftConsole\motorCONTROL_MSS_MSS_CM3_0\motorCONTROL_MSS_MSS_CM3_0_hw_platform\Debug\libmotorCONTROL_MSS_MSS_CM3_0_hw_platform.a(mss_ace.o)
 .debug_abbrev  0x00001073       0xc3 N:\eecs373\project\FollowerBot\FollowerBot\SoftConsole\motorCONTROL_MSS_MSS_CM3_0\motorCONTROL_MSS_MSS_CM3_0_hw_platform\Debug\libmotorCONTROL_MSS_MSS_CM3_0_hw_platform.a(core_cm3.o)
 .debug_abbrev  0x00001136      0x152 N:\eecs373\project\FollowerBot\FollowerBot\SoftConsole\motorCONTROL_MSS_MSS_CM3_0\motorCONTROL_MSS_MSS_CM3_0_hw_platform\Debug\libmotorCONTROL_MSS_MSS_CM3_0_hw_platform.a(system_a2fxxxm3.o)
 .debug_abbrev  0x00001288       0xbd N:\eecs373\project\FollowerBot\FollowerBot\SoftConsole\motorCONTROL_MSS_MSS_CM3_0\motorCONTROL_MSS_MSS_CM3_0_hw_platform\Debug\libmotorCONTROL_MSS_MSS_CM3_0_hw_platform.a(ace_config.o)
 .debug_abbrev  0x00001345      0x1e3 N:\eecs373\project\FollowerBot\FollowerBot\SoftConsole\motorCONTROL_MSS_MSS_CM3_0\motorCONTROL_MSS_MSS_CM3_0_hw_platform\Debug\libmotorCONTROL_MSS_MSS_CM3_0_hw_platform.a(ace_convert.o)
 .debug_abbrev  0x00001528      0x1c2 N:\eecs373\project\FollowerBot\FollowerBot\SoftConsole\motorCONTROL_MSS_MSS_CM3_0\motorCONTROL_MSS_MSS_CM3_0_hw_platform\Debug\libmotorCONTROL_MSS_MSS_CM3_0_hw_platform.a(ace_flags.o)

.debug_line     0x00000000     0x3841
 *(.debug_line)
 .debug_line    0x00000000      0x2a4 ./IRcontrol.o
 .debug_line    0x000002a4      0xa39 ./main.o
 .debug_line    0x00000cdd      0x727 ./pixy.o
 .debug_line    0x00001404      0x464 N:/eecs373/project/FollowerBot/FollowerBot/SoftConsole/motorCONTROL_MSS_MSS_CM3_0/motorCONTROL_MSS_MSS_CM3_0_hw_platform/Debug/CMSIS/startup_gcc/newlib_stubs.o
 .debug_line    0x00001868      0x519 N:\eecs373\project\FollowerBot\FollowerBot\SoftConsole\motorCONTROL_MSS_MSS_CM3_0\motorCONTROL_MSS_MSS_CM3_0_hw_platform\Debug\libmotorCONTROL_MSS_MSS_CM3_0_hw_platform.a(mss_uart.o)
 .debug_line    0x00001d81      0x64a N:\eecs373\project\FollowerBot\FollowerBot\SoftConsole\motorCONTROL_MSS_MSS_CM3_0\motorCONTROL_MSS_MSS_CM3_0_hw_platform\Debug\libmotorCONTROL_MSS_MSS_CM3_0_hw_platform.a(mss_i2c.o)
 .debug_line    0x000023cb      0x4d4 N:\eecs373\project\FollowerBot\FollowerBot\SoftConsole\motorCONTROL_MSS_MSS_CM3_0\motorCONTROL_MSS_MSS_CM3_0_hw_platform\Debug\libmotorCONTROL_MSS_MSS_CM3_0_hw_platform.a(mss_ace.o)
 .debug_line    0x0000289f      0x13f N:\eecs373\project\FollowerBot\FollowerBot\SoftConsole\motorCONTROL_MSS_MSS_CM3_0\motorCONTROL_MSS_MSS_CM3_0_hw_platform\Debug\libmotorCONTROL_MSS_MSS_CM3_0_hw_platform.a(core_cm3.o)
 .debug_line    0x000029de      0x291 N:\eecs373\project\FollowerBot\FollowerBot\SoftConsole\motorCONTROL_MSS_MSS_CM3_0\motorCONTROL_MSS_MSS_CM3_0_hw_platform\Debug\libmotorCONTROL_MSS_MSS_CM3_0_hw_platform.a(system_a2fxxxm3.o)
 .debug_line    0x00002c6f      0x1bd N:\eecs373\project\FollowerBot\FollowerBot\SoftConsole\motorCONTROL_MSS_MSS_CM3_0\motorCONTROL_MSS_MSS_CM3_0_hw_platform\Debug\libmotorCONTROL_MSS_MSS_CM3_0_hw_platform.a(ace_config.o)
 .debug_line    0x00002e2c      0x3e8 N:\eecs373\project\FollowerBot\FollowerBot\SoftConsole\motorCONTROL_MSS_MSS_CM3_0\motorCONTROL_MSS_MSS_CM3_0_hw_platform\Debug\libmotorCONTROL_MSS_MSS_CM3_0_hw_platform.a(ace_convert.o)
 .debug_line    0x00003214      0x62d N:\eecs373\project\FollowerBot\FollowerBot\SoftConsole\motorCONTROL_MSS_MSS_CM3_0\motorCONTROL_MSS_MSS_CM3_0_hw_platform\Debug\libmotorCONTROL_MSS_MSS_CM3_0_hw_platform.a(ace_flags.o)

.debug_frame    0x00000000     0x1f7c
 *(.debug_frame)
 .debug_frame   0x00000000       0x70 ./IRcontrol.o
 .debug_frame   0x00000070       0x78 ./main.o
 .debug_frame   0x000000e8      0x1d4 ./pixy.o
 .debug_frame   0x000002bc      0x174 N:/eecs373/project/FollowerBot/FollowerBot/SoftConsole/motorCONTROL_MSS_MSS_CM3_0/motorCONTROL_MSS_MSS_CM3_0_hw_platform/Debug/CMSIS/startup_gcc/newlib_stubs.o
 .debug_frame   0x00000430      0x1f0 N:\eecs373\project\FollowerBot\FollowerBot\SoftConsole\motorCONTROL_MSS_MSS_CM3_0\motorCONTROL_MSS_MSS_CM3_0_hw_platform\Debug\libmotorCONTROL_MSS_MSS_CM3_0_hw_platform.a(mss_uart.o)
 .debug_frame   0x00000620      0x2bc N:\eecs373\project\FollowerBot\FollowerBot\SoftConsole\motorCONTROL_MSS_MSS_CM3_0\motorCONTROL_MSS_MSS_CM3_0_hw_platform\Debug\libmotorCONTROL_MSS_MSS_CM3_0_hw_platform.a(mss_i2c.o)
 .debug_frame   0x000008dc      0x1fc N:\eecs373\project\FollowerBot\FollowerBot\SoftConsole\motorCONTROL_MSS_MSS_CM3_0\motorCONTROL_MSS_MSS_CM3_0_hw_platform\Debug\libmotorCONTROL_MSS_MSS_CM3_0_hw_platform.a(mss_ace.o)
 .debug_frame   0x00000ad8      0x170 N:\eecs373\project\FollowerBot\FollowerBot\SoftConsole\motorCONTROL_MSS_MSS_CM3_0\motorCONTROL_MSS_MSS_CM3_0_hw_platform\Debug\libmotorCONTROL_MSS_MSS_CM3_0_hw_platform.a(core_cm3.o)
 .debug_frame   0x00000c48       0x3c N:\eecs373\project\FollowerBot\FollowerBot\SoftConsole\motorCONTROL_MSS_MSS_CM3_0\motorCONTROL_MSS_MSS_CM3_0_hw_platform\Debug\libmotorCONTROL_MSS_MSS_CM3_0_hw_platform.a(system_a2fxxxm3.o)
 .debug_frame   0x00000c84      0x1a8 N:\eecs373\project\FollowerBot\FollowerBot\SoftConsole\motorCONTROL_MSS_MSS_CM3_0\motorCONTROL_MSS_MSS_CM3_0_hw_platform\Debug\libmotorCONTROL_MSS_MSS_CM3_0_hw_platform.a(ace_convert.o)
 .debug_frame   0x00000e2c      0x520 N:\eecs373\project\FollowerBot\FollowerBot\SoftConsole\motorCONTROL_MSS_MSS_CM3_0\motorCONTROL_MSS_MSS_CM3_0_hw_platform\Debug\libmotorCONTROL_MSS_MSS_CM3_0_hw_platform.a(ace_flags.o)
 .debug_frame   0x0000134c       0x20 c:/program files (x86)/microsemi/softconsole v3.3/sourcery-g++/bin/../lib/gcc/arm-none-eabi/4.4.1/../../../../arm-none-eabi/lib/thumb2\libc.a(lib_a-errno.o)
 .debug_frame   0x0000136c       0x2c c:/program files (x86)/microsemi/softconsole v3.3/sourcery-g++/bin/../lib/gcc/arm-none-eabi/4.4.1/../../../../arm-none-eabi/lib/thumb2\libc.a(lib_a-init.o)
 .debug_frame   0x00001398       0x28 c:/program files (x86)/microsemi/softconsole v3.3/sourcery-g++/bin/../lib/gcc/arm-none-eabi/4.4.1/../../../../arm-none-eabi/lib/thumb2\libc.a(lib_a-memset.o)
 .debug_frame   0x000013c0       0x5c c:/program files (x86)/microsemi/softconsole v3.3/sourcery-g++/bin/../lib/gcc/arm-none-eabi/4.4.1/../../../../arm-none-eabi/lib/thumb2\libc.a(lib_a-printf.o)
 .debug_frame   0x0000141c       0x28 c:/program files (x86)/microsemi/softconsole v3.3/sourcery-g++/bin/../lib/gcc/arm-none-eabi/4.4.1/../../../../arm-none-eabi/lib/thumb2\libc.a(lib_a-strncmp.o)
 .debug_frame   0x00001444       0x70 c:/program files (x86)/microsemi/softconsole v3.3/sourcery-g++/bin/../lib/gcc/arm-none-eabi/4.4.1/../../../../arm-none-eabi/lib/thumb2\libc.a(lib_a-vfprintf.o)
 .debug_frame   0x000014b4       0x2c c:/program files (x86)/microsemi/softconsole v3.3/sourcery-g++/bin/../lib/gcc/arm-none-eabi/4.4.1/../../../../arm-none-eabi/lib/thumb2\libc.a(lib_a-wsetup.o)
 .debug_frame   0x000014e0       0x64 c:/program files (x86)/microsemi/softconsole v3.3/sourcery-g++/bin/../lib/gcc/arm-none-eabi/4.4.1/../../../../arm-none-eabi/lib/thumb2\libc.a(lib_a-dtoa.o)
 .debug_frame   0x00001544       0x40 c:/program files (x86)/microsemi/softconsole v3.3/sourcery-g++/bin/../lib/gcc/arm-none-eabi/4.4.1/../../../../arm-none-eabi/lib/thumb2\libc.a(lib_a-fflush.o)
 .debug_frame   0x00001584      0x11c c:/program files (x86)/microsemi/softconsole v3.3/sourcery-g++/bin/../lib/gcc/arm-none-eabi/4.4.1/../../../../arm-none-eabi/lib/thumb2\libc.a(lib_a-findfp.o)
 .debug_frame   0x000016a0       0x50 c:/program files (x86)/microsemi/softconsole v3.3/sourcery-g++/bin/../lib/gcc/arm-none-eabi/4.4.1/../../../../arm-none-eabi/lib/thumb2\libc.a(lib_a-freer.o)
 .debug_frame   0x000016f0       0x3c c:/program files (x86)/microsemi/softconsole v3.3/sourcery-g++/bin/../lib/gcc/arm-none-eabi/4.4.1/../../../../arm-none-eabi/lib/thumb2\libc.a(lib_a-fvwrite.o)
 .debug_frame   0x0000172c       0x54 c:/program files (x86)/microsemi/softconsole v3.3/sourcery-g++/bin/../lib/gcc/arm-none-eabi/4.4.1/../../../../arm-none-eabi/lib/thumb2\libc.a(lib_a-fwalk.o)
 .debug_frame   0x00001780       0x6c c:/program files (x86)/microsemi/softconsole v3.3/sourcery-g++/bin/../lib/gcc/arm-none-eabi/4.4.1/../../../../arm-none-eabi/lib/thumb2\libc.a(lib_a-locale.o)
 .debug_frame   0x000017ec       0x34 c:/program files (x86)/microsemi/softconsole v3.3/sourcery-g++/bin/../lib/gcc/arm-none-eabi/4.4.1/../../../../arm-none-eabi/lib/thumb2\libc.a(lib_a-makebuf.o)
 .debug_frame   0x00001820       0x30 c:/program files (x86)/microsemi/softconsole v3.3/sourcery-g++/bin/../lib/gcc/arm-none-eabi/4.4.1/../../../../arm-none-eabi/lib/thumb2\libc.a(lib_a-malloc.o)
 .debug_frame   0x00001850       0x3c c:/program files (x86)/microsemi/softconsole v3.3/sourcery-g++/bin/../lib/gcc/arm-none-eabi/4.4.1/../../../../arm-none-eabi/lib/thumb2\libc.a(lib_a-mallocr.o)
 .debug_frame   0x0000188c       0x28 c:/program files (x86)/microsemi/softconsole v3.3/sourcery-g++/bin/../lib/gcc/arm-none-eabi/4.4.1/../../../../arm-none-eabi/lib/thumb2\libc.a(lib_a-memchr.o)
 .debug_frame   0x000018b4       0x34 c:/program files (x86)/microsemi/softconsole v3.3/sourcery-g++/bin/../lib/gcc/arm-none-eabi/4.4.1/../../../../arm-none-eabi/lib/thumb2\libc.a(lib_a-memcpy.o)
 .debug_frame   0x000018e8       0x2c c:/program files (x86)/microsemi/softconsole v3.3/sourcery-g++/bin/../lib/gcc/arm-none-eabi/4.4.1/../../../../arm-none-eabi/lib/thumb2\libc.a(lib_a-memmove.o)
 .debug_frame   0x00001914       0x30 c:/program files (x86)/microsemi/softconsole v3.3/sourcery-g++/bin/../lib/gcc/arm-none-eabi/4.4.1/../../../../arm-none-eabi/lib/thumb2\libc.a(lib_a-mlock.o)
 .debug_frame   0x00001944      0x240 c:/program files (x86)/microsemi/softconsole v3.3/sourcery-g++/bin/../lib/gcc/arm-none-eabi/4.4.1/../../../../arm-none-eabi/lib/thumb2\libc.a(lib_a-mprec.o)
 .debug_frame   0x00001b84       0x3c c:/program files (x86)/microsemi/softconsole v3.3/sourcery-g++/bin/../lib/gcc/arm-none-eabi/4.4.1/../../../../arm-none-eabi/lib/thumb2\libc.a(lib_a-reallocr.o)
 .debug_frame   0x00001bc0       0x20 c:/program files (x86)/microsemi/softconsole v3.3/sourcery-g++/bin/../lib/gcc/arm-none-eabi/4.4.1/../../../../arm-none-eabi/lib/thumb2\libc.a(lib_a-s_isinfd.o)
 .debug_frame   0x00001be0       0x20 c:/program files (x86)/microsemi/softconsole v3.3/sourcery-g++/bin/../lib/gcc/arm-none-eabi/4.4.1/../../../../arm-none-eabi/lib/thumb2\libc.a(lib_a-s_isnand.o)
 .debug_frame   0x00001c00       0x2c c:/program files (x86)/microsemi/softconsole v3.3/sourcery-g++/bin/../lib/gcc/arm-none-eabi/4.4.1/../../../../arm-none-eabi/lib/thumb2\libc.a(lib_a-sbrkr.o)
 .debug_frame   0x00001c2c       0x70 c:/program files (x86)/microsemi/softconsole v3.3/sourcery-g++/bin/../lib/gcc/arm-none-eabi/4.4.1/../../../../arm-none-eabi/lib/thumb2\libc.a(lib_a-stdio.o)
 .debug_frame   0x00001c9c       0x30 c:/program files (x86)/microsemi/softconsole v3.3/sourcery-g++/bin/../lib/gcc/arm-none-eabi/4.4.1/../../../../arm-none-eabi/lib/thumb2\libc.a(lib_a-strcmp.o)
 .debug_frame   0x00001ccc       0x20 c:/program files (x86)/microsemi/softconsole v3.3/sourcery-g++/bin/../lib/gcc/arm-none-eabi/4.4.1/../../../../arm-none-eabi/lib/thumb2\libc.a(lib_a-strlen.o)
 .debug_frame   0x00001cec       0x2c c:/program files (x86)/microsemi/softconsole v3.3/sourcery-g++/bin/../lib/gcc/arm-none-eabi/4.4.1/../../../../arm-none-eabi/lib/thumb2\libc.a(lib_a-callocr.o)
 .debug_frame   0x00001d18       0x2c c:/program files (x86)/microsemi/softconsole v3.3/sourcery-g++/bin/../lib/gcc/arm-none-eabi/4.4.1/../../../../arm-none-eabi/lib/thumb2\libc.a(lib_a-closer.o)
 .debug_frame   0x00001d44       0x3c c:/program files (x86)/microsemi/softconsole v3.3/sourcery-g++/bin/../lib/gcc/arm-none-eabi/4.4.1/../../../../arm-none-eabi/lib/thumb2\libc.a(lib_a-fclose.o)
 .debug_frame   0x00001d80       0x2c c:/program files (x86)/microsemi/softconsole v3.3/sourcery-g++/bin/../lib/gcc/arm-none-eabi/4.4.1/../../../../arm-none-eabi/lib/thumb2\libc.a(lib_a-fstatr.o)
 .debug_frame   0x00001dac       0x2c c:/program files (x86)/microsemi/softconsole v3.3/sourcery-g++/bin/../lib/gcc/arm-none-eabi/4.4.1/../../../../arm-none-eabi/lib/thumb2\libc.a(lib_a-isattyr.o)
 .debug_frame   0x00001dd8       0x2c c:/program files (x86)/microsemi/softconsole v3.3/sourcery-g++/bin/../lib/gcc/arm-none-eabi/4.4.1/../../../../arm-none-eabi/lib/thumb2\libc.a(lib_a-lseekr.o)
 .debug_frame   0x00001e04       0x2c c:/program files (x86)/microsemi/softconsole v3.3/sourcery-g++/bin/../lib/gcc/arm-none-eabi/4.4.1/../../../../arm-none-eabi/lib/thumb2\libc.a(lib_a-readr.o)
 .debug_frame   0x00001e30       0x64 c:/program files (x86)/microsemi/softconsole v3.3/sourcery-g++/bin/../lib/gcc/arm-none-eabi/4.4.1/../../../../arm-none-eabi/lib/thumb2\libc.a(lib_a-reent.o)
 .debug_frame   0x00001e94       0x20 c:/program files (x86)/microsemi/softconsole v3.3/sourcery-g++/bin/../lib/gcc/arm-none-eabi/4.4.1/thumb2\libgcc.a(_udivsi3.o)
 .debug_frame   0x00001eb4       0x50 c:/program files (x86)/microsemi/softconsole v3.3/sourcery-g++/bin/../lib/gcc/arm-none-eabi/4.4.1/thumb2\libgcc.a(bpabi.o)
 .debug_frame   0x00001f04       0x3c c:/program files (x86)/microsemi/softconsole v3.3/sourcery-g++/bin/../lib/gcc/arm-none-eabi/4.4.1/thumb2\libgcc.a(_divdi3.o)
 .debug_frame   0x00001f40       0x3c c:/program files (x86)/microsemi/softconsole v3.3/sourcery-g++/bin/../lib/gcc/arm-none-eabi/4.4.1/thumb2\libgcc.a(_udivdi3.o)

.debug_str      0x00000000     0x43a5
 *(.debug_str)
 .debug_str     0x00000000      0x2b2 ./IRcontrol.o
                                0x2e6 (size before relaxing)
 .debug_str     0x000002b2     0x14a8 ./main.o
                               0x17c8 (size before relaxing)
 .debug_str     0x0000175a      0x5a1 ./pixy.o
                               0x1679 (size before relaxing)
 .debug_str     0x00001cfb      0x279 N:/eecs373/project/FollowerBot/FollowerBot/SoftConsole/motorCONTROL_MSS_MSS_CM3_0/motorCONTROL_MSS_MSS_CM3_0_hw_platform/Debug/CMSIS/startup_gcc/newlib_stubs.o
                               0x10bf (size before relaxing)
 .debug_str     0x00001f74      0x2e6 N:\eecs373\project\FollowerBot\FollowerBot\SoftConsole\motorCONTROL_MSS_MSS_CM3_0\motorCONTROL_MSS_MSS_CM3_0_hw_platform\Debug\libmotorCONTROL_MSS_MSS_CM3_0_hw_platform.a(mss_uart.o)
                               0x14d0 (size before relaxing)
 .debug_str     0x0000225a      0x38c N:\eecs373\project\FollowerBot\FollowerBot\SoftConsole\motorCONTROL_MSS_MSS_CM3_0\motorCONTROL_MSS_MSS_CM3_0_hw_platform\Debug\libmotorCONTROL_MSS_MSS_CM3_0_hw_platform.a(mss_i2c.o)
                               0x1770 (size before relaxing)
 .debug_str     0x000025e6      0xfde N:\eecs373\project\FollowerBot\FollowerBot\SoftConsole\motorCONTROL_MSS_MSS_CM3_0\motorCONTROL_MSS_MSS_CM3_0_hw_platform\Debug\libmotorCONTROL_MSS_MSS_CM3_0_hw_platform.a(mss_ace.o)
                               0x130a (size before relaxing)
 .debug_str     0x000035c4      0x133 N:\eecs373\project\FollowerBot\FollowerBot\SoftConsole\motorCONTROL_MSS_MSS_CM3_0\motorCONTROL_MSS_MSS_CM3_0_hw_platform\Debug\libmotorCONTROL_MSS_MSS_CM3_0_hw_platform.a(core_cm3.o)
                                0x286 (size before relaxing)
 .debug_str     0x000036f7       0xf7 N:\eecs373\project\FollowerBot\FollowerBot\SoftConsole\motorCONTROL_MSS_MSS_CM3_0\motorCONTROL_MSS_MSS_CM3_0_hw_platform\Debug\libmotorCONTROL_MSS_MSS_CM3_0_hw_platform.a(system_a2fxxxm3.o)
                                0x473 (size before relaxing)
 .debug_str     0x000037ee      0x201 N:\eecs373\project\FollowerBot\FollowerBot\SoftConsole\motorCONTROL_MSS_MSS_CM3_0\motorCONTROL_MSS_MSS_CM3_0_hw_platform\Debug\libmotorCONTROL_MSS_MSS_CM3_0_hw_platform.a(ace_config.o)
                                0x46e (size before relaxing)
 .debug_str     0x000039ef      0x32c N:\eecs373\project\FollowerBot\FollowerBot\SoftConsole\motorCONTROL_MSS_MSS_CM3_0\motorCONTROL_MSS_MSS_CM3_0_hw_platform\Debug\libmotorCONTROL_MSS_MSS_CM3_0_hw_platform.a(ace_convert.o)
                                0xfdc (size before relaxing)
 .debug_str     0x00003d1b      0x68a N:\eecs373\project\FollowerBot\FollowerBot\SoftConsole\motorCONTROL_MSS_MSS_CM3_0\motorCONTROL_MSS_MSS_CM3_0_hw_platform\Debug\libmotorCONTROL_MSS_MSS_CM3_0_hw_platform.a(ace_flags.o)
                               0x132a (size before relaxing)

.debug_loc      0x00000000     0x2bd4
 *(.debug_loc)
 .debug_loc     0x00000000       0xa5 ./IRcontrol.o
 .debug_loc     0x000000a5       0xa7 ./main.o
 .debug_loc     0x0000014c      0x328 ./pixy.o
 .debug_loc     0x00000474      0x30d N:/eecs373/project/FollowerBot/FollowerBot/SoftConsole/motorCONTROL_MSS_MSS_CM3_0/motorCONTROL_MSS_MSS_CM3_0_hw_platform/Debug/CMSIS/startup_gcc/newlib_stubs.o
 .debug_loc     0x00000781      0x894 N:\eecs373\project\FollowerBot\FollowerBot\SoftConsole\motorCONTROL_MSS_MSS_CM3_0\motorCONTROL_MSS_MSS_CM3_0_hw_platform\Debug\libmotorCONTROL_MSS_MSS_CM3_0_hw_platform.a(mss_uart.o)
 .debug_loc     0x00001015      0x755 N:\eecs373\project\FollowerBot\FollowerBot\SoftConsole\motorCONTROL_MSS_MSS_CM3_0\motorCONTROL_MSS_MSS_CM3_0_hw_platform\Debug\libmotorCONTROL_MSS_MSS_CM3_0_hw_platform.a(mss_i2c.o)
 .debug_loc     0x0000176a      0x5c6 N:\eecs373\project\FollowerBot\FollowerBot\SoftConsole\motorCONTROL_MSS_MSS_CM3_0\motorCONTROL_MSS_MSS_CM3_0_hw_platform\Debug\libmotorCONTROL_MSS_MSS_CM3_0_hw_platform.a(mss_ace.o)
 .debug_loc     0x00001d30      0x1c8 N:\eecs373\project\FollowerBot\FollowerBot\SoftConsole\motorCONTROL_MSS_MSS_CM3_0\motorCONTROL_MSS_MSS_CM3_0_hw_platform\Debug\libmotorCONTROL_MSS_MSS_CM3_0_hw_platform.a(core_cm3.o)
 .debug_loc     0x00001ef8       0xc9 N:\eecs373\project\FollowerBot\FollowerBot\SoftConsole\motorCONTROL_MSS_MSS_CM3_0\motorCONTROL_MSS_MSS_CM3_0_hw_platform\Debug\libmotorCONTROL_MSS_MSS_CM3_0_hw_platform.a(system_a2fxxxm3.o)
 .debug_loc     0x00001fc1      0x788 N:\eecs373\project\FollowerBot\FollowerBot\SoftConsole\motorCONTROL_MSS_MSS_CM3_0\motorCONTROL_MSS_MSS_CM3_0_hw_platform\Debug\libmotorCONTROL_MSS_MSS_CM3_0_hw_platform.a(ace_convert.o)
 .debug_loc     0x00002749      0x48b N:\eecs373\project\FollowerBot\FollowerBot\SoftConsole\motorCONTROL_MSS_MSS_CM3_0\motorCONTROL_MSS_MSS_CM3_0_hw_platform\Debug\libmotorCONTROL_MSS_MSS_CM3_0_hw_platform.a(ace_flags.o)

.debug_macinfo  0x00000000    0x48f27
 *(.debug_macinfo)
 .debug_macinfo
                0x00000000     0x1841 ./IRcontrol.o
 .debug_macinfo
                0x00001841     0xa097 ./main.o
 .debug_macinfo
                0x0000b8d8     0x8f50 ./pixy.o
 .debug_macinfo
                0x00014828     0x9964 N:/eecs373/project/FollowerBot/FollowerBot/SoftConsole/motorCONTROL_MSS_MSS_CM3_0/motorCONTROL_MSS_MSS_CM3_0_hw_platform/Debug/CMSIS/startup_gcc/newlib_stubs.o
 .debug_macinfo
                0x0001e18c     0x63e3 N:\eecs373\project\FollowerBot\FollowerBot\SoftConsole\motorCONTROL_MSS_MSS_CM3_0\motorCONTROL_MSS_MSS_CM3_0_hw_platform\Debug\libmotorCONTROL_MSS_MSS_CM3_0_hw_platform.a(mss_uart.o)
 .debug_macinfo
                0x0002456f     0x7518 N:\eecs373\project\FollowerBot\FollowerBot\SoftConsole\motorCONTROL_MSS_MSS_CM3_0\motorCONTROL_MSS_MSS_CM3_0_hw_platform\Debug\libmotorCONTROL_MSS_MSS_CM3_0_hw_platform.a(mss_i2c.o)
 .debug_macinfo
                0x0002ba87     0x77f7 N:\eecs373\project\FollowerBot\FollowerBot\SoftConsole\motorCONTROL_MSS_MSS_CM3_0\motorCONTROL_MSS_MSS_CM3_0_hw_platform\Debug\libmotorCONTROL_MSS_MSS_CM3_0_hw_platform.a(mss_ace.o)
 .debug_macinfo
                0x0003327e     0x152b N:\eecs373\project\FollowerBot\FollowerBot\SoftConsole\motorCONTROL_MSS_MSS_CM3_0\motorCONTROL_MSS_MSS_CM3_0_hw_platform\Debug\libmotorCONTROL_MSS_MSS_CM3_0_hw_platform.a(core_cm3.o)
 .debug_macinfo
                0x000347a9     0x5a98 N:\eecs373\project\FollowerBot\FollowerBot\SoftConsole\motorCONTROL_MSS_MSS_CM3_0\motorCONTROL_MSS_MSS_CM3_0_hw_platform\Debug\libmotorCONTROL_MSS_MSS_CM3_0_hw_platform.a(system_a2fxxxm3.o)
 .debug_macinfo
                0x0003a241     0x18e3 N:\eecs373\project\FollowerBot\FollowerBot\SoftConsole\motorCONTROL_MSS_MSS_CM3_0\motorCONTROL_MSS_MSS_CM3_0_hw_platform\Debug\libmotorCONTROL_MSS_MSS_CM3_0_hw_platform.a(ace_config.o)
 .debug_macinfo
                0x0003bb24     0x5b95 N:\eecs373\project\FollowerBot\FollowerBot\SoftConsole\motorCONTROL_MSS_MSS_CM3_0\motorCONTROL_MSS_MSS_CM3_0_hw_platform\Debug\libmotorCONTROL_MSS_MSS_CM3_0_hw_platform.a(ace_convert.o)
 .debug_macinfo
                0x000416b9     0x786e N:\eecs373\project\FollowerBot\FollowerBot\SoftConsole\motorCONTROL_MSS_MSS_CM3_0\motorCONTROL_MSS_MSS_CM3_0_hw_platform\Debug\libmotorCONTROL_MSS_MSS_CM3_0_hw_platform.a(ace_flags.o)

.debug_weaknames
 *(.debug_weaknames)

.debug_funcnames
 *(.debug_funcnames)

.debug_typenames
 *(.debug_typenames)

.debug_varnames
 *(.debug_varnames)

.note.gnu.arm.ident
 *(.note.gnu.arm.ident)

.ARM.attributes
                0x00000000       0x25
 *(.ARM.attributes)
 .ARM.attributes
                0x00000000       0x19 c:/program files (x86)/microsemi/softconsole v3.3/sourcery-g++/bin/../lib/gcc/arm-none-eabi/4.4.1/thumb2/crti.o
 .ARM.attributes
                0x00000019       0x29 c:/program files (x86)/microsemi/softconsole v3.3/sourcery-g++/bin/../lib/gcc/arm-none-eabi/4.4.1/thumb2/crtbegin.o
 .ARM.attributes
                0x00000042       0x31 ./IRcontrol.o
 .ARM.attributes
                0x00000073       0x31 ./main.o
 .ARM.attributes
                0x000000a4       0x31 ./pixy.o
 .ARM.attributes
                0x000000d5       0x21 N:/eecs373/project/FollowerBot/FollowerBot/SoftConsole/motorCONTROL_MSS_MSS_CM3_0/motorCONTROL_MSS_MSS_CM3_0_hw_platform/Debug/CMSIS/startup_gcc/startup_a2fxxxm3.o
 .ARM.attributes
                0x000000f6       0x31 N:/eecs373/project/FollowerBot/FollowerBot/SoftConsole/motorCONTROL_MSS_MSS_CM3_0/motorCONTROL_MSS_MSS_CM3_0_hw_platform/Debug/CMSIS/startup_gcc/newlib_stubs.o
 .ARM.attributes
                0x00000127       0x31 N:\eecs373\project\FollowerBot\FollowerBot\SoftConsole\motorCONTROL_MSS_MSS_CM3_0\motorCONTROL_MSS_MSS_CM3_0_hw_platform\Debug\libmotorCONTROL_MSS_MSS_CM3_0_hw_platform.a(mss_uart.o)
 .ARM.attributes
                0x00000158       0x31 N:\eecs373\project\FollowerBot\FollowerBot\SoftConsole\motorCONTROL_MSS_MSS_CM3_0\motorCONTROL_MSS_MSS_CM3_0_hw_platform\Debug\libmotorCONTROL_MSS_MSS_CM3_0_hw_platform.a(mss_i2c.o)
 .ARM.attributes
                0x00000189       0x31 N:\eecs373\project\FollowerBot\FollowerBot\SoftConsole\motorCONTROL_MSS_MSS_CM3_0\motorCONTROL_MSS_MSS_CM3_0_hw_platform\Debug\libmotorCONTROL_MSS_MSS_CM3_0_hw_platform.a(mss_ace.o)
 .ARM.attributes
                0x000001ba       0x31 N:\eecs373\project\FollowerBot\FollowerBot\SoftConsole\motorCONTROL_MSS_MSS_CM3_0\motorCONTROL_MSS_MSS_CM3_0_hw_platform\Debug\libmotorCONTROL_MSS_MSS_CM3_0_hw_platform.a(core_cm3.o)
 .ARM.attributes
                0x000001eb       0x31 N:\eecs373\project\FollowerBot\FollowerBot\SoftConsole\motorCONTROL_MSS_MSS_CM3_0\motorCONTROL_MSS_MSS_CM3_0_hw_platform\Debug\libmotorCONTROL_MSS_MSS_CM3_0_hw_platform.a(system_a2fxxxm3.o)
 .ARM.attributes
                0x0000021c       0x31 N:\eecs373\project\FollowerBot\FollowerBot\SoftConsole\motorCONTROL_MSS_MSS_CM3_0\motorCONTROL_MSS_MSS_CM3_0_hw_platform\Debug\libmotorCONTROL_MSS_MSS_CM3_0_hw_platform.a(ace_config.o)
 .ARM.attributes
                0x0000024d       0x31 N:\eecs373\project\FollowerBot\FollowerBot\SoftConsole\motorCONTROL_MSS_MSS_CM3_0\motorCONTROL_MSS_MSS_CM3_0_hw_platform\Debug\libmotorCONTROL_MSS_MSS_CM3_0_hw_platform.a(ace_convert.o)
 .ARM.attributes
                0x0000027e       0x31 N:\eecs373\project\FollowerBot\FollowerBot\SoftConsole\motorCONTROL_MSS_MSS_CM3_0\motorCONTROL_MSS_MSS_CM3_0_hw_platform\Debug\libmotorCONTROL_MSS_MSS_CM3_0_hw_platform.a(ace_flags.o)
 .ARM.attributes
                0x000002af       0x1b c:/program files (x86)/microsemi/softconsole v3.3/sourcery-g++/bin/../lib/gcc/arm-none-eabi/4.4.1/thumb2\libgcc.a(_arm_addsubdf3.o)
 .ARM.attributes
                0x000002ca       0x1b c:/program files (x86)/microsemi/softconsole v3.3/sourcery-g++/bin/../lib/gcc/arm-none-eabi/4.4.1/thumb2\libgcc.a(_arm_muldivdf3.o)
 .ARM.attributes
                0x000002e5       0x1b c:/program files (x86)/microsemi/softconsole v3.3/sourcery-g++/bin/../lib/gcc/arm-none-eabi/4.4.1/thumb2\libgcc.a(_arm_fixdfsi.o)
 .ARM.attributes
                0x00000300       0x1b c:/program files (x86)/microsemi/softconsole v3.3/sourcery-g++/bin/../lib/gcc/arm-none-eabi/4.4.1/thumb2\libgcc.a(_arm_addsubsf3.o)
 .ARM.attributes
                0x0000031b       0x29 c:/program files (x86)/microsemi/softconsole v3.3/sourcery-g++/bin/../lib/gcc/arm-none-eabi/4.4.1/../../../../arm-none-eabi/lib/thumb2\libc.a(lib_a-errno.o)
 .ARM.attributes
                0x00000344       0x29 c:/program files (x86)/microsemi/softconsole v3.3/sourcery-g++/bin/../lib/gcc/arm-none-eabi/4.4.1/../../../../arm-none-eabi/lib/thumb2\libc.a(lib_a-impure.o)
 .ARM.attributes
                0x0000036d       0x29 c:/program files (x86)/microsemi/softconsole v3.3/sourcery-g++/bin/../lib/gcc/arm-none-eabi/4.4.1/../../../../arm-none-eabi/lib/thumb2\libc.a(lib_a-init.o)
 .ARM.attributes
                0x00000396       0x29 c:/program files (x86)/microsemi/softconsole v3.3/sourcery-g++/bin/../lib/gcc/arm-none-eabi/4.4.1/../../../../arm-none-eabi/lib/thumb2\libc.a(lib_a-memset.o)
 .ARM.attributes
                0x000003bf       0x29 c:/program files (x86)/microsemi/softconsole v3.3/sourcery-g++/bin/../lib/gcc/arm-none-eabi/4.4.1/../../../../arm-none-eabi/lib/thumb2\libc.a(lib_a-printf.o)
 .ARM.attributes
                0x000003e8       0x29 c:/program files (x86)/microsemi/softconsole v3.3/sourcery-g++/bin/../lib/gcc/arm-none-eabi/4.4.1/../../../../arm-none-eabi/lib/thumb2\libc.a(lib_a-strncmp.o)
 .ARM.attributes
                0x00000411       0x29 c:/program files (x86)/microsemi/softconsole v3.3/sourcery-g++/bin/../lib/gcc/arm-none-eabi/4.4.1/../../../../arm-none-eabi/lib/thumb2\libc.a(lib_a-vfprintf.o)
 .ARM.attributes
                0x0000043a       0x29 c:/program files (x86)/microsemi/softconsole v3.3/sourcery-g++/bin/../lib/gcc/arm-none-eabi/4.4.1/../../../../arm-none-eabi/lib/thumb2\libc.a(lib_a-wsetup.o)
 .ARM.attributes
                0x00000463       0x29 c:/program files (x86)/microsemi/softconsole v3.3/sourcery-g++/bin/../lib/gcc/arm-none-eabi/4.4.1/../../../../arm-none-eabi/lib/thumb2\libc.a(lib_a-dtoa.o)
 .ARM.attributes
                0x0000048c       0x29 c:/program files (x86)/microsemi/softconsole v3.3/sourcery-g++/bin/../lib/gcc/arm-none-eabi/4.4.1/../../../../arm-none-eabi/lib/thumb2\libc.a(lib_a-fflush.o)
 .ARM.attributes
                0x000004b5       0x29 c:/program files (x86)/microsemi/softconsole v3.3/sourcery-g++/bin/../lib/gcc/arm-none-eabi/4.4.1/../../../../arm-none-eabi/lib/thumb2\libc.a(lib_a-findfp.o)
 .ARM.attributes
                0x000004de       0x29 c:/program files (x86)/microsemi/softconsole v3.3/sourcery-g++/bin/../lib/gcc/arm-none-eabi/4.4.1/../../../../arm-none-eabi/lib/thumb2\libc.a(lib_a-freer.o)
 .ARM.attributes
                0x00000507       0x29 c:/program files (x86)/microsemi/softconsole v3.3/sourcery-g++/bin/../lib/gcc/arm-none-eabi/4.4.1/../../../../arm-none-eabi/lib/thumb2\libc.a(lib_a-fvwrite.o)
 .ARM.attributes
                0x00000530       0x29 c:/program files (x86)/microsemi/softconsole v3.3/sourcery-g++/bin/../lib/gcc/arm-none-eabi/4.4.1/../../../../arm-none-eabi/lib/thumb2\libc.a(lib_a-fwalk.o)
 .ARM.attributes