Archive member included because of file (symbol)

N:\eecs373\PolyBots\N64\N64_controller_iter4\N64_controller_iter_4\SoftConsole\N64_controller_iter_4_MSS_MSS_CM3_0\N64_controller_iter_4_MSS_MSS_CM3_0_hw_platform\Debug\libN64_controller_iter_4_MSS_MSS_CM3_0_hw_platform.a(mss_uart.o)
                              ./main.o (MSS_UART_polled_tx)
N:\eecs373\PolyBots\N64\N64_controller_iter4\N64_controller_iter_4\SoftConsole\N64_controller_iter_4_MSS_MSS_CM3_0\N64_controller_iter_4_MSS_MSS_CM3_0_hw_platform\Debug\libN64_controller_iter_4_MSS_MSS_CM3_0_hw_platform.a(system_a2fxxxm3.o)
                              N:/eecs373/PolyBots/N64/N64_controller_iter4/N64_controller_iter_4/SoftConsole/N64_controller_iter_4_MSS_MSS_CM3_0/N64_controller_iter_4_MSS_MSS_CM3_0_hw_platform/Debug/CMSIS/startup_gcc/startup_a2fxxxm3.o (SystemInit)
c:/program files (x86)/microsemi/softconsole v3.3/sourcery-g++/bin/../lib/gcc/arm-none-eabi/4.4.1/thumb2\libgcc.a(_arm_addsubdf3.o)
                              ./main.o (__aeabi_f2d)
c:/program files (x86)/microsemi/softconsole v3.3/sourcery-g++/bin/../lib/gcc/arm-none-eabi/4.4.1/thumb2\libgcc.a(_arm_muldivdf3.o)
                              ./main.o (__aeabi_dmul)
c:/program files (x86)/microsemi/softconsole v3.3/sourcery-g++/bin/../lib/gcc/arm-none-eabi/4.4.1/thumb2\libgcc.a(_arm_cmpdf2.o)
                              ./main.o (__aeabi_dcmpgt)
c:/program files (x86)/microsemi/softconsole v3.3/sourcery-g++/bin/../lib/gcc/arm-none-eabi/4.4.1/thumb2\libgcc.a(_arm_fixunsdfsi.o)
                              ./main.o (__aeabi_d2uiz)
c:/program files (x86)/microsemi/softconsole v3.3/sourcery-g++/bin/../lib/gcc/arm-none-eabi/4.4.1/thumb2\libgcc.a(_arm_truncdfsf2.o)
                              ./main.o (__aeabi_d2f)
c:/program files (x86)/microsemi/softconsole v3.3/sourcery-g++/bin/../lib/gcc/arm-none-eabi/4.4.1/thumb2\libgcc.a(_arm_addsubsf3.o)
                              ./main.o (__aeabi_ui2f)
c:/program files (x86)/microsemi/softconsole v3.3/sourcery-g++/bin/../lib/gcc/arm-none-eabi/4.4.1/thumb2\libgcc.a(_arm_muldivsf3.o)
                              ./main.o (__aeabi_fmul)
c:/program files (x86)/microsemi/softconsole v3.3/sourcery-g++/bin/../lib/gcc/arm-none-eabi/4.4.1/thumb2\libgcc.a(_arm_cmpsf2.o)
                              ./main.o (__aeabi_fcmpgt)
c:/program files (x86)/microsemi/softconsole v3.3/sourcery-g++/bin/../lib/gcc/arm-none-eabi/4.4.1/../../../../arm-none-eabi/lib/thumb2\libc.a(lib_a-errno.o)
                              N:/eecs373/PolyBots/N64/N64_controller_iter4/N64_controller_iter_4/SoftConsole/N64_controller_iter_4_MSS_MSS_CM3_0/N64_controller_iter_4_MSS_MSS_CM3_0_hw_platform/Debug/CMSIS/startup_gcc/newlib_stubs.o (__errno)
c:/program files (x86)/microsemi/softconsole v3.3/sourcery-g++/bin/../lib/gcc/arm-none-eabi/4.4.1/../../../../arm-none-eabi/lib/thumb2\libc.a(lib_a-impure.o)
                              c:/program files (x86)/microsemi/softconsole v3.3/sourcery-g++/bin/../lib/gcc/arm-none-eabi/4.4.1/../../../../arm-none-eabi/lib/thumb2\libc.a(lib_a-errno.o) (_impure_ptr)
c:/program files (x86)/microsemi/softconsole v3.3/sourcery-g++/bin/../lib/gcc/arm-none-eabi/4.4.1/../../../../arm-none-eabi/lib/thumb2\libc.a(lib_a-init.o)
                              N:/eecs373/PolyBots/N64/N64_controller_iter4/N64_controller_iter_4/SoftConsole/N64_controller_iter_4_MSS_MSS_CM3_0/N64_controller_iter_4_MSS_MSS_CM3_0_hw_platform/Debug/CMSIS/startup_gcc/startup_a2fxxxm3.o (__libc_init_array)
c:/program files (x86)/microsemi/softconsole v3.3/sourcery-g++/bin/../lib/gcc/arm-none-eabi/4.4.1/../../../../arm-none-eabi/lib/thumb2\libc.a(lib_a-printf.o)
                              ./main.o (printf)
c:/program files (x86)/microsemi/softconsole v3.3/sourcery-g++/bin/../lib/gcc/arm-none-eabi/4.4.1/../../../../arm-none-eabi/lib/thumb2\libc.a(lib_a-vfprintf.o)
                              c:/program files (x86)/microsemi/softconsole v3.3/sourcery-g++/bin/../lib/gcc/arm-none-eabi/4.4.1/../../../../arm-none-eabi/lib/thumb2\libc.a(lib_a-printf.o) (_vfprintf_r)
c:/program files (x86)/microsemi/softconsole v3.3/sourcery-g++/bin/../lib/gcc/arm-none-eabi/4.4.1/../../../../arm-none-eabi/lib/thumb2\libc.a(lib_a-wsetup.o)
                              c:/program files (x86)/microsemi/softconsole v3.3/sourcery-g++/bin/../lib/gcc/arm-none-eabi/4.4.1/../../../../arm-none-eabi/lib/thumb2\libc.a(lib_a-vfprintf.o) (__swsetup_r)
c:/program files (x86)/microsemi/softconsole v3.3/sourcery-g++/bin/../lib/gcc/arm-none-eabi/4.4.1/../../../../arm-none-eabi/lib/thumb2\libc.a(lib_a-dtoa.o)
                              c:/program files (x86)/microsemi/softconsole v3.3/sourcery-g++/bin/../lib/gcc/arm-none-eabi/4.4.1/../../../../arm-none-eabi/lib/thumb2\libc.a(lib_a-vfprintf.o) (_dtoa_r)
c:/program files (x86)/microsemi/softconsole v3.3/sourcery-g++/bin/../lib/gcc/arm-none-eabi/4.4.1/../../../../arm-none-eabi/lib/thumb2\libc.a(lib_a-fflush.o)
[...]
Memory Configuration

Name             Origin             Length             Attributes
ram              0x20000000         0x00010000         xrw
*default*        0x00000000         0xffffffff

Linker script and memory map

LOAD c:/program files (x86)/microsemi/softconsole v3.3/sourcery-g++/bin/../lib/gcc/arm-none-eabi/4.4.1/thumb2/crti.o
LOAD c:/program files (x86)/microsemi/softconsole v3.3/sourcery-g++/bin/../lib/gcc/arm-none-eabi/4.4.1/thumb2/crtbegin.o
LOAD ./main.o
LOAD N:/eecs373/PolyBots/N64/N64_controller_iter4/N64_controller_iter_4/SoftConsole/N64_controller_iter_4_MSS_MSS_CM3_0/N64_controller_iter_4_MSS_MSS_CM3_0_hw_platform/Debug/CMSIS/startup_gcc/startup_a2fxxxm3.o
LOAD N:/eecs373/PolyBots/N64/N64_controller_iter4/N64_controller_iter_4/SoftConsole/N64_controller_iter_4_MSS_MSS_CM3_0/N64_controller_iter_4_MSS_MSS_CM3_0_hw_platform/Debug/CMSIS/startup_gcc/newlib_stubs.o
LOAD N:\eecs373\PolyBots\N64\N64_controller_iter4\N64_controller_iter_4\SoftConsole\N64_controller_iter_4_MSS_MSS_CM3_0\N64_controller_iter_4_MSS_MSS_CM3_0_hw_platform\Debug\libN64_controller_iter_4_MSS_MSS_CM3_0_hw_platform.a
START GROUP
LOAD c:/program files (x86)/microsemi/softconsole v3.3/sourcery-g++/bin/../lib/gcc/arm-none-eabi/4.4.1/thumb2\libgcc.a
LOAD c:/program files (x86)/microsemi/softconsole v3.3/sourcery-g++/bin/../lib/gcc/arm-none-eabi/4.4.1/../../../../arm-none-eabi/lib/thumb2\libc.a
END GROUP
LOAD c:/program files (x86)/microsemi/softconsole v3.3/sourcery-g++/bin/../lib/gcc/arm-none-eabi/4.4.1/thumb2/crtend.o
LOAD c:/program files (x86)/microsemi/softconsole v3.3/sourcery-g++/bin/../lib/gcc/arm-none-eabi/4.4.1/thumb2/crtn.o
START GROUP
LOAD c:/program files (x86)/microsemi/softconsole v3.3/sourcery-g++/bin/../lib/gcc/arm-none-eabi/4.4.1/../../../../arm-none-eabi/lib/thumb2\libc.a
LOAD c:/program files (x86)/microsemi/softconsole v3.3/sourcery-g++/bin/../lib/gcc/arm-none-eabi/4.4.1/thumb2\libgcc.a
LOAD c:/program files (x86)/microsemi/softconsole v3.3/sourcery-g++/bin/../lib/gcc/arm-none-eabi/4.4.1/../../../../arm-none-eabi/lib/thumb2\libm.a
END GROUP
                0x00000000                __DYNAMIC = 0x0
                0x20000000                RAM_START_ADDRESS = 0x20000000
                0x00010000                RAM_SIZE = 0x10000
                0x00002000                MAIN_STACK_SIZE = 0x2000
                0x00001000                PROCESS_STACK_SIZE = 0x1000
                0x20010000                PROVIDE (__main_stack_start, (RAM_START_ADDRESS + RAM_SIZE))
                0x2000e000                PROVIDE (__process_stack_start, (__main_stack_start - MAIN_STACK_SIZE))
                0x20010000                PROVIDE (_estack, __main_stack_start)
                0x00000000                PROVIDE (__mirrored_nvm, 0x0)

.text           0x20000000     0x8aa0
 CREATE_OBJECT_SYMBOLS
                0x20000000                __text_load = LOADADDR (.text)
                0x20000000                __text_start = .
                0x20000000                __vector_table_vma_base_address = .
 *(.isr_vector)
 .isr_vector    0x20000000      0x470 N:/eecs373/PolyBots/N64/N64_controller_iter4/N64_controller_iter_4/SoftConsole/N64_controller_iter_4_MSS_MSS_CM3_0/N64_controller_iter_4_MSS_MSS_CM3_0_hw_platform/Debug/CMSIS/startup_gcc/startup_a2fxxxm3.o
                0x20000000                g_pfnVectors
                0x20000298                Reset_Handler
                0x20000308                NMI_Handler
                0x2000030a                HardFault_Handler
                0x2000030c                MemManage_Handler
                0x2000030e                BusFault_Handler
                0x20000310                UsageFault_Handler
                0x20000312                SVC_Handler
                0x20000314                DebugMon_Handler
                0x20000316                PendSV_Handler
                0x20000318                SysTick_Handler
                0x2000031a                WdogWakeup_IRQHandler
                0x2000031c                BrownOut_1_5V_IRQHandler
                0x2000031e                BrownOut_3_3V_IRQHandler
                0x20000320                RTC_Match_IRQHandler
                0x20000322                RTCIF_Pub_IRQHandler
                0x20000324                EthernetMAC_IRQHandler
                0x20000326                IAP_IRQHandler
                0x20000328                ENVM0_IRQHandler
                0x2000032a                ENVM1_IRQHandler
                0x2000032c                DMA_IRQHandler
                0x20000332                SPI0_IRQHandler
                0x20000334                SPI1_IRQHandler
                0x20000336                I2C0_IRQHandler
                0x20000338                I2C0_SMBAlert_IRQHandler
                0x2000033a                I2C0_SMBus_IRQHandler
                0x2000033c                I2C1_IRQHandler
                0x2000033e                I2C1_SMBAlert_IRQHandler
                0x20000340                I2C1_SMBus_IRQHandler
                0x20000342                Timer1_IRQHandler
                0x20000344                Timer2_IRQHandler
                0x20000346                PLL_Lock_IRQHandler
                0x20000348                PLL_LockLost_IRQHandler
                0x2000034a                CommError_IRQHandler
                0x2000034c                Fabric_IRQHandler
                0x2000034e                GPIO0_IRQHandler
                0x20000350                GPIO1_IRQHandler
                0x20000352                GPIO2_IRQHandler
                0x20000354                GPIO3_IRQHandler
                0x20000356                GPIO4_IRQHandler
                0x20000358                GPIO5_IRQHandler
                0x2000035a                GPIO6_IRQHandler
                0x2000035c                GPIO7_IRQHandler
                0x2000035e                GPIO8_IRQHandler
                0x20000360                GPIO9_IRQHandler
                0x20000362                GPIO10_IRQHandler
                0x20000364                GPIO11_IRQHandler
                0x20000366                GPIO12_IRQHandler
                0x20000368                GPIO13_IRQHandler
                0x2000036a                GPIO14_IRQHandler
                0x2000036c                GPIO15_IRQHandler
                0x2000036e                GPIO16_IRQHandler
                0x20000370                GPIO17_IRQHandler
                0x20000372                GPIO18_IRQHandler
                0x20000374                GPIO19_IRQHandler
                0x20000376                GPIO20_IRQHandler
                0x20000378                GPIO21_IRQHandler
                0x2000037a                GPIO22_IRQHandler
                0x2000037c                GPIO23_IRQHandler
                0x2000037e                GPIO24_IRQHandler
                0x20000380                GPIO25_IRQHandler
                0x20000382                GPIO26_IRQHandler
                0x20000384                GPIO27_IRQHandler
                0x20000386                GPIO28_IRQHandler
                0x20000388                GPIO29_IRQHandler
                0x2000038a                GPIO30_IRQHandler
                0x2000038c                GPIO31_IRQHandler
                0x2000038e                ACE_PC0_Flag0_IRQHandler
                0x20000390                ACE_PC0_Flag1_IRQHandler
                0x20000392                ACE_PC0_Flag2_IRQHandler
                0x20000394                ACE_PC0_Flag3_IRQHandler
                0x20000396                ACE_PC1_Flag0_IRQHandler
                0x20000398                ACE_PC1_Flag1_IRQHandler
                0x2000039a                ACE_PC1_Flag2_IRQHandler
                0x2000039c                ACE_PC1_Flag3_IRQHandler
                0x2000039e                ACE_PC2_Flag0_IRQHandler
                0x200003a0                ACE_PC2_Flag1_IRQHandler
                0x200003a2                ACE_PC2_Flag2_IRQHandler
                0x200003a4                ACE_PC2_Flag3_IRQHandler
                0x200003a6                ACE_ADC0_DataValid_IRQHandler
                0x200003a8                ACE_ADC1_DataValid_IRQHandler
                0x200003aa                ACE_ADC2_DataValid_IRQHandler
                0x200003ac                ACE_ADC0_CalDone_IRQHandler
                0x200003ae                ACE_ADC1_CalDone_IRQHandler
                0x200003b0                ACE_ADC2_CalDone_IRQHandler
                0x200003b2                ACE_ADC0_CalStart_IRQHandler
                0x200003b4                ACE_ADC1_CalStart_IRQHandler
                0x200003b6                ACE_ADC2_CalStart_IRQHandler
                0x200003b8                ACE_Comp0_Fall_IRQHandler
                0x200003ba                ACE_Comp1_Fall_IRQHandler
                0x200003bc                ACE_Comp2_Fall_IRQHandler
                0x200003be                ACE_Comp3_Fall_IRQHandler
                0x200003c0                ACE_Comp4_Fall_IRQHandler
                0x200003c2                ACE_Comp5_Fall_IRQHandler
                0x200003c4                ACE_Comp6_Fall_IRQHandler
                0x200003c6                ACE_Comp7_Fall_IRQHandler
                0x200003c8                ACE_Comp8_Fall_IRQHandler
                0x200003ca                ACE_Comp9_Fall_IRQHandler
                0x200003cc                ACE_Comp10_Fall_IRQHandler
                0x200003ce                ACE_Comp11_Fall_IRQHandler
                0x200003d0                ACE_Comp0_Rise_IRQHandler
                0x200003d2                ACE_Comp1_Rise_IRQHandler
                0x200003d4                ACE_Comp2_Rise_IRQHandler
                0x200003d6                ACE_Comp3_Rise_IRQHandler
                0x200003d8                ACE_Comp4_Rise_IRQHandler
                0x200003da                ACE_Comp5_Rise_IRQHandler
                0x200003dc                ACE_Comp6_Rise_IRQHandler
                0x200003de                ACE_Comp7_Rise_IRQHandler
                0x200003e0                ACE_Comp8_Rise_IRQHandler
                0x200003e2                ACE_Comp9_Rise_IRQHandler
                0x200003e4                ACE_Comp10_Rise_IRQHandler
                0x200003e6                ACE_Comp11_Rise_IRQHandler
                0x200003e8                ACE_ADC0_FifoFull_IRQHandler
                0x200003ea                ACE_ADC0_FifoAFull_IRQHandler
                0x200003ec                ACE_ADC0_FifoEmpty_IRQHandler
                0x200003ee                ACE_ADC1_FifoFull_IRQHandler
                0x200003f0                ACE_ADC1_FifoAFull_IRQHandler
                0x200003f2                ACE_ADC1_FifoEmpty_IRQHandler
                0x200003f4                ACE_ADC2_FifoFull_IRQHandler
                0x200003f6                ACE_ADC2_FifoAFull_IRQHandler
                0x200003f8                ACE_ADC2_FifoEmpty_IRQHandler
                0x200003fa                ACE_PPE_Flag0_IRQHandler
                0x200003fc                ACE_PPE_Flag1_IRQHandler
                0x200003fe                ACE_PPE_Flag2_IRQHandler
                0x20000400                ACE_PPE_Flag3_IRQHandler
                0x20000402                ACE_PPE_Flag4_IRQHandler
                0x20000404                ACE_PPE_Flag5_IRQHandler
                0x20000406                ACE_PPE_Flag6_IRQHandler
                0x20000408                ACE_PPE_Flag7_IRQHandler
                0x2000040a                ACE_PPE_Flag8_IRQHandler
                0x2000040c                ACE_PPE_Flag9_IRQHandler
                0x2000040e                ACE_PPE_Flag10_IRQHandler
                0x20000410                ACE_PPE_Flag11_IRQHandler
                0x20000412                ACE_PPE_Flag12_IRQHandler
                0x20000414                ACE_PPE_Flag13_IRQHandler
                0x20000416                ACE_PPE_Flag14_IRQHandler
                0x20000418                ACE_PPE_Flag15_IRQHandler
                0x2000041a                ACE_PPE_Flag16_IRQHandler
                0x2000041c                ACE_PPE_Flag17_IRQHandler
                0x2000041e                ACE_PPE_Flag18_IRQHandler
                0x20000420                ACE_PPE_Flag19_IRQHandler
                0x20000422                ACE_PPE_Flag20_IRQHandler
                0x20000424                ACE_PPE_Flag21_IRQHandler
                0x20000426                ACE_PPE_Flag22_IRQHandler
                0x20000428                ACE_PPE_Flag23_IRQHandler
                0x2000042a                ACE_PPE_Flag24_IRQHandler
                0x2000042c                ACE_PPE_Flag25_IRQHandler
                0x2000042e                ACE_PPE_Flag26_IRQHandler
                0x20000430                ACE_PPE_Flag27_IRQHandler
                0x20000432                ACE_PPE_Flag28_IRQHandler
                0x20000434                ACE_PPE_Flag29_IRQHandler
                0x20000436                ACE_PPE_Flag30_IRQHandler
                0x20000438                ACE_PPE_Flag31_IRQHandler
 *(.text .text.* .gnu.linkonce.t.*)
 .text          0x20000470       0x30 c:/program files (x86)/microsemi/softconsole v3.3/sourcery-g++/bin/../lib/gcc/arm-none-eabi/4.4.1/thumb2/crtbegin.o
 .text.main     0x200004a0      0x2e0 ./main.o
                0x200004a0                main
 .text.change_endianness
                0x20000780       0x58 ./main.o
                0x20000780                change_endianness
 .text.calc_speed_percent_stick
                0x200007d8       0xf0 ./main.o
                0x200007d8                calc_speed_percent_stick
 .text.calc_speed_percent_dpad
                0x200008c8       0x60 ./main.o
                0x200008c8                calc_speed_percent_dpad
 .text.parse_controller_data
                0x20000928       0xac ./main.o
                0x20000928                parse_controller_data
 *fill*         0x200009d4        0x4 00
 .text.calc_left_wheel_duty_cycle_stick
                0x200009d8      0x140 ./main.o
                0x200009d8                calc_left_wheel_duty_cycle_stick
 .text.calc_right_wheel_duty_cycle_stick
                0x20000b18      0x140 ./main.o
                0x20000b18                calc_right_wheel_duty_cycle_stick
 .text.calc_left_wheel_duty_cycle_dpad
                0x20000c58      0x17c ./main.o
                0x20000c58                calc_left_wheel_duty_cycle_dpad
 .text.calc_right_wheel_duty_cycle_dpad
                0x20000dd4      0x17c ./main.o
                0x20000dd4                calc_right_wheel_duty_cycle_dpad
 .text.calc_wheel_direction_stick
                0x20000f50       0x38 ./main.o
                0x20000f50                calc_wheel_direction_stick
 .text.calc_wheel_direction_dpad
                0x20000f88       0x60 ./main.o
                0x20000f88                calc_wheel_direction_dpad
 .text          0x20000fe8      0x178 N:/eecs373/PolyBots/N64/N64_controller_iter4/N64_controller_iter_4/SoftConsole/N64_controller_iter_4_MSS_MSS_CM3_0/N64_controller_iter_4_MSS_MSS_CM3_0_hw_platform/Debug/CMSIS/startup_gcc/newlib_stubs.o
                0x20000fe8                _close
                0x20000ff0                _exit
                0x20000ff4                _fstat
                0x20001000                _getpid
                0x20001008                _isatty
                0x20001010                _lseek
                0x20001018                _open
                0x20001020                _read
                0x20001028                _stat
                0x20001034                _times
                0x2000103c                _wait
                0x20001050                _unlink
                0x20001064                _link
                0x20001078                _kill
                0x2000108c                _fork
                0x200010a0                _execve
                0x200010b4                _write_r
                0x200010fc                _sbrk
 .text          0x20001160      0x9c8 N:\eecs373\PolyBots\N64\N64_controller_iter4\N64_controller_iter_4\SoftConsole\N64_controller_iter_4_MSS_MSS_CM3_0\N64_controller_iter_4_MSS_MSS_CM3_0_hw_platform\Debug\libN64_controller_iter_4_MSS_MSS_CM3_0_hw_platform.a(mss_uart.o)
                0x20001160                MSS_UART_polled_tx
                0x2000120c                MSS_UART_polled_tx_string
                0x2000129c                MSS_UART_irq_tx
                0x20001334                MSS_UART_tx_complete
                0x20001370                MSS_UART_get_rx
                0x2000140c                MSS_UART_enable_irq
                0x20001474                MSS_UART_disable_irq
                0x200015ec                MSS_UART_set_rx_handler
                0x20001690                MSS_UART_set_loopback
                0x200016c8                UART0_IRQHandler
                0x200016f8                UART1_IRQHandler
                0x20001728                MSS_UART_set_rxstatus_handler
                0x200017a8                MSS_UART_set_tx_handler
                0x20001830                MSS_UART_set_modemstatus_handler
                0x200018b0                MSS_UART_fill_tx_fifo
                0x20001944                MSS_UART_get_rx_status
                0x2000197c                MSS_UART_get_modem_status
                0x200019a4                MSS_UART_get_tx_status
                0x200019d8                MSS_UART_init
 .text          0x20001b28      0x10c N:\eecs373\PolyBots\N64\N64_controller_iter4\N64_controller_iter_4\SoftConsole\N64_controller_iter_4_MSS_MSS_CM3_0\N64_controller_iter_4_MSS_MSS_CM3_0_hw_platform\Debug\libN64_controller_iter_4_MSS_MSS_CM3_0_hw_platform.a(system_a2fxxxm3.o)
                0x20001b28                SystemInit
                0x20001b2c                SystemCoreClockUpdate
 .text          0x20001c34      0x370 c:/program files (x86)/microsemi/softconsole v3.3/sourcery-g++/bin/../lib/gcc/arm-none-eabi/4.4.1/thumb2\libgcc.a(_arm_addsubdf3.o)
                0x20001c34                __aeabi_drsub
                0x20001c3c                __aeabi_dsub
                0x20001c3c                __subdf3
                0x20001c40                __aeabi_dadd
                0x20001c40                __adddf3
                0x20001eb8                __floatunsidf
                0x20001eb8                __aeabi_ui2d
                0x20001ed8                __floatsidf
                0x20001ed8                __aeabi_i2d
                0x20001efc                __aeabi_f2d
                0x20001efc                __extendsfdf2
                0x20001f38                __floatundidf
                0x20001f38                __aeabi_ul2d
                0x20001f48                __floatdidf
                0x20001f48                __aeabi_l2d
 .text          0x20001fa4      0x424 c:/program files (x86)/microsemi/softconsole v3.3/sourcery-g++/bin/../lib/gcc/arm-none-eabi/4.4.1/thumb2\libgcc.a(_arm_muldivdf3.o)
                0x20001fa4                __aeabi_dmul
                0x20001fa4                __muldf3
                0x200021f8                __divdf3
                0x200021f8                __aeabi_ddiv
 .text          0x200023c8      0x110 c:/program files (x86)/microsemi/softconsole v3.3/sourcery-g++/bin/../lib/gcc/arm-none-eabi/4.4.1/thumb2\libgcc.a(_arm_cmpdf2.o)
                0x200023c8                __gtdf2
                0x200023c8                __gedf2
                0x200023d0                __ltdf2
                0x200023d0                __ledf2
                0x200023d8                __nedf2
                0x200023d8                __eqdf2
                0x200023d8                __cmpdf2
                0x20002454                __aeabi_cdrcmple
                0x20002464                __aeabi_cdcmpeq
                0x20002464                __aeabi_cdcmple
                0x20002474                __aeabi_dcmpeq
                0x20002488                __aeabi_dcmplt
                0x2000249c                __aeabi_dcmple
                0x200024b0                __aeabi_dcmpge
                0x200024c4                __aeabi_dcmpgt
 .text          0x200024d8       0x40 c:/program files (x86)/microsemi/softconsole v3.3/sourcery-g++/bin/../lib/gcc/arm-none-eabi/4.4.1/thumb2\libgcc.a(_arm_fixunsdfsi.o)
                0x200024d8                __aeabi_d2uiz
                0x200024d8                __fixunsdfsi
 .text          0x20002518       0xa0 c:/program files (x86)/microsemi/softconsole v3.3/sourcery-g++/bin/../lib/gcc/arm-none-eabi/4.4.1/thumb2\libgcc.a(_arm_truncdfsf2.o)
                0x20002518                __truncdfsf2
                0x20002518                __aeabi_d2f
 .text          0x200025b8      0x21c c:/program files (x86)/microsemi/softconsole v3.3/sourcery-g++/bin/../lib/gcc/arm-none-eabi/4.4.1/thumb2\libgcc.a(_arm_addsubsf3.o)
                0x200025b8                __aeabi_frsub
                0x200025c0                __subsf3
                0x200025c0                __aeabi_fsub
                0x200025c4                __aeabi_fadd
                0x200025c4                __addsf3
                0x20002724                __aeabi_ui2f
                0x20002724                __floatunsisf
                0x2000272c                __aeabi_i2f
                0x2000272c                __floatsisf
                0x20002748                __aeabi_ul2f
                0x20002748                __floatundisf
                0x20002758                __aeabi_l2f
                0x20002758                __floatdisf
 .text          0x200027d4      0x2a0 c:/program files (x86)/microsemi/softconsole v3.3/sourcery-g++/bin/../lib/gcc/arm-none-eabi/4.4.1/thumb2\libgcc.a(_arm_muldivsf3.o)
                0x200027d4                __mulsf3
                0x200027d4                __aeabi_fmul
                0x2000293c                __aeabi_fdiv
                0x2000293c                __divsf3
 .text          0x20002a74       0xec c:/program files (x86)/microsemi/softconsole v3.3/sourcery-g++/bin/../lib/gcc/arm-none-eabi/4.4.1/thumb2\libgcc.a(_arm_cmpsf2.o)
                0x20002a74                __gesf2
                0x20002a74                __gtsf2
                0x20002a7c                __lesf2
                0x20002a7c                __ltsf2
                0x20002a84                __nesf2
                0x20002a84                __eqsf2
                0x20002a84                __cmpsf2
                0x20002ae4                __aeabi_cfrcmple
                0x20002aec                __aeabi_cfcmpeq
                0x20002aec                __aeabi_cfcmple
                0x20002afc                __aeabi_fcmpeq
                0x20002b10                __aeabi_fcmplt
                0x20002b24                __aeabi_fcmple
                0x20002b38                __aeabi_fcmpge
                0x20002b4c                __aeabi_fcmpgt
 .text          0x20002b60        0xc c:/program files (x86)/microsemi/softconsole v3.3/sourcery-g++/bin/../lib/gcc/arm-none-eabi/4.4.1/../../../../arm-none-eabi/lib/thumb2\libc.a(lib_a-errno.o)
                0x20002b60                __errno
 .text          0x20002b6c       0x50 c:/program files (x86)/microsemi/softconsole v3.3/sourcery-g++/bin/../lib/gcc/arm-none-eabi/4.4.1/../../../../arm-none-eabi/lib/thumb2\libc.a(lib_a-init.o)
                0x20002b6c                __libc_init_array
 .text          0x20002bbc       0x64 c:/program files (x86)/microsemi/softconsole v3.3/sourcery-g++/bin/../lib/gcc/arm-none-eabi/4.4.1/../../../../arm-none-eabi/lib/thumb2\libc.a(lib_a-printf.o)
                0x20002bbc                printf
                0x20002bf4                _printf_r
 .text          0x20002c20     0x1940 c:/program files (x86)/microsemi/softconsole v3.3/sourcery-g++/bin/../lib/gcc/arm-none-eabi/4.4.1/../../../../arm-none-eabi/lib/thumb2\libc.a(lib_a-vfprintf.o)
                0x20002c3c                _vfprintf_r
                0x20004544                vfprintf
 .text          0x20004560      0x104 c:/program files (x86)/microsemi/softconsole v3.3/sourcery-g++/bin/../lib/gcc/arm-none-eabi/4.4.1/../../../../arm-none-eabi/lib/thumb2\libc.a(lib_a-wsetup.o)
                0x20004560                __swsetup_r
 *fill*         0x20004664        0x4 00
 .text          0x20004668      0xfb8 c:/program files (x86)/microsemi/softconsole v3.3/sourcery-g++/bin/../lib/gcc/arm-none-eabi/4.4.1/../../../../arm-none-eabi/lib/thumb2\libc.a(lib_a-dtoa.o)
                0x20004788                _dtoa_r
 .text          0x20005620      0x178 c:/program files (x86)/microsemi/softconsole v3.3/sourcery-g++/bin/../lib/gcc/arm-none-eabi/4.4.1/../../../../arm-none-eabi/lib/thumb2\libc.a(lib_a-fflush.o)
                0x20005620                _fflush_r
                0x20005770                fflush
 .text          0x20005798      0x1c8 c:/program files (x86)/microsemi/softconsole v3.3/sourcery-g++/bin/../lib/gcc/arm-none-eabi/4.4.1/../../../../arm-none-eabi/lib/thumb2\libc.a(lib_a-findfp.o)
                0x20005798                __sfp_lock_acquire
                0x2000579c                __sfp_lock_release
                0x200057a0                __sinit_lock_acquire
                0x200057a4                __sinit_lock_release
                0x200057b0                __fp_unlock_all
                0x200057c8                __fp_lock_all
                0x200057e0                _cleanup_r
                0x200057ec                _cleanup
                0x20005848                __sfmoreglue
                0x20005878                __sfp
                0x20005900                __sinit
 .text          0x20005960      0x268 c:/program files (x86)/microsemi/softconsole v3.3/sourcery-g++/bin/../lib/gcc/arm-none-eabi/4.4.1/../../../../arm-none-eabi/lib/thumb2\libc.a(lib_a-freer.o)
                0x20005960                _malloc_trim_r
                0x20005a08                _free_r
 .text          0x20005bc8      0x334 c:/program files (x86)/microsemi/softconsole v3.3/sourcery-g++/bin/../lib/gcc/arm-none-eabi/4.4.1/../../../../arm-none-eabi/lib/thumb2\libc.a(lib_a-fvwrite.o)
                0x20005bc8                __sfvwrite_r
 .text          0x20005efc       0xa0 c:/program files (x86)/microsemi/softconsole v3.3/sourcery-g++/bin/../lib/gcc/arm-none-eabi/4.4.1/../../../../arm-none-eabi/lib/thumb2\libc.a(lib_a-fwalk.o)
                0x20005efc                _fwalk_reent
                0x20005f50                _fwalk
 .text          0x20005f9c       0x74 c:/program files (x86)/microsemi/softconsole v3.3/sourcery-g++/bin/../lib/gcc/arm-none-eabi/4.4.1/../../../../arm-none-eabi/lib/thumb2\libc.a(lib_a-locale.o)
                0x20005f9c                __locale_charset
                0x20005fa8                _localeconv_r
                0x20005fb0                localeconv
                0x20005fb8                _setlocale_r
                0x20006000                setlocale
 .text          0x20006010       0xdc c:/program files (x86)/microsemi/softconsole v3.3/sourcery-g++/bin/../lib/gcc/arm-none-eabi/4.4.1/../../../../arm-none-eabi/lib/thumb2\libc.a(lib_a-makebuf.o)
                0x20006010                __smakebuf_r
 .text          0x200060ec       0x20 c:/program files (x86)/microsemi/softconsole v3.3/sourcery-g++/bin/../lib/gcc/arm-none-eabi/4.4.1/../../../../arm-none-eabi/lib/thumb2\libc.a(lib_a-malloc.o)
                0x200060ec                free
                0x200060fc                malloc
 .text          0x2000610c      0x5a4 c:/program files (x86)/microsemi/softconsole v3.3/sourcery-g++/bin/../lib/gcc/arm-none-eabi/4.4.1/../../../../arm-none-eabi/lib/thumb2\libc.a(lib_a-mallocr.o)
                0x2000610c                _malloc_r
 .text          0x200066b0       0x74 c:/program files (x86)/microsemi/softconsole v3.3/sourcery-g++/bin/../lib/gcc/arm-none-eabi/4.4.1/../../../../arm-none-eabi/lib/thumb2\libc.a(lib_a-memchr.o)
                0x200066b0                memchr
 .text          0x20006724      0x190 c:/program files (x86)/microsemi/softconsole v3.3/sourcery-g++/bin/../lib/gcc/arm-none-eabi/4.4.1/../../../../arm-none-eabi/lib/thumb2\libc.a(lib_a-memcpy.o)
                0x20006724                memcpy
 .text          0x200068b4       0xb8 c:/program files (x86)/microsemi/softconsole v3.3/sourcery-g++/bin/../lib/gcc/arm-none-eabi/4.4.1/../../../../arm-none-eabi/lib/thumb2\libc.a(lib_a-memmove.o)
                0x200068b4                memmove
 .text          0x2000696c       0xd4 c:/program files (x86)/microsemi/softconsole v3.3/sourcery-g++/bin/../lib/gcc/arm-none-eabi/4.4.1/../../../../arm-none-eabi/lib/thumb2\libc.a(lib_a-memset.o)
                0x2000696c                memset
 .text          0x20006a40        0x8 c:/program files (x86)/microsemi/softconsole v3.3/sourcery-g++/bin/../lib/gcc/arm-none-eabi/4.4.1/../../../../arm-none-eabi/lib/thumb2\libc.a(lib_a-mlock.o)
                0x20006a40                __malloc_lock
                0x20006a44                __malloc_unlock
 .text          0x20006a48      0x958 c:/program files (x86)/microsemi/softconsole v3.3/sourcery-g++/bin/../lib/gcc/arm-none-eabi/4.4.1/../../../../arm-none-eabi/lib/thumb2\libc.a(lib_a-mprec.o)
                0x20006a48                __hi0bits
                0x20006a88                __lo0bits
                0x20006aec                __mcmp
                0x20006b2c                __ulp
                0x20006b78                __b2d
                0x20006c20                __ratio
                0x20006c80                _mprec_log10
                0x20006cb8                __copybits
                0x20006d08                __any_on
                0x20006d60                _Bfree
                0x20006d98                _Balloc
                0x20006e04                __d2b
                0x20006ed4                __mdiff
                0x20006fcc                __lshift
                0x20007088                __multiply
                0x200071bc                __i2b
                0x200071d0                __multadd
                0x20007258                __pow5mult
                0x20007304                __s2b
 .text          0x200073a0      0x3b4 c:/program files (x86)/microsemi/softconsole v3.3/sourcery-g++/bin/../lib/gcc/arm-none-eabi/4.4.1/../../../../arm-none-eabi/lib/thumb2\libc.a(lib_a-reallocr.o)
                0x200073a0                _realloc_r
 .text          0x20007754       0x24 c:/program files (x86)/microsemi/softconsole v3.3/sourcery-g++/bin/../lib/gcc/arm-none-eabi/4.4.1/../../../../arm-none-eabi/lib/thumb2\libc.a(lib_a-s_isinfd.o)
                0x20007754                __isinfd
 .text          0x20007778       0x1c c:/program files (x86)/microsemi/softconsole v3.3/sourcery-g++/bin/../lib/gcc/arm-none-eabi/4.4.1/../../../../arm-none-eabi/lib/thumb2\libc.a(lib_a-s_isnand.o)
                0x20007778                __isnand
 .text          0x20007794       0x28 c:/program files (x86)/microsemi/softconsole v3.3/sourcery-g++/bin/../lib/gcc/arm-none-eabi/4.4.1/../../../../arm-none-eabi/lib/thumb2\libc.a(lib_a-sbrkr.o)
                0x20007794                _sbrk_r
 .text          0x200077bc       0x90 c:/program files (x86)/microsemi/softconsole v3.3/sourcery-g++/bin/../lib/gcc/arm-none-eabi/4.4.1/../../../../arm-none-eabi/lib/thumb2\libc.a(lib_a-stdio.o)
                0x200077bc                __sclose
                0x200077c4                __sseek
                0x200077ec                __swrite
                0x20007828                __sread
 .text          0x2000784c      0x1dc c:/program files (x86)/microsemi/softconsole v3.3/sourcery-g++/bin/../lib/gcc/arm-none-eabi/4.4.1/../../../../arm-none-eabi/lib/thumb2\libc.a(lib_a-strcmp.o)
                0x2000784c                strcmp
 .text          0x20007a28       0x60 c:/program files (x86)/microsemi/softconsole v3.3/sourcery-g++/bin/../lib/gcc/arm-none-eabi/4.4.1/../../../../arm-none-eabi/lib/thumb2\libc.a(lib_a-strlen.o)
                0x20007a28                strlen
 .text          0x20007a88       0x5c c:/program files (x86)/microsemi/softconsole v3.3/sourcery-g++/bin/../lib/gcc/arm-none-eabi/4.4.1/../../../../arm-none-eabi/lib/thumb2\libc.a(lib_a-callocr.o)
                0x20007a88                _calloc_r
 .text          0x20007ae4       0x28 c:/program files (x86)/microsemi/softconsole v3.3/sourcery-g++/bin/../lib/gcc/arm-none-eabi/4.4.1/../../../../arm-none-eabi/lib/thumb2\libc.a(lib_a-closer.o)
                0x20007ae4                _close_r
 .text          0x20007b0c       0xcc c:/program files (x86)/microsemi/softconsole v3.3/sourcery-g++/bin/../lib/gcc/arm-none-eabi/4.4.1/../../../../arm-none-eabi/lib/thumb2\libc.a(lib_a-fclose.o)
                0x20007b0c                _fclose_r
                0x20007bc8                fclose
 .text          0x20007bd8       0x2c c:/program files (x86)/microsemi/softconsole v3.3/sourcery-g++/bin/../lib/gcc/arm-none-eabi/4.4.1/../../../../arm-none-eabi/lib/thumb2\libc.a(lib_a-fstatr.o)
                0x20007bd8                _fstat_r
 .text          0x20007c04       0x28 c:/program files (x86)/microsemi/softconsole v3.3/sourcery-g++/bin/../lib/gcc/arm-none-eabi/4.4.1/../../../../arm-none-eabi/lib/thumb2\libc.a(lib_a-isattyr.o)
                0x20007c04                _isatty_r
 .text          0x20007c2c       0x2c c:/program files (x86)/microsemi/softconsole v3.3/sourcery-g++/bin/../lib/gcc/arm-none-eabi/4.4.1/../../../../arm-none-eabi/lib/thumb2\libc.a(lib_a-lseekr.o)
                0x20007c2c                _lseek_r
 .text          0x20007c58       0x2c c:/program files (x86)/microsemi/softconsole v3.3/sourcery-g++/bin/../lib/gcc/arm-none-eabi/4.4.1/../../../../arm-none-eabi/lib/thumb2\libc.a(lib_a-readr.o)
                0x20007c58                _read_r
 *fill*         0x20007c84        0x4 00
 .text          0x20007c88      0x278 c:/program files (x86)/microsemi/softconsole v3.3/sourcery-g++/bin/../lib/gcc/arm-none-eabi/4.4.1/thumb2\libgcc.a(_udivsi3.o)
                0x20007c88                __aeabi_uidiv
                0x20007c88                __udivsi3
                0x20007ee4                __aeabi_uidivmod
 .text          0x20007f00        0x4 c:/program files (x86)/microsemi/softconsole v3.3/sourcery-g++/bin/../lib/gcc/arm-none-eabi/4.4.1/thumb2\libgcc.a(_dvmd_tls.o)
                0x20007f00                __aeabi_idiv0
                0x20007f00                __aeabi_ldiv0
 .text          0x20007f04       0x50 c:/program files (x86)/microsemi/softconsole v3.3/sourcery-g++/bin/../lib/gcc/arm-none-eabi/4.4.1/thumb2\libgcc.a(_arm_fixdfsi.o)
                0x20007f04                __aeabi_d2iz
                0x20007f04                __fixdfsi
 .text          0x20007f54       0x2c c:/program files (x86)/microsemi/softconsole v3.3/sourcery-g++/bin/../lib/gcc/arm-none-eabi/4.4.1/thumb2\libgcc.a(_aeabi_uldivmod.o)
                0x20007f54                __aeabi_uldivmod
 .text          0x20007f80       0x58 c:/program files (x86)/microsemi/softconsole v3.3/sourcery-g++/bin/../lib/gcc/arm-none-eabi/4.4.1/thumb2\libgcc.a(bpabi.o)
                0x20007f80                __gnu_uldivmod_helper
                0x20007fac                __gnu_ldivmod_helper
 .text          0x20007fd8      0x364 c:/program files (x86)/microsemi/softconsole v3.3/sourcery-g++/bin/../lib/gcc/arm-none-eabi/4.4.1/thumb2\libgcc.a(_divdi3.o)
                0x20007fd8                __divdi3
 .text          0x2000833c      0x300 c:/program files (x86)/microsemi/softconsole v3.3/sourcery-g++/bin/../lib/gcc/arm-none-eabi/4.4.1/thumb2\libgcc.a(_udivdi3.o)
                0x2000833c                __udivdi3
 *fill*         0x2000863c        0x4 00
 .text          0x20008640      0x128 c:/program files (x86)/microsemi/softconsole v3.3/sourcery-g++/bin/../lib/gcc/arm-none-eabi/4.4.1/../../../../arm-none-eabi/lib/thumb2\libm.a(lib_a-s_floor.o)
                0x20008640                floor
 *(.plt)
 *(.gnu.warning)
 *(.glue_7t)
 .glue_7t       0x00000000        0x0 linker stubs
 *(.glue_7)
 .glue_7        0x00000000        0x0 linker stubs
 *(.vfp11_veneer)
 .vfp11_veneer  0x00000000        0x0 linker stubs
                0x20008768                . = ALIGN (0x4)
 *crtbegin.o(.ctors)
 *(EXCLUDE_FILE(*crtend.o) .ctors)
 *(SORT(.ctors.*))
 *crtend.o(.ctors)
 *crtbegin.o(.dtors)
 *(EXCLUDE_FILE(*crtend.o) .dtors)
 *(SORT(.dtors.*))
 *crtend.o(.dtors)
 *(.rodata .rodata.* .gnu.linkonce.r.*)
 .rodata        0x20008768       0xa0 ./main.o
 .rodata.str1.4
                0x20008808       0x1a N:/eecs373/PolyBots/N64/N64_controller_iter4/N64_controller_iter_4/SoftConsole/N64_controller_iter_4_MSS_MSS_CM3_0/N64_controller_iter_4_MSS_MSS_CM3_0_hw_platform/Debug/CMSIS/startup_gcc/newlib_stubs.o
                                 0x1c (size before relaxing)
 *fill*         0x20008822        0x2 00
 .rodata        0x20008824       0x10 N:\eecs373\PolyBots\N64\N64_controller_iter4\N64_controller_iter_4\SoftConsole\N64_controller_iter_4_MSS_MSS_CM3_0\N64_controller_iter_4_MSS_MSS_CM3_0_hw_platform\Debug\libN64_controller_iter_4_MSS_MSS_CM3_0_hw_platform.a(system_a2fxxxm3.o)
 .rodata        0x20008834        0x4 c:/program files (x86)/microsemi/softconsole v3.3/sourcery-g++/bin/../lib/gcc/arm-none-eabi/4.4.1/../../../../arm-none-eabi/lib/thumb2\libc.a(lib_a-impure.o)
                0x20008834                _global_impure_ptr
 .rodata.str1.4
                0x20008838        0x2 c:/program files (x86)/microsemi/softconsole v3.3/sourcery-g++/bin/../lib/gcc/arm-none-eabi/4.4.1/../../../../arm-none-eabi/lib/thumb2\libc.a(lib_a-impure.o)
                                  0x4 (size before relaxing)
 *fill*         0x2000883a        0x2 00
 .rodata        0x2000883c       0x20 c:/program files (x86)/microsemi/softconsole v3.3/sourcery-g++/bin/../lib/gcc/arm-none-eabi/4.4.1/../../../../arm-none-eabi/lib/thumb2\libc.a(lib_a-vfprintf.o)
 .rodata.str1.4
                0x2000885c       0x42 c:/program files (x86)/microsemi/softconsole v3.3/sourcery-g++/bin/../lib/gcc/arm-none-eabi/4.4.1/../../../../arm-none-eabi/lib/thumb2\libc.a(lib_a-vfprintf.o)
                                 0x44 (size before relaxing)
 *fill*         0x2000889e        0x2 00
 .rodata.str1.4
                0x200088a0       0x10 c:/program files (x86)/microsemi/softconsole v3.3/sourcery-g++/bin/../lib/gcc/arm-none-eabi/4.4.1/../../../../arm-none-eabi/lib/thumb2\libc.a(lib_a-dtoa.o)
                                 0x14 (size before relaxing)
 .rodata        0x200088b0       0x60 c:/program files (x86)/microsemi/softconsole v3.3/sourcery-g++/bin/../lib/gcc/arm-none-eabi/4.4.1/../../../../arm-none-eabi/lib/thumb2\libc.a(lib_a-findfp.o)
                0x200088b0                __sf_fake_stdin
                0x200088d0                __sf_fake_stdout
                0x200088f0                __sf_fake_stderr
 .rodata        0x20008910       0x34 c:/program files (x86)/microsemi/softconsole v3.3/sourcery-g++/bin/../lib/gcc/arm-none-eabi/4.4.1/../../../../arm-none-eabi/lib/thumb2\libc.a(lib_a-locale.o)
 .rodata.str1.4
                0x20008944       0x10 c:/program files (x86)/microsemi/softconsole v3.3/sourcery-g++/bin/../lib/gcc/arm-none-eabi/4.4.1/../../../../arm-none-eabi/lib/thumb2\libc.a(lib_a-locale.o)
                                 0x18 (size before relaxing)
 *fill*         0x20008954        0x4 00
 .rodata        0x20008958      0x128 c:/program files (x86)/microsemi/softconsole v3.3/sourcery-g++/bin/../lib/gcc/arm-none-eabi/4.4.1/../../../../arm-none-eabi/lib/thumb2\libc.a(lib_a-mprec.o)
                0x20008958                __mprec_tens
                0x20008a30                __mprec_bigtens
                0x20008a58                __mprec_tinytens
 *(.ARM.extab* .gnu.linkonce.armextab.*)
 *(.gcc_except_table)
 *(.eh_frame_hdr)
 *(.eh_frame)
 *(.init)
 .init          0x20008a80        0x4 c:/program files (x86)/microsemi/softconsole v3.3/sourcery-g++/bin/../lib/gcc/arm-none-eabi/4.4.1/thumb2/crti.o
                0x20008a80                _init
 .init          0x20008a84        0x8 c:/program files (x86)/microsemi/softconsole v3.3/sourcery-g++/bin/../lib/gcc/arm-none-eabi/4.4.1/thumb2/crtn.o
 *(.fini)
 .fini          0x20008a8c        0x4 c:/program files (x86)/microsemi/softconsole v3.3/sourcery-g++/bin/../lib/gcc/arm-none-eabi/4.4.1/thumb2/crti.o
                0x20008a8c                _fini
 .fini          0x20008a90        0x8 c:/program files (x86)/microsemi/softconsole v3.3/sourcery-g++/bin/../lib/gcc/arm-none-eabi/4.4.1/thumb2/crtn.o
                0x20008a98                PROVIDE (__preinit_array_start, .)
 *(.preinit_array)
                0x20008a98                PROVIDE (__preinit_array_end, .)
                0x20008a98                PROVIDE (__init_array_start, .)
 *(SORT(.init_array.*))
 *(.init_array)
 .init_array    0x20008a98        0x4 c:/program files (x86)/microsemi/softconsole v3.3/sourcery-g++/bin/../lib/gcc/arm-none-eabi/4.4.1/thumb2/crtbegin.o
                0x20008a9c                PROVIDE (__init_array_end, .)
                0x20008a9c                PROVIDE (__fini_array_start, .)
 *(.fini_array)
 .fini_array    0x20008a9c        0x4 c:/program files (x86)/microsemi/softconsole v3.3/sourcery-g++/bin/../lib/gcc/arm-none-eabi/4.4.1/thumb2/crtbegin.o
 *(SORT(.fini_array.*))
                0x20008aa0                PROVIDE (__fini_array_end, .)
                0x20008aa0                __exidx_start = .

.v4_bx          0x20008aa0        0x0
 .v4_bx         0x00000000        0x0 linker stubs

.ARM.exidx      0x20008aa0        0x8
 *(.ARM.exidx* .gnu.linkonce.armexidx.*)
 .ARM.exidx     0x20008aa0        0x8 c:/program files (x86)/microsemi/softconsole v3.3/sourcery-g++/bin/../lib/gcc/arm-none-eabi/4.4.1/thumb2\libgcc.a(_divdi3.o)
 .ARM.exidx     0x20008aa8        0x0 c:/program files (x86)/microsemi/softconsole v3.3/sourcery-g++/bin/../lib/gcc/arm-none-eabi/4.4.1/thumb2\libgcc.a(_udivdi3.o)
                                  0x8 (size before relaxing)
                0x20008aa8                __exidx_end = .
                0x20008aa8                _etext = .
                0x20008aa8                PROVIDE (__text_end, .)

.data           0x20008aa8      0x520
                0x20008aa8                __data_load = LOADADDR (.data)
                0x20008aa8                _sidata = LOADADDR (.data)
                0x20008aa8                __data_start = .
                0x20008aa8                _sdata = .
 *(.jcr)
 .jcr           0x20008aa8        0x0 c:/program files (x86)/microsemi/softconsole v3.3/sourcery-g++/bin/../lib/gcc/arm-none-eabi/4.4.1/thumb2/crtbegin.o
 .jcr           0x20008aa8        0x4 c:/program files (x86)/microsemi/softconsole v3.3/sourcery-g++/bin/../lib/gcc/arm-none-eabi/4.4.1/thumb2/crtend.o
 *(.got.plt)
 *(.got)
 *(.shdata)
 *(.data .data.* .gnu.linkonce.d.*)
 .data          0x20008aac       0x18 N:\eecs373\PolyBots\N64\N64_controller_iter4\N64_controller_iter_4\SoftConsole\N64_controller_iter_4_MSS_MSS_CM3_0\N64_controller_iter_4_MSS_MSS_CM3_0_hw_platform\Debug\libN64_controller_iter_4_MSS_MSS_CM3_0_hw_platform.a(system_a2fxxxm3.o)
                0x20008aac                SystemCoreClock
                0x20008ab0                g_FrequencyPCLK0
                0x20008ab4                g_FrequencyPCLK1
                0x20008ab8                g_FrequencyACE
                0x20008abc                g_FrequencyFPGA
                0x20008ac0                SystemFrequency
 .data          0x20008ac4       0xf4 c:/program files (x86)/microsemi/softconsole v3.3/sourcery-g++/bin/../lib/gcc/arm-none-eabi/4.4.1/../../../../arm-none-eabi/lib/thumb2\libc.a(lib_a-impure.o)
                0x20008ac4                _impure_ptr
 .data          0x20008bb8      0x410 c:/program files (x86)/microsemi/softconsole v3.3/sourcery-g++/bin/../lib/gcc/arm-none-eabi/4.4.1/../../../../arm-none-eabi/lib/thumb2\libc.a(lib_a-mallocr.o)
                0x20008bb8                __malloc_av_
                0x20008fc0                __malloc_sbrk_base
                0x20008fc4                __malloc_trim_threshold
                0x20008fc8                . = ALIGN (0x4)
                0x20008fc8                _edata = .

.bss            0x20008fc8       0x98
                0x20008fc8                __bss_start__ = .
                0x20008fc8                _sbss = .
 *(.shbss)
 *(.bss .bss.* .gnu.linkonce.b.*)
 .bss           0x20008fc8        0x1 c:/program files (x86)/microsemi/softconsole v3.3/sourcery-g++/bin/../lib/gcc/arm-none-eabi/4.4.1/thumb2/crtbegin.o
 *fill*         0x20008fc9        0x3 00
 .bss           0x20008fcc        0xc N:/eecs373/PolyBots/N64/N64_controller_iter4/N64_controller_iter_4/SoftConsole/N64_controller_iter_4_MSS_MSS_CM3_0/N64_controller_iter_4_MSS_MSS_CM3_0_hw_platform/Debug/CMSIS/startup_gcc/newlib_stubs.o
                0x20008fd4                __env
 .bss           0x20008fd8       0x34 c:/program files (x86)/microsemi/softconsole v3.3/sourcery-g++/bin/../lib/gcc/arm-none-eabi/4.4.1/../../../../arm-none-eabi/lib/thumb2\libc.a(lib_a-mallocr.o)
                0x20008fd8                __malloc_top_pad
                0x20008fdc                __malloc_current_mallinfo
                0x20009004                __malloc_max_sbrked_mem
                0x20009008                __malloc_max_total_mem
 *(COMMON)
 COMMON         0x2000900c       0x50 N:\eecs373\PolyBots\N64\N64_controller_iter4\N64_controller_iter_4\SoftConsole\N64_controller_iter_4_MSS_MSS_CM3_0\N64_controller_iter_4_MSS_MSS_CM3_0_hw_platform\Debug\libN64_controller_iter_4_MSS_MSS_CM3_0_hw_platform.a(mss_uart.o)
                0x2000900c                g_mss_uart1
                0x20009034                g_mss_uart0
 COMMON         0x2000905c        0x4 c:/program files (x86)/microsemi/softconsole v3.3/sourcery-g++/bin/../lib/gcc/arm-none-eabi/4.4.1/../../../../arm-none-eabi/lib/thumb2\libc.a(lib_a-reent.o)
                0x2000905c                errno
                0x20009060                . = ALIGN (0x8)
                0x20009060                __bss_end__ = .
                0x20009060                _end = .
                0x20009060                __end = _end
                0x20009060                _ebss = .
                0x20009060                PROVIDE (end, .)

.stack          0x20009060     0x3000
                0x20009060                . = ALIGN (0x4)
                0x2000a060                . = (. + PROCESS_STACK_SIZE)
 *fill*         0x20009060     0x1000 00
                0x2000a060                . = ALIGN (0x4)
                0x2000c060                . = (. + MAIN_STACK_SIZE)
 *fill*         0x2000a060     0x2000 00
                0x2000c060                . = ALIGN (0x4)

.stab
 *(.stab)

.stabstr
 *(.stabstr)

.debug
 *(.debug)

.line
 *(.line)

.debug_srcinfo
 *(.debug_srcinfo)

.debug_sfnames
 *(.debug_sfnames)

.comment        0x00000000       0xac
 .comment       0x00000000       0x2b ./main.o
 .comment       0x0000002b       0x2b N:/eecs373/PolyBots/N64/N64_controller_iter4/N64_controller_iter_4/SoftConsole/N64_controller_iter_4_MSS_MSS_CM3_0/N64_controller_iter_4_MSS_MSS_CM3_0_hw_platform/Debug/CMSIS/startup_gcc/newlib_stubs.o
 .comment       0x00000056       0x2b N:\eecs373\PolyBots\N64\N64_controller_iter4\N64_controller_iter_4\SoftConsole\N64_controller_iter_4_MSS_MSS_CM3_0\N64_controller_iter_4_MSS_MSS_CM3_0_hw_platform\Debug\libN64_controller_iter_4_MSS_MSS_CM3_0_hw_platform.a(mss_uart.o)
 .comment       0x00000081       0x2b N:\eecs373\PolyBots\N64\N64_controller_iter4\N64_controller_iter_4\SoftConsole\N64_controller_iter_4_MSS_MSS_CM3_0\N64_controller_iter_4_MSS_MSS_CM3_0_hw_platform\Debug\libN64_controller_iter_4_MSS_MSS_CM3_0_hw_platform.a(system_a2fxxxm3.o)

.debug_aranges  0x00000000       0xd0
 *(.debug_aranges)
 .debug_aranges
                0x00000000       0x70 ./main.o
 .debug_aranges
                0x00000070       0x20 N:/eecs373/PolyBots/N64/N64_controller_iter4/N64_controller_iter_4/SoftConsole/N64_controller_iter_4_MSS_MSS_CM3_0/N64_controller_iter_4_MSS_MSS_CM3_0_hw_platform/Debug/CMSIS/startup_gcc/newlib_stubs.o
 .debug_aranges
                0x00000090       0x20 N:\eecs373\PolyBots\N64\N64_controller_iter4\N64_controller_iter_4\SoftConsole\N64_controller_iter_4_MSS_MSS_CM3_0\N64_controller_iter_4_MSS_MSS_CM3_0_hw_platform\Debug\libN64_controller_iter_4_MSS_MSS_CM3_0_hw_platform.a(mss_uart.o)
 .debug_aranges
                0x000000b0       0x20 N:\eecs373\PolyBots\N64\N64_controller_iter4\N64_controller_iter_4\SoftConsole\N64_controller_iter_4_MSS_MSS_CM3_0\N64_controller_iter_4_MSS_MSS_CM3_0_hw_platform\Debug\libN64_controller_iter_4_MSS_MSS_CM3_0_hw_platform.a(system_a2fxxxm3.o)

.debug_pubnames
                0x00000000      0x510
 *(.debug_pubnames)
 .debug_pubnames
                0x00000000      0x155 ./main.o
 .debug_pubnames
                0x00000155       0xeb N:/eecs373/PolyBots/N64/N64_controller_iter4/N64_controller_iter_4/SoftConsole/N64_controller_iter_4_MSS_MSS_CM3_0/N64_controller_iter_4_MSS_MSS_CM3_0_hw_platform/Debug/CMSIS/startup_gcc/newlib_stubs.o
 .debug_pubnames
                0x00000240      0x21c N:\eecs373\PolyBots\N64\N64_controller_iter4\N64_controller_iter_4\SoftConsole\N64_controller_iter_4_MSS_MSS_CM3_0\N64_controller_iter_4_MSS_MSS_CM3_0_hw_platform\Debug\libN64_controller_iter_4_MSS_MSS_CM3_0_hw_platform.a(mss_uart.o)
 .debug_pubnames
                0x0000045c       0xb4 N:\eecs373\PolyBots\N64\N64_controller_iter4\N64_controller_iter_4\SoftConsole\N64_controller_iter_4_MSS_MSS_CM3_0\N64_controller_iter_4_MSS_MSS_CM3_0_hw_platform\Debug\libN64_controller_iter_4_MSS_MSS_CM3_0_hw_platform.a(system_a2fxxxm3.o)

.debug_info     0x00000000     0x3d23
 *(.debug_info .gnu.linkonce.wi.*)
 .debug_info    0x00000000      0xf8f ./main.o
 .debug_info    0x00000f8f     0x10e7 N:/eecs373/PolyBots/N64/N64_controller_iter4/N64_controller_iter_4/SoftConsole/N64_controller_iter_4_MSS_MSS_CM3_0/N64_controller_iter_4_MSS_MSS_CM3_0_hw_platform/Debug/CMSIS/startup_gcc/newlib_stubs.o
 .debug_info    0x00002076     0x173c N:\eecs373\PolyBots\N64\N64_controller_iter4\N64_controller_iter_4\SoftConsole\N64_controller_iter_4_MSS_MSS_CM3_0\N64_controller_iter_4_MSS_MSS_CM3_0_hw_platform\Debug\libN64_controller_iter_4_MSS_MSS_CM3_0_hw_platform.a(mss_uart.o)
 .debug_info    0x000037b2      0x571 N:\eecs373\PolyBots\N64\N64_controller_iter4\N64_controller_iter_4\SoftConsole\N64_controller_iter_4_MSS_MSS_CM3_0\N64_controller_iter_4_MSS_MSS_CM3_0_hw_platform\Debug\libN64_controller_iter_4_MSS_MSS_CM3_0_hw_platform.a(system_a2fxxxm3.o)

.debug_abbrev   0x00000000      0x8a2
 *(.debug_abbrev)
 .debug_abbrev  0x00000000      0x1fd ./main.o
 .debug_abbrev  0x000001fd      0x24f N:/eecs373/PolyBots/N64/N64_controller_iter4/N64_controller_iter_4/SoftConsole/N64_controller_iter_4_MSS_MSS_CM3_0/N64_controller_iter_4_MSS_MSS_CM3_0_hw_platform/Debug/CMSIS/startup_gcc/newlib_stubs.o
 .debug_abbrev  0x0000044c      0x304 N:\eecs373\PolyBots\N64\N64_controller_iter4\N64_controller_iter_4\SoftConsole\N64_controller_iter_4_MSS_MSS_CM3_0\N64_controller_iter_4_MSS_MSS_CM3_0_hw_platform\Debug\libN64_controller_iter_4_MSS_MSS_CM3_0_hw_platform.a(mss_uart.o)
 .debug_abbrev  0x00000750      0x152 N:\eecs373\PolyBots\N64\N64_controller_iter4\N64_controller_iter_4\SoftConsole\N64_controller_iter_4_MSS_MSS_CM3_0\N64_controller_iter_4_MSS_MSS_CM3_0_hw_platform\Debug\libN64_controller_iter_4_MSS_MSS_CM3_0_hw_platform.a(system_a2fxxxm3.o)

.debug_line     0x00000000     0x12fa
 *(.debug_line)
 .debug_line    0x00000000      0x6ec ./main.o
 .debug_line    0x000006ec      0x464 N:/eecs373/PolyBots/N64/N64_controller_iter4/N64_controller_iter_4/SoftConsole/N64_controller_iter_4_MSS_MSS_CM3_0/N64_controller_iter_4_MSS_MSS_CM3_0_hw_platform/Debug/CMSIS/startup_gcc/newlib_stubs.o
 .debug_line    0x00000b50      0x519 N:\eecs373\PolyBots\N64\N64_controller_iter4\N64_controller_iter_4\SoftConsole\N64_controller_iter_4_MSS_MSS_CM3_0\N64_controller_iter_4_MSS_MSS_CM3_0_hw_platform\Debug\libN64_controller_iter_4_MSS_MSS_CM3_0_hw_platform.a(mss_uart.o)
 .debug_line    0x00001069      0x291 N:\eecs373\PolyBots\N64\N64_controller_iter4\N64_controller_iter_4\SoftConsole\N64_controller_iter_4_MSS_MSS_CM3_0\N64_controller_iter_4_MSS_MSS_CM3_0_hw_platform\Debug\libN64_controller_iter_4_MSS_MSS_CM3_0_hw_platform.a(system_a2fxxxm3.o)

.debug_frame    0x00000000     0x1144
 *(.debug_frame)
 .debug_frame   0x00000000      0x168 ./main.o
 .debug_frame   0x00000168      0x174 N:/eecs373/PolyBots/N64/N64_controller_iter4/N64_controller_iter_4/SoftConsole/N64_controller_iter_4_MSS_MSS_CM3_0/N64_controller_iter_4_MSS_MSS_CM3_0_hw_platform/Debug/CMSIS/startup_gcc/newlib_stubs.o
 .debug_frame   0x000002dc      0x1f0 N:\eecs373\PolyBots\N64\N64_controller_iter4\N64_controller_iter_4\SoftConsole\N64_controller_iter_4_MSS_MSS_CM3_0\N64_controller_iter_4_MSS_MSS_CM3_0_hw_platform\Debug\libN64_controller_iter_4_MSS_MSS_CM3_0_hw_platform.a(mss_uart.o)
 .debug_frame   0x000004cc       0x3c N:\eecs373\PolyBots\N64\N64_controller_iter4\N64_controller_iter_4\SoftConsole\N64_controller_iter_4_MSS_MSS_CM3_0\N64_controller_iter_4_MSS_MSS_CM3_0_hw_platform\Debug\libN64_controller_iter_4_MSS_MSS_CM3_0_hw_platform.a(system_a2fxxxm3.o)
 .debug_frame   0x00000508       0x20 c:/program files (x86)/microsemi/softconsole v3.3/sourcery-g++/bin/../lib/gcc/arm-none-eabi/4.4.1/../../../../arm-none-eabi/lib/thumb2\libc.a(lib_a-errno.o)
 .debug_frame   0x00000528       0x2c c:/program files (x86)/microsemi/softconsole v3.3/sourcery-g++/bin/../lib/gcc/arm-none-eabi/4.4.1/../../../../arm-none-eabi/lib/thumb2\libc.a(lib_a-init.o)
 .debug_frame   0x00000554       0x5c c:/program files (x86)/microsemi/softconsole v3.3/sourcery-g++/bin/../lib/gcc/arm-none-eabi/4.4.1/../../../../arm-none-eabi/lib/thumb2\libc.a(lib_a-printf.o)
 .debug_frame   0x000005b0       0x70 c:/program files (x86)/microsemi/softconsole v3.3/sourcery-g++/bin/../lib/gcc/arm-none-eabi/4.4.1/../../../../arm-none-eabi/lib/thumb2\libc.a(lib_a-vfprintf.o)
 .debug_frame   0x00000620       0x2c c:/program files (x86)/microsemi/softconsole v3.3/sourcery-g++/bin/../lib/gcc/arm-none-eabi/4.4.1/../../../../arm-none-eabi/lib/thumb2\libc.a(lib_a-wsetup.o)
 .debug_frame   0x0000064c       0x64 c:/program files (x86)/microsemi/softconsole v3.3/sourcery-g++/bin/../lib/gcc/arm-none-eabi/4.4.1/../../../../arm-none-eabi/lib/thumb2\libc.a(lib_a-dtoa.o)
 .debug_frame   0x000006b0       0x40 c:/program files (x86)/microsemi/softconsole v3.3/sourcery-g++/bin/../lib/gcc/arm-none-eabi/4.4.1/../../../../arm-none-eabi/lib/thumb2\libc.a(lib_a-fflush.o)
 .debug_frame   0x000006f0      0x11c c:/program files (x86)/microsemi/softconsole v3.3/sourcery-g++/bin/../lib/gcc/arm-none-eabi/4.4.1/../../../../arm-none-eabi/lib/thumb2\libc.a(lib_a-findfp.o)
 .debug_frame   0x0000080c       0x50 c:/program files (x86)/microsemi/softconsole v3.3/sourcery-g++/bin/../lib/gcc/arm-none-eabi/4.4.1/../../../../arm-none-eabi/lib/thumb2\libc.a(lib_a-freer.o)
 .debug_frame   0x0000085c       0x3c c:/program files (x86)/microsemi/softconsole v3.3/sourcery-g++/bin/../lib/gcc/arm-none-eabi/4.4.1/../../../../arm-none-eabi/lib/thumb2\libc.a(lib_a-fvwrite.o)
 .debug_frame   0x00000898       0x54 c:/program files (x86)/microsemi/softconsole v3.3/sourcery-g++/bin/../lib/gcc/arm-none-eabi/4.4.1/../../../../arm-none-eabi/lib/thumb2\libc.a(lib_a-fwalk.o)
 .debug_frame   0x000008ec       0x6c c:/program files (x86)/microsemi/softconsole v3.3/sourcery-g++/bin/../lib/gcc/arm-none-eabi/4.4.1/../../../../arm-none-eabi/lib/thumb2\libc.a(lib_a-locale.o)
 .debug_frame   0x00000958       0x34 c:/program files (x86)/microsemi/softconsole v3.3/sourcery-g++/bin/../lib/gcc/arm-none-eabi/4.4.1/../../../../arm-none-eabi/lib/thumb2\libc.a(lib_a-makebuf.o)
 .debug_frame   0x0000098c       0x30 c:/program files (x86)/microsemi/softconsole v3.3/sourcery-g++/bin/../lib/gcc/arm-none-eabi/4.4.1/../../../../arm-none-eabi/lib/thumb2\libc.a(lib_a-malloc.o)
 .debug_frame   0x000009bc       0x3c c:/program files (x86)/microsemi/softconsole v3.3/sourcery-g++/bin/../lib/gcc/arm-none-eabi/4.4.1/../../../../arm-none-eabi/lib/thumb2\libc.a(lib_a-mallocr.o)
 .debug_frame   0x000009f8       0x28 c:/program files (x86)/microsemi/softconsole v3.3/sourcery-g++/bin/../lib/gcc/arm-none-eabi/4.4.1/../../../../arm-none-eabi/lib/thumb2\libc.a(lib_a-memchr.o)
 .debug_frame   0x00000a20       0x34 c:/program files (x86)/microsemi/softconsole v3.3/sourcery-g++/bin/../lib/gcc/arm-none-eabi/4.4.1/../../../../arm-none-eabi/lib/thumb2\libc.a(lib_a-memcpy.o)
 .debug_frame   0x00000a54       0x2c c:/program files (x86)/microsemi/softconsole v3.3/sourcery-g++/bin/../lib/gcc/arm-none-eabi/4.4.1/../../../../arm-none-eabi/lib/thumb2\libc.a(lib_a-memmove.o)
 .debug_frame   0x00000a80       0x28 c:/program files (x86)/microsemi/softconsole v3.3/sourcery-g++/bin/../lib/gcc/arm-none-eabi/4.4.1/../../../../arm-none-eabi/lib/thumb2\libc.a(lib_a-memset.o)
 .debug_frame   0x00000aa8       0x30 c:/program files (x86)/microsemi/softconsole v3.3/sourcery-g++/bin/../lib/gcc/arm-none-eabi/4.4.1/../../../../arm-none-eabi/lib/thumb2\libc.a(lib_a-mlock.o)
 .debug_frame   0x00000ad8      0x240 c:/program files (x86)/microsemi/softconsole v3.3/sourcery-g++/bin/../lib/gcc/arm-none-eabi/4.4.1/../../../../arm-none-eabi/lib/thumb2\libc.a(lib_a-mprec.o)
 .debug_frame   0x00000d18       0x3c c:/program files (x86)/microsemi/softconsole v3.3/sourcery-g++/bin/../lib/gcc/arm-none-eabi/4.4.1/../../../../arm-none-eabi/lib/thumb2\libc.a(lib_a-reallocr.o)
 .debug_frame   0x00000d54       0x20 c:/program files (x86)/microsemi/softconsole v3.3/sourcery-g++/bin/../lib/gcc/arm-none-eabi/4.4.1/../../../../arm-none-eabi/lib/thumb2\libc.a(lib_a-s_isinfd.o)
 .debug_frame   0x00000d74       0x20 c:/program files (x86)/microsemi/softconsole v3.3/sourcery-g++/bin/../lib/gcc/arm-none-eabi/4.4.1/../../../../arm-none-eabi/lib/thumb2\libc.a(lib_a-s_isnand.o)
 .debug_frame   0x00000d94       0x2c c:/program files (x86)/microsemi/softconsole v3.3/sourcery-g++/bin/../lib/gcc/arm-none-eabi/4.4.1/../../../../arm-none-eabi/lib/thumb2\libc.a(lib_a-sbrkr.o)
 .debug_frame   0x00000dc0       0x70 c:/program files (x86)/microsemi/softconsole v3.3/sourcery-g++/bin/../lib/gcc/arm-none-eabi/4.4.1/../../../../arm-none-eabi/lib/thumb2\libc.a(lib_a-stdio.o)
 .debug_frame   0x00000e30       0x30 c:/program files (x86)/microsemi/softconsole v3.3/sourcery-g++/bin/../lib/gcc/arm-none-eabi/4.4.1/../../../../arm-none-eabi/lib/thumb2\libc.a(lib_a-strcmp.o)
 .debug_frame   0x00000e60       0x20 c:/program files (x86)/microsemi/softconsole v3.3/sourcery-g++/bin/../lib/gcc/arm-none-eabi/4.4.1/../../../../arm-none-eabi/lib/thumb2\libc.a(lib_a-strlen.o)
 .debug_frame   0x00000e80       0x2c c:/program files (x86)/microsemi/softconsole v3.3/sourcery-g++/bin/../lib/gcc/arm-none-eabi/4.4.1/../../../../arm-none-eabi/lib/thumb2\libc.a(lib_a-callocr.o)
 .debug_frame   0x00000eac       0x2c c:/program files (x86)/microsemi/softconsole v3.3/sourcery-g++/bin/../lib/gcc/arm-none-eabi/4.4.1/../../../../arm-none-eabi/lib/thumb2\libc.a(lib_a-closer.o)
 .debug_frame   0x00000ed8       0x3c c:/program files (x86)/microsemi/softconsole v3.3/sourcery-g++/bin/../lib/gcc/arm-none-eabi/4.4.1/../../../../arm-none-eabi/lib/thumb2\libc.a(lib_a-fclose.o)
 .debug_frame   0x00000f14       0x2c c:/program files (x86)/microsemi/softconsole v3.3/sourcery-g++/bin/../lib/gcc/arm-none-eabi/4.4.1/../../../../arm-none-eabi/lib/thumb2\libc.a(lib_a-fstatr.o)
 .debug_frame   0x00000f40       0x2c c:/program files (x86)/microsemi/softconsole v3.3/sourcery-g++/bin/../lib/gcc/arm-none-eabi/4.4.1/../../../../arm-none-eabi/lib/thumb2\libc.a(lib_a-isattyr.o)
 .debug_frame   0x00000f6c       0x2c c:/program files (x86)/microsemi/softconsole v3.3/sourcery-g++/bin/../lib/gcc/arm-none-eabi/4.4.1/../../../../arm-none-eabi/lib/thumb2\libc.a(lib_a-lseekr.o)
 .debug_frame   0x00000f98       0x2c c:/program files (x86)/microsemi/softconsole v3.3/sourcery-g++/bin/../lib/gcc/arm-none-eabi/4.4.1/../../../../arm-none-eabi/lib/thumb2\libc.a(lib_a-readr.o)
 .debug_frame   0x00000fc4       0x64 c:/program files (x86)/microsemi/softconsole v3.3/sourcery-g++/bin/../lib/gcc/arm-none-eabi/4.4.1/../../../../arm-none-eabi/lib/thumb2\libc.a(lib_a-reent.o)
 .debug_frame   0x00001028       0x20 c:/program files (x86)/microsemi/softconsole v3.3/sourcery-g++/bin/../lib/gcc/arm-none-eabi/4.4.1/thumb2\libgcc.a(_udivsi3.o)
 .debug_frame   0x00001048       0x50 c:/program files (x86)/microsemi/softconsole v3.3/sourcery-g++/bin/../lib/gcc/arm-none-eabi/4.4.1/thumb2\libgcc.a(bpabi.o)
 .debug_frame   0x00001098       0x3c c:/program files (x86)/microsemi/softconsole v3.3/sourcery-g++/bin/../lib/gcc/arm-none-eabi/4.4.1/thumb2\libgcc.a(_divdi3.o)
 .debug_frame   0x000010d4       0x3c c:/program files (x86)/microsemi/softconsole v3.3/sourcery-g++/bin/../lib/gcc/arm-none-eabi/4.4.1/thumb2\libgcc.a(_udivdi3.o)
 .debug_frame   0x00001110       0x34 c:/program files (x86)/microsemi/softconsole v3.3/sourcery-g++/bin/../lib/gcc/arm-none-eabi/4.4.1/../../../../arm-none-eabi/lib/thumb2\libm.a(lib_a-s_floor.o)

.debug_str      0x00000000     0x1a33
 *(.debug_str)
 .debug_str     0x00000000     0x1065 ./main.o
                               0x1107 (size before relaxing)
 .debug_str     0x00001065      0x2bb N:/eecs373/PolyBots/N64/N64_controller_iter4/N64_controller_iter_4/SoftConsole/N64_controller_iter_4_MSS_MSS_CM3_0/N64_controller_iter_4_MSS_MSS_CM3_0_hw_platform/Debug/CMSIS/startup_gcc/newlib_stubs.o
                               0x10e9 (size before relaxing)
 .debug_str     0x00001320      0x61c N:\eecs373\PolyBots\N64\N64_controller_iter4\N64_controller_iter_4\SoftConsole\N64_controller_iter_4_MSS_MSS_CM3_0\N64_controller_iter_4_MSS_MSS_CM3_0_hw_platform\Debug\libN64_controller_iter_4_MSS_MSS_CM3_0_hw_platform.a(mss_uart.o)
                               0x14fa (size before relaxing)
 .debug_str     0x0000193c       0xf7 N:\eecs373\PolyBots\N64\N64_controller_iter4\N64_controller_iter_4\SoftConsole\N64_controller_iter_4_MSS_MSS_CM3_0\N64_controller_iter_4_MSS_MSS_CM3_0_hw_platform\Debug\libN64_controller_iter_4_MSS_MSS_CM3_0_hw_platform.a(system_a2fxxxm3.o)
                                0x49d (size before relaxing)

.debug_loc      0x00000000      0xec9
 *(.debug_loc)
 .debug_loc     0x00000000      0x25f ./main.o
 .debug_loc     0x0000025f      0x30d N:/eecs373/PolyBots/N64/N64_controller_iter4/N64_controller_iter_4/SoftConsole/N64_controller_iter_4_MSS_MSS_CM3_0/N64_controller_iter_4_MSS_MSS_CM3_0_hw_platform/Debug/CMSIS/startup_gcc/newlib_stubs.o
 .debug_loc     0x0000056c      0x894 N:\eecs373\PolyBots\N64\N64_controller_iter4\N64_controller_iter_4\SoftConsole\N64_controller_iter_4_MSS_MSS_CM3_0\N64_controller_iter_4_MSS_MSS_CM3_0_hw_platform\Debug\libN64_controller_iter_4_MSS_MSS_CM3_0_hw_platform.a(mss_uart.o)
 .debug_loc     0x00000e00       0xc9 N:\eecs373\PolyBots\N64\N64_controller_iter4\N64_controller_iter_4\SoftConsole\N64_controller_iter_4_MSS_MSS_CM3_0\N64_controller_iter_4_MSS_MSS_CM3_0_hw_platform\Debug\libN64_controller_iter_4_MSS_MSS_CM3_0_hw_platform.a(system_a2fxxxm3.o)

.debug_macinfo  0x00000000    0x1fb67
 *(.debug_macinfo)
 .debug_macinfo
                0x00000000     0xa388 ./main.o
 .debug_macinfo
                0x0000a388     0x9964 N:/eecs373/PolyBots/N64/N64_controller_iter4/N64_controller_iter_4/SoftConsole/N64_controller_iter_4_MSS_MSS_CM3_0/N64_controller_iter_4_MSS_MSS_CM3_0_hw_platform/Debug/CMSIS/startup_gcc/newlib_stubs.o
 .debug_macinfo
                0x00013cec     0x63e3 N:\eecs373\PolyBots\N64\N64_controller_iter4\N64_controller_iter_4\SoftConsole\N64_controller_iter_4_MSS_MSS_CM3_0\N64_controller_iter_4_MSS_MSS_CM3_0_hw_platform\Debug\libN64_controller_iter_4_MSS_MSS_CM3_0_hw_platform.a(mss_uart.o)
 .debug_macinfo
                0x0001a0cf     0x5a98 N:\eecs373\PolyBots\N64\N64_controller_iter4\N64_controller_iter_4\SoftConsole\N64_controller_iter_4_MSS_MSS_CM3_0\N64_controller_iter_4_MSS_MSS_CM3_0_hw_platform\Debug\libN64_controller_iter_4_MSS_MSS_CM3_0_hw_platform.a(system_a2fxxxm3.o)

.debug_weaknames
 *(.debug_weaknames)

.debug_funcnames
 *(.debug_funcnames)

.debug_typenames
 *(.debug_typenames)

.debug_varnames
 *(.debug_varnames)

.note.gnu.arm.ident
 *(.note.gnu.arm.ident)

.ARM.attributes
                0x00000000       0x25
 *(.ARM.attributes)
 .ARM.attributes
                0x00000000       0x19 c:/program files (x86)/microsemi/softconsole v3.3/sourcery-g++/bin/../lib/gcc/arm-none-eabi/4.4.1/thumb2/crti.o
 .ARM.attributes
                0x00000019       0x29 c:/program files (x86)/microsemi/softconsole v3.3/sourcery-g++/bin/../lib/gcc/arm-none-eabi/4.4.1/thumb2/crtbegin.o
 .ARM.attributes
                0x00000042       0x31 ./main.o
 .ARM.attributes
                0x00000073       0x21 N:/eecs373/PolyBots/N64/N64_controller_iter4/N64_controller_iter_4/SoftConsole/N64_controller_iter_4_MSS_MSS_CM3_0/N64_controller_iter_4_MSS_MSS_CM3_0_hw_platform/Debug/CMSIS/startup_gcc/startup_a2fxxxm3.o
 .ARM.attributes
                0x00000094       0x31 N:/eecs373/PolyBots/N64/N64_controller_iter4/N64_controller_iter_4/SoftConsole/N64_controller_iter_4_MSS_MSS_CM3_0/N64_controller_iter_4_MSS_MSS_CM3_0_hw_platform/Debug/CMSIS/startup_gcc/newlib_stubs.o
 .ARM.attributes
                0x000000c5       0x31 N:\eecs373\PolyBots\N64\N64_controller_iter4\N64_controller_iter_4\SoftConsole\N64_controller_iter_4_MSS_MSS_CM3_0\N64_controller_iter_4_MSS_MSS_CM3_0_hw_platform\Debug\libN64_controller_iter_4_MSS_MSS_CM3_0_hw_platform.a(mss_uart.o)
 .ARM.attributes
                0x000000f6       0x31 N:\eecs373\PolyBots\N64\N64_controller_iter4\N64_controller_iter_4\SoftConsole\N64_controller_iter_4_MSS_MSS_CM3_0\N64_controller_iter_4_MSS_MSS_CM3_0_hw_platform\Debug\libN64_controller_iter_4_MSS_MSS_CM3_0_hw_platform.a(system_a2fxxxm3.o)
 .ARM.attributes
                0x00000127       0x1b c:/program files (x86)/microsemi/softconsole v3.3/sourcery-g++/bin/../lib/gcc/arm-none-eabi/4.4.1/thumb2\libgcc.a(_arm_addsubdf3.o)
 .ARM.attributes
                0x00000142       0x1b c:/program files (x86)/microsemi/softconsole v3.3/sourcery-g++/bin/../lib/gcc/arm-none-eabi/4.4.1/thumb2\libgcc.a(_arm_muldivdf3.o)
 .ARM.attributes
                0x0000015d       0x1b c:/program files (x86)/microsemi/softconsole v3.3/sourcery-g++/bin/../lib/gcc/arm-none-eabi/4.4.1/thumb2\libgcc.a(_arm_cmpdf2.o)
 .ARM.attributes
                0x00000178       0x1b c:/program files (x86)/microsemi/softconsole v3.3/sourcery-g++/bin/../lib/gcc/arm-none-eabi/4.4.1/thumb2\libgcc.a(_arm_fixunsdfsi.o)
 .ARM.attributes
                0x00000193       0x1b c:/program files (x86)/microsemi/softconsole v3.3/sourcery-g++/bin/../lib/gcc/arm-none-eabi/4.4.1/thumb2\libgcc.a(_arm_truncdfsf2.o)
 .ARM.attributes
                0x000001ae       0x1b c:/program files (x86)/microsemi/softconsole v3.3/sourcery-g++/bin/../lib/gcc/arm-none-eabi/4.4.1/thumb2\libgcc.a(_arm_addsubsf3.o)
 .ARM.attributes
                0x000001c9       0x1b c:/program files (x86)/microsemi/softconsole v3.3/sourcery-g++/bin/../lib/gcc/arm-none-eabi/4.4.1/thumb2\libgcc.a(_arm_muldivsf3.o)
 .ARM.attributes
                0x000001e4       0x1b c:/program files (x86)/microsemi/softconsole v3.3/sourcery-g++/bin/../lib/gcc/arm-none-eabi/4.4.1/thumb2\libgcc.a(_arm_cmpsf2.o)
 .ARM.attributes
                0x000001ff       0x29 c:/program files (x86)/microsemi/softconsole v3.3/sourcery-g++/bin/../lib/gcc/arm-none-eabi/4.4.1/../../../../arm-none-eabi/lib/thumb2\libc.a(lib_a-errno.o)
 .ARM.attributes
                0x00000228       0x29 c:/program files (x86)/microsemi/softconsole v3.3/sourcery-g++/bin/../lib/gcc/arm-none-eabi/4.4.1/../../../../arm-none-eabi/lib/thumb2\libc.a(lib_a-impure.o)
 .ARM.attributes
                0x00000251       0x29 c:/program files (x86)/microsemi/softconsole v3.3/sourcery-g++/bin/../lib/gcc/arm-none-eabi/4.4.1/../../../../arm-none-eabi/lib/thumb2\libc.a(lib_a-init.o)
 .ARM.attributes
                0x0000027a       0x29 c:/program files (x86)/microsemi/softconsole v3.3/sourcery-g++/bin/../lib/gcc/arm-none-eabi/4.4.1/../../../../arm-none-eabi/lib/thumb2\libc.a(lib_a-printf.o)
 .ARM.attributes
                0x000002a3       0x29 c:/program files (x86)/microsemi/softconsole v3.3/sourcery-g++/bin/../lib/gcc/arm-none-eabi/4.4.1/../../../../arm-none-eabi/lib/thumb2\libc.a(lib_a-vfprintf.o)
 .ARM.attributes
                0x000002cc       0x29 c:/program files (x86)/microsemi/softconsole v3.3/sourcery-g++/bin/../lib/gcc/arm-none-eabi/4.4.1/../../../../arm-none-eabi/lib/thumb2\libc.a(lib_a-wsetup.o)
 .ARM.attributes
                0x000002f5       0x29 c:/program files (x86)/microsemi/softconsole v3.3/sourcery-g++/bin/../lib/gcc/arm-none-eabi/4.4.1/../../../../arm-none-eabi/lib/thumb2\libc.a(lib_a-dtoa.o)
 .ARM.attributes
                0x0000031e       0x29 c:/program files (x86)/microsemi/softconsole v3.3/sourcery-g++/bin/../lib/gcc/arm-none-eabi/4.4.1/../../../../arm-none-eabi/lib/thumb2\libc.a(lib_a-fflush.o)
 .ARM.attributes
                0x00000347       0x29 c:/program files (x86)/microsemi/softconsole v3.3/sourcery-g++/bin/../lib/gcc/arm-none-eabi/4.4.1/../../../../arm-none-eabi/lib/thumb2\libc.a(lib_a-findfp.o)
 .ARM.attributes
                0x00000370       0x29 c:/program files (x86)/microsemi/softconsole v3.3/sourcery-g++/bin/../lib/gcc/arm-none-eabi/4.4.1/../../../../arm-none-eabi/lib/thumb2\libc.a(lib_a-freer.o)
 .ARM.attributes
                0x00000399       0x29 c:/program files (x86)/microsemi/softconsole v3.3/sourcery-g++/bin/../lib/gcc/arm-none-eabi/4.4.1/../../../../arm-none-eabi/lib/thumb2\libc.a(lib_a-fvwrite.o)
 .ARM.attributes
                0x000003c2       0x29 c:/program files (x86)/microsemi/softconsole v3.3/sourcery-g++/bin/../lib/gcc/arm-none-eabi/4.4.1/../../../../arm-none-eabi/lib/thumb2\libc.a(lib_a-fwalk.o)
 .ARM.attributes
                0x000003eb       0x29 c:/program files (x86)/microsemi/softconsole v3.3/sourcery-g++/bin/../lib/gcc/arm-none-eabi/4.4.1/../../../../arm-none-eabi/lib/thumb2\libc.a(lib_a-locale.o)
 .ARM.attributes
                0x00000414       0x29 c:/program files (x86)/microsemi/softconsole v3.3/sourcery-g++/bin/../lib/gcc/arm-none-eabi/4.4.1/../../../../arm-none-eabi/lib/thumb2\libc.a(lib_a-makebuf.o)
 .ARM.attributes
                0x0000043d       0x29 c:/program files (x86)/microsemi/softconsole v3.3/sourcery-g++/bin/../lib/gcc/arm-none-eabi/4.4.1/../../../../arm-none-eabi/lib/thumb2\libc.a(lib_a-malloc.o)
 .ARM.attributes
                0x00000466       0x29 c:/program files (x86)/microsemi/softconsole v3.3/sourcery-g++/bin/../lib/gcc/arm-none-eabi/4.4.1/../../../../arm-none-eabi/lib/thumb2\libc.a(lib_a-mallocr.o)
 .ARM.attributes
                0x0000048f       0x29 c:/program files (x86)/microsemi/softconsole v3.3/sourcery-g++/bin/../lib/gcc/arm-none-eabi/4.4.1/../../../../arm-none-eabi/lib/thumb2\libc.a(lib_a-memchr.o)
 .ARM.attributes
                0x000004b8       0x29 c:/program files (x86)/microsemi/softconsole v3.3/sourcery-g++/bin/../lib/gcc/arm-none-eabi/4.4.1/../../../../arm-none-eabi/lib/thumb2\libc.a(lib_a-memcpy.o)
 .ARM.attributes
                0x000004e1       0x29 c:/program files (x86)/microsemi/softconsole v3.3/sourcery-g++/bin/../lib/gcc/arm-none-eabi/4.4.1/../../../../arm-none-eabi/lib/thumb2\libc.a(lib_a-memmove.o)
 .ARM.attributes
                0x0000050a       0x29 c:/program files (x86)/microsemi/softconsole v3.3/sourcery-g++/bin/../lib/gcc/arm-none-eabi/4.4.1/../../../../arm-none-eabi/lib/thumb2\libc.a(lib_a-memset.o)
 .ARM.attributes
                0x00000533       0x29 c:/program files (x86)/microsemi/softconsole v3.3/sourcery-g++/bin/../lib/gcc/arm-none-eabi/4.4.1/../../../../arm-none-eabi/lib/thumb2\libc.a(lib_a-mlock.o)
 .ARM.attributes
                0x0000055c       0x29 c:/program files (x86)/microsemi/softconsole v3.3/sourcery-g++/bin/../lib/gcc/arm-none-eabi/4.4.1/../../../../arm-none-eabi/lib/thumb2\libc.a(lib_a-mprec.o)
 .ARM.attributes
                0x00000585       0x29 c:/program files (x86)/microsemi/softconsole v3.3/sourcery-g++/bin/../lib/gcc/arm-none-eabi/4.4.1/../../../../arm-none-eabi/lib/thumb2\libc.a(lib_a-reallocr.o)
 .ARM.attributes
                0x000005ae       0x29 c:/program files (x86)/microsemi/softconsole v3.3/sourcery-g++/bin/../lib/gcc/arm-none-eabi/4.4.1/../../../../arm-none-eabi/lib/thumb2\libc.a(lib_a-s_isinfd.o)
 .ARM.attributes
                0x000005d7       0x29 c:/program files (x86)/microsemi/softconsole v3.3/sourcery-g++/bin/../lib/gcc/arm-none-eabi/4.4.1/../../../../arm-none-eabi/lib/thumb2\libc.a(lib_a-s_isnand.o)
 .ARM.attributes
                0x00000600       0x29 c:/program files (x86)/microsemi/softconsole v3.3/sourcery-g++/bin/../lib/gcc/arm-none-eabi/4.4.1/../../../../arm-none-eabi/lib/thumb2\libc.a(lib_a-sbrkr.o)
 .ARM.attributes
                0x00000629       0x29 c:/program files (x86)/microsemi/softconsole v3.3/sourcery-g++/bin/../lib/gcc/arm-none-eabi/4.4.1/../../../../arm-none-eabi/lib/thumb2\libc.a(lib_a-stdio.o)
 .ARM.attributes
                0x00000652       0x29 c:/program files (x86)/microsemi/softconsole v3.3/sourcery-g++/bin/../lib/gcc/arm-none-eabi/4.4.1/../../../../arm-none-eabi/lib/thumb2\libc.a(lib_a-strcmp.o)
 .ARM.attributes
                0x0000067b       0x29 c:/program files (x86)/microsemi/softconsole v3.3/sourcery-g++/bin/../lib/gcc/arm-none-eabi/4.4.1/../../../../arm-none-eabi/lib/thumb2\libc.a(lib_a-strlen.o)
 .ARM.attributes
                0x000006a4       0x29 c:/program files (x86)/microsemi/softconsole v3.3/sourcery-g++/bin/../lib/gcc/arm-none-eabi/4.4.1/../../../../arm-none-eabi/lib/thumb2\libc.a(lib_a-callocr.o)
 .ARM.attributes
                0x000006cd       0x29 c:/program files (x86)/microsemi/softconsole v3.3/sourcery-g++/bin/../lib/gcc/arm-none-eabi/4.4.1/../../../../arm-none-eabi/lib/thumb2\libc.a(lib_a-closer.o)
 .ARM.attributes
                0x000006f6       0x29 c:/program files (x86)/microsemi/softconsole v3.3/sourcery-g++/bin/../lib/gcc/arm-none-eabi/4.4.1/../../../../arm-none-eabi/lib/thumb2\libc.a(lib_a-fclose.o)
 .ARM.attributes
                0x0000071f       0x29 c:/program files (x86)/microsemi/softconsole v3.3/sourcery-g++/bin/../lib/gcc/arm-none-eabi/4.4.1/../../../../arm-none-eabi/lib/thumb2\libc.a(lib_a-fstatr.o)
 .ARM.attributes
                0x00000748       0x29 c:/program files (x86)/microsemi/softconsole v3.3/sourcery-g++/bin/../lib/gcc/arm-none-eabi/4.4.1/../../../../arm-none-eabi/lib/thumb2\libc.a(lib_a-isattyr.o)
 .ARM.attributes
                0x00000771       0x29 c:/program files (x86)/microsemi/softconsole v3.3/sourcery-g++/bin/../lib/gcc/arm-none-eabi/4.4.1/../../../../arm-none-eabi/lib/thumb2\libc.a(lib_a-lseekr.o)
 .ARM.attributes
                0x0000079a       0x29 c:/program files (x86)/microsemi/softconsole v3.3/sourcery-g++/bin/../lib/gcc/arm-none-eabi/4.4.1/../../../../arm-none-eabi/lib/thumb2\libc.a(lib_a-readr.o)
 .ARM.attributes
                0x000007c3       0x29 c:/program files (x86)/microsemi/softconsole v3.3/sourcery-g++/bin/../lib/gcc/arm-none-eabi/4.4.1/../../../../arm-none-eabi/lib/thumb2\libc.a(lib_a-reent.o)
 .ARM.attributes
                0x000007ec       0x1b c:/program files (x86)/microsemi/softconsole v3.3/sourcery-g++/bin/../lib/gcc/arm-none-eabi/4.4.1/thumb2\libgcc.a(_udivsi3.o)
 .ARM.attributes
                0x00000807       0x1b c:/program files (x86)/microsemi/softconsole v3.3/sourcery-g++/bin/../lib/gcc/arm-none-eabi/4.4.1/thumb2\libgcc.a(_dvmd_tls.o)
 .ARM.attributes
                0x00000822       0x1b c:/program files (x86)/microsemi/softconsole v3.3/sourcery-g++/bin/../lib/gcc/arm-none-eabi/4.4.1/thumb2\libgcc.a(_arm_fixdfsi.o)
 .ARM.attributes
                0x0000083d       0x1b c:/program files (x86)/microsemi/softconsole v3.3/sourcery-g++/bin/../lib/gcc/arm-none-eabi/4.4.1/thumb2\libgcc.a(_aeabi_uldivmod.o)
 .ARM.attributes
                0x00000858       0x29 c:/program files (x86)/microsemi/softconsole v3.3/sourcery-g++/bin/../lib/gcc/arm-none-eabi/4.4.1/thumb2\libgcc.a(bpabi.o)
 .ARM.attributes
                0x00000881       0x29 c:/program files (x86)/microsemi/softconsole v3.3/sourcery-g++/bin/../lib/gcc/arm-none-eabi/4.4.1/thumb2\libgcc.a(_divdi3.o)
 .ARM.attributes
                0x000008aa       0x29 c:/program files (x86)/microsemi/softconsole v3.3/sourcery-g++/bin/../lib/gcc/arm-none-eabi/4.4.1/thumb2\libgcc.a(_udivdi3.o)
 .ARM.attributes
                0x000008d3       0x29 c:/program files (x86)/microsemi/softconsole v3.3/sourcery-g++/bin/../lib/gcc/arm-none-eabi/4.4.1/thumb2/crtend.o
 .ARM.attributes
                0x000008fc       0x19 c:/program files (x86)/microsemi/softconsole v3.3/sourcery-g++/bin/../lib/gcc/arm-none-eabi/4.4.1/thumb2/crtn.o
 .ARM.attributes
                0x00000915       0x29 c:/program files (x86)/microsemi/softconsole v3.3/sourcery-g++/bin/../lib/gcc/arm-none-eabi/4.4.1/../../../../arm-none-eabi/lib/thumb2\libm.a(lib_a-s_floor.o)

/DISCARD/
 *(.note.GNU-stack)
 *(.isr_vector)
OUTPUT(N64_controller_iter_4_MSS_MSS_CM3_0_app elf32-littlearm)

.debug_ranges   0x00000000       0x80
 .debug_ranges  0x00000000       0x68 ./main.o
 .debug_ranges  0x00000068       0x18 N:\eecs373\PolyBots\N64\N64_controller_iter4\N64_controller_iter_4\SoftConsole\N64_controller_iter_4_MSS_MSS_CM3_0\N64_controller_iter_4_MSS_MSS_CM3_0_hw_platform\Debug\libN64_controller_iter_4_MSS_MSS_CM3_0_hw_platform.a(mss_uart.o)
