Archive member included because of file (symbol)

N:\eecs373\PolyBots\N64\N64_controller_iter4\N64_controller_iter_4\SoftConsole\N64_controller_iter_4_MSS_MSS_CM3_0\N64_controller_iter_4_MSS_MSS_CM3_0_hw_platform\Debug\libN64_controller_iter_4_MSS_MSS_CM3_0_hw_platform.a(mss_uart.o)
                              ./main.o (MSS_UART_polled_tx)
N:\eecs373\PolyBots\N64\N64_controller_iter4\N64_controller_iter_4\SoftConsole\N64_controller_iter_4_MSS_MSS_CM3_0\N64_controller_iter_4_MSS_MSS_CM3_0_hw_platform\Debug\libN64_controller_iter_4_MSS_MSS_CM3_0_hw_platform.a(system_a2fxxxm3.o)
                              N:/eecs373/PolyBots/N64/N64_controller_iter4/N64_controller_iter_4/SoftConsole/N64_controller_iter_4_MSS_MSS_CM3_0/N64_controller_iter_4_MSS_MSS_CM3_0_hw_platform/Debug/CMSIS/startup_gcc/startup_a2fxxxm3.o (SystemInit)
c:/program files (x86)/microsemi/softconsole v3.3/sourcery-g++/bin/../lib/gcc/arm-none-eabi/4.4.1/thumb2\libgcc.a(_arm_addsubsf3.o)
                              ./main.o (__aeabi_ui2f)
c:/program files (x86)/microsemi/softconsole v3.3/sourcery-g++/bin/../lib/gcc/arm-none-eabi/4.4.1/thumb2\libgcc.a(_arm_muldivsf3.o)
                              ./main.o (__aeabi_fmul)
c:/program files (x86)/microsemi/softconsole v3.3/sourcery-g++/bin/../lib/gcc/arm-none-eabi/4.4.1/thumb2\libgcc.a(_arm_fixunssfsi.o)
                              ./main.o (__aeabi_f2uiz)
c:/program files (x86)/microsemi/softconsole v3.3/sourcery-g++/bin/../lib/gcc/arm-none-eabi/4.4.1/../../../../arm-none-eabi/lib/thumb2\libc.a(lib_a-errno.o)
                              N:/eecs373/PolyBots/N64/N64_controller_iter4/N64_controller_iter_4/SoftConsole/N64_controller_iter_4_MSS_MSS_CM3_0/N64_controller_iter_4_MSS_MSS_CM3_0_hw_platform/Debug/CMSIS/startup_gcc/newlib_stubs.o (__errno)
c:/program files (x86)/microsemi/softconsole v3.3/sourcery-g++/bin/../lib/gcc/arm-none-eabi/4.4.1/../../../../arm-none-eabi/lib/thumb2\libc.a(lib_a-impure.o)
                              c:/program files (x86)/microsemi/softconsole v3.3/sourcery-g++/bin/../lib/gcc/arm-none-eabi/4.4.1/../../../../arm-none-eabi/lib/thumb2\libc.a(lib_a-errno.o) (_impure_ptr)
c:/program files (x86)/microsemi/softconsole v3.3/sourcery-g++/bin/../lib/gcc/arm-none-eabi/4.4.1/../../../../arm-none-eabi/lib/thumb2\libc.a(lib_a-init.o)
                              N:/eecs373/PolyBots/N64/N64_controller_iter4/N64_controller_iter_4/SoftConsole/N64_controller_iter_4_MSS_MSS_CM3_0/N64_controller_iter_4_MSS_MSS_CM3_0_hw_platform/Debug/CMSIS/startup_gcc/startup_a2fxxxm3.o (__libc_init_array)

Allocating common symbols
Common symbol       size              file

g_mss_uart1         0x28              N:\eecs373\PolyBots\N64\N64_controller_iter4\N64_controller_iter_4\SoftConsole\N64_controller_iter_4_MSS_MSS_CM3_0\N64_controller_iter_4_MSS_MSS_CM3_0_hw_platform\Debug\libN64_controller_iter_4_MSS_MSS_CM3_0_hw_platform.a(mss_uart.o)
g_mss_uart0         0x28              N:\eecs373\PolyBots\N64\N64_controller_iter4\N64_controller_iter_4\SoftConsole\N64_controller_iter_4_MSS_MSS_CM3_0\N64_controller_iter_4_MSS_MSS_CM3_0_hw_platform\Debug\libN64_controller_iter_4_MSS_MSS_CM3_0_hw_platform.a(mss_uart.o)

Discarded input sections

 .text          0x00000000        0x0 c:/program files (x86)/microsemi/softconsole v3.3/sourcery-g++/bin/../lib/gcc/arm-none-eabi/4.4.1/thumb2/crti.o
 .data          0x00000000        0x0 c:/program files (x86)/microsemi/softconsole v3.3/sourcery-g++/bin/../lib/gcc/arm-none-eabi/4.4.1/thumb2/crti.o
 .bss           0x00000000        0x0 c:/program files (x86)/microsemi/softconsole v3.3/sourcery-g++/bin/../lib/gcc/arm-none-eabi/4.4.1/thumb2/crti.o
 .data          0x00000000        0x4 c:/program files (x86)/microsemi/softconsole v3.3/sourcery-g++/bin/../lib/gcc/arm-none-eabi/4.4.1/thumb2/crtbegin.o
 .text          0x00000000        0x0 ./main.o
 .data          0x00000000        0x0 ./main.o
 .bss           0x00000000        0x0 ./main.o
 .text          0x00000000        0x0 N:/eecs373/PolyBots/N64/N64_controller_iter4/N64_controller_iter_4/SoftConsole/N64_controller_iter_4_MSS_MSS_CM3_0/N64_controller_iter_4_MSS_MSS_CM3_0_hw_platform/Debug/CMSIS/startup_gcc/startup_a2fxxxm3.o
 .data          0x00000000        0x0 N:/eecs373/PolyBots/N64/N64_controller_iter4/N64_controller_iter_4/SoftConsole/N64_controller_iter_4_MSS_MSS_CM3_0/N64_controller_iter_4_MSS_MSS_CM3_0_hw_platform/Debug/CMSIS/startup_gcc/startup_a2fxxxm3.o
 .bss           0x00000000        0x0 N:/eecs373/PolyBots/N64/N64_controller_iter4/N64_controller_iter_4/SoftConsole/N64_controller_iter_4_MSS_MSS_CM3_0/N64_controller_iter_4_MSS_MSS_CM3_0_hw_platform/Debug/CMSIS/startup_gcc/startup_a2fxxxm3.o
 .text          0x00000000      0x178 N:/eecs373/PolyBots/N64/N64_controller_iter4/N64_controller_iter_4/SoftConsole/N64_controller_iter_4_MSS_MSS_CM3_0/N64_controller_iter_4_MSS_MSS_CM3_0_hw_platform/Debug/CMSIS/startup_gcc/newlib_stubs.o
 .data          0x00000000        0x4 N:/eecs373/PolyBots/N64/N64_controller_iter4/N64_controller_iter_4/SoftConsole/N64_controller_iter_4_MSS_MSS_CM3_0/N64_controller_iter_4_MSS_MSS_CM3_0_hw_platform/Debug/CMSIS/startup_gcc/newlib_stubs.o
 .bss           0x00000000        0xc N:/eecs373/PolyBots/N64/N64_controller_iter4/N64_controller_iter_4/SoftConsole/N64_controller_iter_4_MSS_MSS_CM3_0/N64_controller_iter_4_MSS_MSS_CM3_0_hw_platform/Debug/CMSIS/startup_gcc/newlib_stubs.o
 .rodata.str1.4
                0x00000000       0x1c N:/eecs373/PolyBots/N64/N64_controller_iter4/N64_controller_iter_4/SoftConsole/N64_controller_iter_4_MSS_MSS_CM3_0/N64_controller_iter_4_MSS_MSS_CM3_0_hw_platform/Debug/CMSIS/startup_gcc/newlib_stubs.o
 .data          0x00000000        0x0 N:\eecs373\PolyBots\N64\N64_controller_iter4\N64_controller_iter_4\SoftConsole\N64_controller_iter_4_MSS_MSS_CM3_0\N64_controller_iter_4_MSS_MSS_CM3_0_hw_platform\Debug\libN64_controller_iter_4_MSS_MSS_CM3_0_hw_platform.a(mss_uart.o)
 .bss           0x00000000        0x0 N:\eecs373\PolyBots\N64\N64_controller_iter4\N64_controller_iter_4\SoftConsole\N64_controller_iter_4_MSS_MSS_CM3_0\N64_controller_iter_4_MSS_MSS_CM3_0_hw_platform\Debug\libN64_controller_iter_4_MSS_MSS_CM3_0_hw_platform.a(mss_uart.o)
 .bss           0x00000000        0x0 N:\eecs373\PolyBots\N64\N64_controller_iter4\N64_controller_iter_4\SoftConsole\N64_controller_iter_4_MSS_MSS_CM3_0\N64_controller_iter_4_MSS_MSS_CM3_0_hw_platform\Debug\libN64_controller_iter_4_MSS_MSS_CM3_0_hw_platform.a(system_a2fxxxm3.o)
 .data          0x00000000        0x0 c:/program files (x86)/microsemi/softconsole v3.3/sourcery-g++/bin/../lib/gcc/arm-none-eabi/4.4.1/thumb2\libgcc.a(_arm_addsubsf3.o)
 .bss           0x00000000        0x0 c:/program files (x86)/microsemi/softconsole v3.3/sourcery-g++/bin/../lib/gcc/arm-none-eabi/4.4.1/thumb2\libgcc.a(_arm_addsubsf3.o)
 .data          0x00000000        0x0 c:/program files (x86)/microsemi/softconsole v3.3/sourcery-g++/bin/../lib/gcc/arm-none-eabi/4.4.1/thumb2\libgcc.a(_arm_muldivsf3.o)
 .bss           0x00000000        0x0 c:/program files (x86)/microsemi/softconsole v3.3/sourcery-g++/bin/../lib/gcc/arm-none-eabi/4.4.1/thumb2\libgcc.a(_arm_muldivsf3.o)
 .data          0x00000000        0x0 c:/program files (x86)/microsemi/softconsole v3.3/sourcery-g++/bin/../lib/gcc/arm-none-eabi/4.4.1/thumb2\libgcc.a(_arm_fixunssfsi.o)
 .bss           0x00000000        0x0 c:/program files (x86)/microsemi/softconsole v3.3/sourcery-g++/bin/../lib/gcc/arm-none-eabi/4.4.1/thumb2\libgcc.a(_arm_fixunssfsi.o)
 .text          0x00000000        0xc c:/program files (x86)/microsemi/softconsole v3.3/sourcery-g++/bin/../lib/gcc/arm-none-eabi/4.4.1/../../../../arm-none-eabi/lib/thumb2\libc.a(lib_a-errno.o)
 .data          0x00000000        0x0 c:/program files (x86)/microsemi/softconsole v3.3/sourcery-g++/bin/../lib/gcc/arm-none-eabi/4.4.1/../../../../arm-none-eabi/lib/thumb2\libc.a(lib_a-errno.o)
 .bss           0x00000000        0x0 c:/program files (x86)/microsemi/softconsole v3.3/sourcery-g++/bin/../lib/gcc/arm-none-eabi/4.4.1/../../../../arm-none-eabi/lib/thumb2\libc.a(lib_a-errno.o)
 .text          0x00000000        0x0 c:/program files (x86)/microsemi/softconsole v3.3/sourcery-g++/bin/../lib/gcc/arm-none-eabi/4.4.1/../../../../arm-none-eabi/lib/thumb2\libc.a(lib_a-impure.o)
 .data          0x00000000       0xf4 c:/program files (x86)/microsemi/softconsole v3.3/sourcery-g++/bin/../lib/gcc/arm-none-eabi/4.4.1/../../../../arm-none-eabi/lib/thumb2\libc.a(lib_a-impure.o)
 .bss           0x00000000        0x0 c:/program files (x86)/microsemi/softconsole v3.3/sourcery-g++/bin/../lib/gcc/arm-none-eabi/4.4.1/../../../../arm-none-eabi/lib/thumb2\libc.a(lib_a-impure.o)
 .rodata        0x00000000        0x4 c:/program files (x86)/microsemi/softconsole v3.3/sourcery-g++/bin/../lib/gcc/arm-none-eabi/4.4.1/../../../../arm-none-eabi/lib/thumb2\libc.a(lib_a-impure.o)
 .rodata.str1.4
                0x00000000        0x4 c:/program files (x86)/microsemi/softconsole v3.3/sourcery-g++/bin/../lib/gcc/arm-none-eabi/4.4.1/../../../../arm-none-eabi/lib/thumb2\libc.a(lib_a-impure.o)
 .data          0x00000000        0x0 c:/program files (x86)/microsemi/softconsole v3.3/sourcery-g++/bin/../lib/gcc/arm-none-eabi/4.4.1/../../../../arm-none-eabi/lib/thumb2\libc.a(lib_a-init.o)
 .bss           0x00000000        0x0 c:/program files (x86)/microsemi/softconsole v3.3/sourcery-g++/bin/../lib/gcc/arm-none-eabi/4.4.1/../../../../arm-none-eabi/lib/thumb2\libc.a(lib_a-init.o)
 .text          0x00000000        0x0 c:/program files (x86)/microsemi/softconsole v3.3/sourcery-g++/bin/../lib/gcc/arm-none-eabi/4.4.1/thumb2/crtend.o
 .data          0x00000000        0x0 c:/program files (x86)/microsemi/softconsole v3.3/sourcery-g++/bin/../lib/gcc/arm-none-eabi/4.4.1/thumb2/crtend.o
 .bss           0x00000000        0x0 c:/program files (x86)/microsemi/softconsole v3.3/sourcery-g++/bin/../lib/gcc/arm-none-eabi/4.4.1/thumb2/crtend.o
 .text          0x00000000        0x0 c:/program files (x86)/microsemi/softconsole v3.3/sourcery-g++/bin/../lib/gcc/arm-none-eabi/4.4.1/thumb2/crtn.o
 .data          0x00000000        0x0 c:/program files (x86)/microsemi/softconsole v3.3/sourcery-g++/bin/../lib/gcc/arm-none-eabi/4.4.1/thumb2/crtn.o
 .bss           0x00000000        0x0 c:/program files (x86)/microsemi/softconsole v3.3/sourcery-g++/bin/../lib/gcc/arm-none-eabi/4.4.1/thumb2/crtn.o

Memory Configuration

Name             Origin             Length             Attributes
ram              0x20000000         0x00010000         xrw
*default*        0x00000000         0xffffffff

Linker script and memory map

LOAD c:/program files (x86)/microsemi/softconsole v3.3/sourcery-g++/bin/../lib/gcc/arm-none-eabi/4.4.1/thumb2/crti.o
LOAD c:/program files (x86)/microsemi/softconsole v3.3/sourcery-g++/bin/../lib/gcc/arm-none-eabi/4.4.1/thumb2/crtbegin.o
LOAD ./main.o
LOAD N:/eecs373/PolyBots/N64/N64_controller_iter4/N64_controller_iter_4/SoftConsole/N64_controller_iter_4_MSS_MSS_CM3_0/N64_controller_iter_4_MSS_MSS_CM3_0_hw_platform/Debug/CMSIS/startup_gcc/startup_a2fxxxm3.o
LOAD N:/eecs373/PolyBots/N64/N64_controller_iter4/N64_controller_iter_4/SoftConsole/N64_controller_iter_4_MSS_MSS_CM3_0/N64_controller_iter_4_MSS_MSS_CM3_0_hw_platform/Debug/CMSIS/startup_gcc/newlib_stubs.o
LOAD N:\eecs373\PolyBots\N64\N64_controller_iter4\N64_controller_iter_4\SoftConsole\N64_controller_iter_4_MSS_MSS_CM3_0\N64_controller_iter_4_MSS_MSS_CM3_0_hw_platform\Debug\libN64_controller_iter_4_MSS_MSS_CM3_0_hw_platform.a
START GROUP
LOAD c:/program files (x86)/microsemi/softconsole v3.3/sourcery-g++/bin/../lib/gcc/arm-none-eabi/4.4.1/thumb2\libgcc.a
LOAD c:/program files (x86)/microsemi/softconsole v3.3/sourcery-g++/bin/../lib/gcc/arm-none-eabi/4.4.1/../../../../arm-none-eabi/lib/thumb2\libc.a
END GROUP
LOAD c:/program files (x86)/microsemi/softconsole v3.3/sourcery-g++/bin/../lib/gcc/arm-none-eabi/4.4.1/thumb2/crtend.o
LOAD c:/program files (x86)/microsemi/softconsole v3.3/sourcery-g++/bin/../lib/gcc/arm-none-eabi/4.4.1/thumb2/crtn.o
START GROUP
LOAD c:/program files (x86)/microsemi/softconsole v3.3/sourcery-g++/bin/../lib/gcc/arm-none-eabi/4.4.1/../../../../arm-none-eabi/lib/thumb2\libc.a
LOAD c:/program files (x86)/microsemi/softconsole v3.3/sourcery-g++/bin/../lib/gcc/arm-none-eabi/4.4.1/thumb2\libgcc.a
LOAD c:/program files (x86)/microsemi/softconsole v3.3/sourcery-g++/bin/../lib/gcc/arm-none-eabi/4.4.1/../../../../arm-none-eabi/lib/thumb2\libm.a
END GROUP
                0x00000000                __DYNAMIC = 0x0
                0x20000000                RAM_START_ADDRESS = 0x20000000
                0x00010000                RAM_SIZE = 0x10000
                0x00002000                MAIN_STACK_SIZE = 0x2000
                0x00001000                PROCESS_STACK_SIZE = 0x1000
                0x20010000                PROVIDE (__main_stack_start, (RAM_START_ADDRESS + RAM_SIZE))
                0x2000e000                PROVIDE (__process_stack_start, (__main_stack_start - MAIN_STACK_SIZE))
                0x20010000                PROVIDE (_estack, __main_stack_start)
                0x00000000                PROVIDE (__mirrored_nvm, 0x0)

.text           0x20000000     0x17e0
 CREATE_OBJECT_SYMBOLS
                0x20000000                __text_load = LOADADDR (.text)
                0x20000000                __text_start = .
                0x20000000                __vector_table_vma_base_address = .
 *(.isr_vector)
 .isr_vector    0x20000000      0x470 N:/eecs373/PolyBots/N64/N64_controller_iter4/N64_controller_iter_4/SoftConsole/N64_controller_iter_4_MSS_MSS_CM3_0/N64_controller_iter_4_MSS_MSS_CM3_0_hw_platform/Debug/CMSIS/startup_gcc/startup_a2fxxxm3.o
                0x20000000                g_pfnVectors
                0x20000298                Reset_Handler
                0x20000308                NMI_Handler
                0x2000030a                HardFault_Handler
                0x2000030c                MemManage_Handler
                0x2000030e                BusFault_Handler
                0x20000310                UsageFault_Handler
                0x20000312                SVC_Handler
                0x20000314                DebugMon_Handler
                0x20000316                PendSV_Handler
                0x20000318                SysTick_Handler
                0x2000031a                WdogWakeup_IRQHandler
                0x2000031c                BrownOut_1_5V_IRQHandler
                0x2000031e                BrownOut_3_3V_IRQHandler
                0x20000320                RTC_Match_IRQHandler
                0x20000322                RTCIF_Pub_IRQHandler
                0x20000324                EthernetMAC_IRQHandler
                0x20000326                IAP_IRQHandler
                0x20000328                ENVM0_IRQHandler
                0x2000032a                ENVM1_IRQHandler
                0x2000032c                DMA_IRQHandler
                0x20000332                SPI0_IRQHandler
                0x20000334                SPI1_IRQHandler
                0x20000336                I2C0_IRQHandler
                0x20000338                I2C0_SMBAlert_IRQHandler
                0x2000033a                I2C0_SMBus_IRQHandler
                0x2000033c                I2C1_IRQHandler
                0x2000033e                I2C1_SMBAlert_IRQHandler
                0x20000340                I2C1_SMBus_IRQHandler
                0x20000342                Timer1_IRQHandler
                0x20000344                Timer2_IRQHandler
                0x20000346                PLL_Lock_IRQHandler
                0x20000348                PLL_LockLost_IRQHandler
                0x2000034a                CommError_IRQHandler
                0x2000034c                Fabric_IRQHandler
                0x2000034e                GPIO0_IRQHandler
                0x20000350                GPIO1_IRQHandler
                0x20000352                GPIO2_IRQHandler
                0x20000354                GPIO3_IRQHandler
                0x20000356                GPIO4_IRQHandler
                0x20000358                GPIO5_IRQHandler
                0x2000035a                GPIO6_IRQHandler
                0x2000035c                GPIO7_IRQHandler
                0x2000035e                GPIO8_IRQHandler
                0x20000360                GPIO9_IRQHandler
                0x20000362                GPIO10_IRQHandler
                0x20000364                GPIO11_IRQHandler
                0x20000366                GPIO12_IRQHandler
                0x20000368                GPIO13_IRQHandler
                0x2000036a                GPIO14_IRQHandler
                0x2000036c                GPIO15_IRQHandler
                0x2000036e                GPIO16_IRQHandler
                0x20000370                GPIO17_IRQHandler
                0x20000372                GPIO18_IRQHandler
                0x20000374                GPIO19_IRQHandler
                0x20000376                GPIO20_IRQHandler
                0x20000378                GPIO21_IRQHandler
                0x2000037a                GPIO22_IRQHandler
                0x2000037c                GPIO23_IRQHandler
                0x2000037e                GPIO24_IRQHandler
                0x20000380                GPIO25_IRQHandler
                0x20000382                GPIO26_IRQHandler
                0x20000384                GPIO27_IRQHandler
                0x20000386                GPIO28_IRQHandler
                0x20000388                GPIO29_IRQHandler
                0x2000038a                GPIO30_IRQHandler
                0x2000038c                GPIO31_IRQHandler
                0x2000038e                ACE_PC0_Flag0_IRQHandler
                0x20000390                ACE_PC0_Flag1_IRQHandler
                0x20000392                ACE_PC0_Flag2_IRQHandler
                0x20000394                ACE_PC0_Flag3_IRQHandler
                0x20000396                ACE_PC1_Flag0_IRQHandler
                0x20000398                ACE_PC1_Flag1_IRQHandler
                0x2000039a                ACE_PC1_Flag2_IRQHandler
                0x2000039c                ACE_PC1_Flag3_IRQHandler
                0x2000039e                ACE_PC2_Flag0_IRQHandler
                0x200003a0                ACE_PC2_Flag1_IRQHandler
                0x200003a2                ACE_PC2_Flag2_IRQHandler
                0x200003a4                ACE_PC2_Flag3_IRQHandler
                0x200003a6                ACE_ADC0_DataValid_IRQHandler
                0x200003a8                ACE_ADC1_DataValid_IRQHandler
                0x200003aa                ACE_ADC2_DataValid_IRQHandler
                0x200003ac                ACE_ADC0_CalDone_IRQHandler
                0x200003ae                ACE_ADC1_CalDone_IRQHandler
                0x200003b0                ACE_ADC2_CalDone_IRQHandler
                0x200003b2                ACE_ADC0_CalStart_IRQHandler
                0x200003b4                ACE_ADC1_CalStart_IRQHandler
                0x200003b6                ACE_ADC2_CalStart_IRQHandler
                0x200003b8                ACE_Comp0_Fall_IRQHandler
                0x200003ba                ACE_Comp1_Fall_IRQHandler
                0x200003bc                ACE_Comp2_Fall_IRQHandler
                0x200003be                ACE_Comp3_Fall_IRQHandler
                0x200003c0                ACE_Comp4_Fall_IRQHandler
                0x200003c2                ACE_Comp5_Fall_IRQHandler
                0x200003c4                ACE_Comp6_Fall_IRQHandler
                0x200003c6                ACE_Comp7_Fall_IRQHandler
                0x200003c8                ACE_Comp8_Fall_IRQHandler
                0x200003ca                ACE_Comp9_Fall_IRQHandler
                0x200003cc                ACE_Comp10_Fall_IRQHandler
                0x200003ce                ACE_Comp11_Fall_IRQHandler
                0x200003d0                ACE_Comp0_Rise_IRQHandler
                0x200003d2                ACE_Comp1_Rise_IRQHandler
                0x200003d4                ACE_Comp2_Rise_IRQHandler
                0x200003d6                ACE_Comp3_Rise_IRQHandler
                0x200003d8                ACE_Comp4_Rise_IRQHandler
                0x200003da                ACE_Comp5_Rise_IRQHandler
                0x200003dc                ACE_Comp6_Rise_IRQHandler
                0x200003de                ACE_Comp7_Rise_IRQHandler
                0x200003e0                ACE_Comp8_Rise_IRQHandler
                0x200003e2                ACE_Comp9_Rise_IRQHandler
                0x200003e4                ACE_Comp10_Rise_IRQHandler
                0x200003e6                ACE_Comp11_Rise_IRQHandler
                0x200003e8                ACE_ADC0_FifoFull_IRQHandler
                0x200003ea                ACE_ADC0_FifoAFull_IRQHandler
                0x200003ec                ACE_ADC0_FifoEmpty_IRQHandler
                0x200003ee                ACE_ADC1_FifoFull_IRQHandler
                0x200003f0                ACE_ADC1_FifoAFull_IRQHandler
                0x200003f2                ACE_ADC1_FifoEmpty_IRQHandler
                0x200003f4                ACE_ADC2_FifoFull_IRQHandler
                0x200003f6                ACE_ADC2_FifoAFull_IRQHandler
                0x200003f8                ACE_ADC2_FifoEmpty_IRQHandler
                0x200003fa                ACE_PPE_Flag0_IRQHandler
                0x200003fc                ACE_PPE_Flag1_IRQHandler
                0x200003fe                ACE_PPE_Flag2_IRQHandler
                0x20000400                ACE_PPE_Flag3_IRQHandler
                0x20000402                ACE_PPE_Flag4_IRQHandler
                0x20000404                ACE_PPE_Flag5_IRQHandler
                0x20000406                ACE_PPE_Flag6_IRQHandler
                0x20000408                ACE_PPE_Flag7_IRQHandler
                0x2000040a                ACE_PPE_Flag8_IRQHandler
                0x2000040c                ACE_PPE_Flag9_IRQHandler
                0x2000040e                ACE_PPE_Flag10_IRQHandler
                0x20000410                ACE_PPE_Flag11_IRQHandler
                0x20000412                ACE_PPE_Flag12_IRQHandler
                0x20000414                ACE_PPE_Flag13_IRQHandler
                0x20000416                ACE_PPE_Flag14_IRQHandler
                0x20000418                ACE_PPE_Flag15_IRQHandler
                0x2000041a                ACE_PPE_Flag16_IRQHandler
                0x2000041c                ACE_PPE_Flag17_IRQHandler
                0x2000041e                ACE_PPE_Flag18_IRQHandler
                0x20000420                ACE_PPE_Flag19_IRQHandler
                0x20000422                ACE_PPE_Flag20_IRQHandler
                0x20000424                ACE_PPE_Flag21_IRQHandler
                0x20000426                ACE_PPE_Flag22_IRQHandler
                0x20000428                ACE_PPE_Flag23_IRQHandler
                0x2000042a                ACE_PPE_Flag24_IRQHandler
                0x2000042c                ACE_PPE_Flag25_IRQHandler
                0x2000042e                ACE_PPE_Flag26_IRQHandler
                0x20000430                ACE_PPE_Flag27_IRQHandler
                0x20000432                ACE_PPE_Flag28_IRQHandler
                0x20000434                ACE_PPE_Flag29_IRQHandler
                0x20000436                ACE_PPE_Flag30_IRQHandler
                0x20000438                ACE_PPE_Flag31_IRQHandler
 *(.text .text.* .gnu.linkonce.t.*)
 .text          0x20000470       0x30 c:/program files (x86)/microsemi/softconsole v3.3/sourcery-g++/bin/../lib/gcc/arm-none-eabi/4.4.1/thumb2/crtbegin.o
 .text.main     0x200004a0      0x1b0 ./main.o
                0x200004a0                main
 .text.change_endianness
                0x20000650       0x58 ./main.o
                0x20000650                change_endianness
 .text.calc_speed_percent_stick
                0x200006a8       0xe8 ./main.o
                0x200006a8                calc_speed_percent_stick
 .text          0x20000790      0x9c8 N:\eecs373\PolyBots\N64\N64_controller_iter4\N64_controller_iter_4\SoftConsole\N64_controller_iter_4_MSS_MSS_CM3_0\N64_controller_iter_4_MSS_MSS_CM3_0_hw_platform\Debug\libN64_controller_iter_4_MSS_MSS_CM3_0_hw_platform.a(mss_uart.o)
                0x20000790                MSS_UART_polled_tx
                0x2000083c                MSS_UART_polled_tx_string
                0x200008cc                MSS_UART_irq_tx
                0x20000964                MSS_UART_tx_complete
                0x200009a0                MSS_UART_get_rx
                0x20000a3c                MSS_UART_enable_irq
                0x20000aa4                MSS_UART_disable_irq
                0x20000c1c                MSS_UART_set_rx_handler
                0x20000cc0                MSS_UART_set_loopback
                0x20000cf8                UART0_IRQHandler
                0x20000d28                UART1_IRQHandler
                0x20000d58                MSS_UART_set_rxstatus_handler
                0x20000dd8                MSS_UART_set_tx_handler
                0x20000e60                MSS_UART_set_modemstatus_handler
                0x20000ee0                MSS_UART_fill_tx_fifo
                0x20000f74                MSS_UART_get_rx_status
                0x20000fac                MSS_UART_get_modem_status
                0x20000fd4                MSS_UART_get_tx_status
                0x20001008                MSS_UART_init
 .text          0x20001158      0x10c N:\eecs373\PolyBots\N64\N64_controller_iter4\N64_controller_iter_4\SoftConsole\N64_controller_iter_4_MSS_MSS_CM3_0\N64_controller_iter_4_MSS_MSS_CM3_0_hw_platform\Debug\libN64_controller_iter_4_MSS_MSS_CM3_0_hw_platform.a(system_a2fxxxm3.o)
                0x20001158                SystemInit
                0x2000115c                SystemCoreClockUpdate
 .text          0x20001264      0x21c c:/program files (x86)/microsemi/softconsole v3.3/sourcery-g++/bin/../lib/gcc/arm-none-eabi/4.4.1/thumb2\libgcc.a(_arm_addsubsf3.o)
                0x20001264                __aeabi_frsub
                0x2000126c                __subsf3
                0x2000126c                __aeabi_fsub
                0x20001270                __aeabi_fadd
                0x20001270                __addsf3
                0x200013d0                __aeabi_ui2f
                0x200013d0                __floatunsisf
                0x200013d8                __aeabi_i2f
                0x200013d8                __floatsisf
                0x200013f4                __aeabi_ul2f
                0x200013f4                __floatundisf
                0x20001404                __aeabi_l2f
                0x20001404                __floatdisf
 .text          0x20001480      0x2a0 c:/program files (x86)/microsemi/softconsole v3.3/sourcery-g++/bin/../lib/gcc/arm-none-eabi/4.4.1/thumb2\libgcc.a(_arm_muldivsf3.o)
                0x20001480                __mulsf3
                0x20001480                __aeabi_fmul
                0x200015e8                __aeabi_fdiv
                0x200015e8                __divsf3
 .text          0x20001720       0x40 c:/program files (x86)/microsemi/softconsole v3.3/sourcery-g++/bin/../lib/gcc/arm-none-eabi/4.4.1/thumb2\libgcc.a(_arm_fixunssfsi.o)
                0x20001720                __fixunssfsi
                0x20001720                __aeabi_f2uiz
 .text          0x20001760       0x50 c:/program files (x86)/microsemi/softconsole v3.3/sourcery-g++/bin/../lib/gcc/arm-none-eabi/4.4.1/../../../../arm-none-eabi/lib/thumb2\libc.a(lib_a-init.o)
                0x20001760                __libc_init_array
 *(.plt)
 *(.gnu.warning)
 *(.glue_7t)
 .glue_7t       0x00000000        0x0 linker stubs
 *(.glue_7)
 .glue_7        0x00000000        0x0 linker stubs
 *(.vfp11_veneer)
 .vfp11_veneer  0x00000000        0x0 linker stubs
                0x200017b0                . = ALIGN (0x4)
 *crtbegin.o(.ctors)
 *(EXCLUDE_FILE(*crtend.o) .ctors)
 *(SORT(.ctors.*))
 *crtend.o(.ctors)
 *crtbegin.o(.dtors)
 *(EXCLUDE_FILE(*crtend.o) .dtors)
 *(SORT(.dtors.*))
 *crtend.o(.dtors)
 *(.rodata .rodata.* .gnu.linkonce.r.*)
 .rodata        0x200017b0       0x10 N:\eecs373\PolyBots\N64\N64_controller_iter4\N64_controller_iter_4\SoftConsole\N64_controller_iter_4_MSS_MSS_CM3_0\N64_controller_iter_4_MSS_MSS_CM3_0_hw_platform\Debug\libN64_controller_iter_4_MSS_MSS_CM3_0_hw_platform.a(system_a2fxxxm3.o)
 *(.ARM.extab* .gnu.linkonce.armextab.*)
 *(.gcc_except_table)
 *(.eh_frame_hdr)
 *(.eh_frame)
 *(.init)
 .init          0x200017c0        0x4 c:/program files (x86)/microsemi/softconsole v3.3/sourcery-g++/bin/../lib/gcc/arm-none-eabi/4.4.1/thumb2/crti.o
                0x200017c0                _init
 .init          0x200017c4        0x8 c:/program files (x86)/microsemi/softconsole v3.3/sourcery-g++/bin/../lib/gcc/arm-none-eabi/4.4.1/thumb2/crtn.o
 *(.fini)
 .fini          0x200017cc        0x4 c:/program files (x86)/microsemi/softconsole v3.3/sourcery-g++/bin/../lib/gcc/arm-none-eabi/4.4.1/thumb2/crti.o
                0x200017cc                _fini
 .fini          0x200017d0        0x8 c:/program files (x86)/microsemi/softconsole v3.3/sourcery-g++/bin/../lib/gcc/arm-none-eabi/4.4.1/thumb2/crtn.o
                0x200017d8                PROVIDE (__preinit_array_start, .)
 *(.preinit_array)
                0x200017d8                PROVIDE (__preinit_array_end, .)
                0x200017d8                PROVIDE (__init_array_start, .)
 *(SORT(.init_array.*))
 *(.init_array)
 .init_array    0x200017d8        0x4 c:/program files (x86)/microsemi/softconsole v3.3/sourcery-g++/bin/../lib/gcc/arm-none-eabi/4.4.1/thumb2/crtbegin.o
                0x200017dc                PROVIDE (__init_array_end, .)
                0x200017dc                PROVIDE (__fini_array_start, .)
 *(.fini_array)
 .fini_array    0x200017dc        0x4 c:/program files (x86)/microsemi/softconsole v3.3/sourcery-g++/bin/../lib/gcc/arm-none-eabi/4.4.1/thumb2/crtbegin.o
 *(SORT(.fini_array.*))
                0x200017e0                PROVIDE (__fini_array_end, .)
                0x200017e0                __exidx_start = .

.v4_bx          0x200017e0        0x0
 .v4_bx         0x00000000        0x0 linker stubs

.ARM.exidx
 *(.ARM.exidx* .gnu.linkonce.armexidx.*)
                0x200017e0                __exidx_end = .
                0x200017e0                _etext = .
                0x200017e0                PROVIDE (__text_end, .)

.data           0x200017e0       0x1c
                0x200017e0                __data_load = LOADADDR (.data)
                0x200017e0                _sidata = LOADADDR (.data)
                0x200017e0                __data_start = .
                0x200017e0                _sdata = .
 *(.jcr)
 .jcr           0x200017e0        0x0 c:/program files (x86)/microsemi/softconsole v3.3/sourcery-g++/bin/../lib/gcc/arm-none-eabi/4.4.1/thumb2/crtbegin.o
 .jcr           0x200017e0        0x4 c:/program files (x86)/microsemi/softconsole v3.3/sourcery-g++/bin/../lib/gcc/arm-none-eabi/4.4.1/thumb2/crtend.o
 *(.got.plt)
 *(.got)
 *(.shdata)
 *(.data .data.* .gnu.linkonce.d.*)
 .data          0x200017e4       0x18 N:\eecs373\PolyBots\N64\N64_controller_iter4\N64_controller_iter_4\SoftConsole\N64_controller_iter_4_MSS_MSS_CM3_0\N64_controller_iter_4_MSS_MSS_CM3_0_hw_platform\Debug\libN64_controller_iter_4_MSS_MSS_CM3_0_hw_platform.a(system_a2fxxxm3.o)
                0x200017e4                SystemCoreClock
                0x200017e8                g_FrequencyPCLK0
                0x200017ec                g_FrequencyPCLK1
                0x200017f0                g_FrequencyACE
                0x200017f4                g_FrequencyFPGA
                0x200017f8                SystemFrequency
                0x200017fc                . = ALIGN (0x4)
                0x200017fc                _edata = .

.bss            0x200017fc       0x54
                0x200017fc                __bss_start__ = .
                0x200017fc                _sbss = .
 *(.shbss)
 *(.bss .bss.* .gnu.linkonce.b.*)
 .bss           0x200017fc        0x1 c:/program files (x86)/microsemi/softconsole v3.3/sourcery-g++/bin/../lib/gcc/arm-none-eabi/4.4.1/thumb2/crtbegin.o
 *(COMMON)
 *fill*         0x200017fd        0x3 00
 COMMON         0x20001800       0x50 N:\eecs373\PolyBots\N64\N64_controller_iter4\N64_controller_iter_4\SoftConsole\N64_controller_iter_4_MSS_MSS_CM3_0\N64_controller_iter_4_MSS_MSS_CM3_0_hw_platform\Debug\libN64_controller_iter_4_MSS_MSS_CM3_0_hw_platform.a(mss_uart.o)
                0x20001800                g_mss_uart1
                0x20001828                g_mss_uart0
                0x20001850                . = ALIGN (0x8)
                0x20001850                __bss_end__ = .
                0x20001850                _end = .
                0x20001850                __end = _end
                0x20001850                _ebss = .
                0x20001850                PROVIDE (end, .)

.stack          0x20001850     0x3000
                0x20001850                . = ALIGN (0x4)
                0x20002850                . = (. + PROCESS_STACK_SIZE)
 *fill*         0x20001850     0x1000 00
                0x20002850                . = ALIGN (0x4)
                0x20004850                . = (. + MAIN_STACK_SIZE)
 *fill*         0x20002850     0x2000 00
                0x20004850                . = ALIGN (0x4)

.stab
 *(.stab)

.stabstr
 *(.stabstr)

.debug
 *(.debug)

.line
 *(.line)

.debug_srcinfo
 *(.debug_srcinfo)

.debug_sfnames
 *(.debug_sfnames)

.comment        0x00000000       0xac
 .comment       0x00000000       0x2b ./main.o
 .comment       0x0000002b       0x2b N:/eecs373/PolyBots/N64/N64_controller_iter4/N64_controller_iter_4/SoftConsole/N64_controller_iter_4_MSS_MSS_CM3_0/N64_controller_iter_4_MSS_MSS_CM3_0_hw_platform/Debug/CMSIS/startup_gcc/newlib_stubs.o
 .comment       0x00000056       0x2b N:\eecs373\PolyBots\N64\N64_controller_iter4\N64_controller_iter_4\SoftConsole\N64_controller_iter_4_MSS_MSS_CM3_0\N64_controller_iter_4_MSS_MSS_CM3_0_hw_platform\Debug\libN64_controller_iter_4_MSS_MSS_CM3_0_hw_platform.a(mss_uart.o)
 .comment       0x00000081       0x2b N:\eecs373\PolyBots\N64\N64_controller_iter4\N64_controller_iter_4\SoftConsole\N64_controller_iter_4_MSS_MSS_CM3_0\N64_controller_iter_4_MSS_MSS_CM3_0_hw_platform\Debug\libN64_controller_iter_4_MSS_MSS_CM3_0_hw_platform.a(system_a2fxxxm3.o)

.debug_aranges  0x00000000       0x90
 *(.debug_aranges)
 .debug_aranges
                0x00000000       0x30 ./main.o
 .debug_aranges
                0x00000030       0x20 N:/eecs373/PolyBots/N64/N64_controller_iter4/N64_controller_iter_4/SoftConsole/N64_controller_iter_4_MSS_MSS_CM3_0/N64_controller_iter_4_MSS_MSS_CM3_0_hw_platform/Debug/CMSIS/startup_gcc/newlib_stubs.o
 .debug_aranges
                0x00000050       0x20 N:\eecs373\PolyBots\N64\N64_controller_iter4\N64_controller_iter_4\SoftConsole\N64_controller_iter_4_MSS_MSS_CM3_0\N64_controller_iter_4_MSS_MSS_CM3_0_hw_platform\Debug\libN64_controller_iter_4_MSS_MSS_CM3_0_hw_platform.a(mss_uart.o)
 .debug_aranges
                0x00000070       0x20 N:\eecs373\PolyBots\N64\N64_controller_iter4\N64_controller_iter_4\SoftConsole\N64_controller_iter_4_MSS_MSS_CM3_0\N64_controller_iter_4_MSS_MSS_CM3_0_hw_platform\Debug\libN64_controller_iter_4_MSS_MSS_CM3_0_hw_platform.a(system_a2fxxxm3.o)

.debug_pubnames
                0x00000000      0x409
 *(.debug_pubnames)
 .debug_pubnames
                0x00000000       0x4e ./main.o
 .debug_pubnames
                0x0000004e       0xeb N:/eecs373/PolyBots/N64/N64_controller_iter4/N64_controller_iter_4/SoftConsole/N64_controller_iter_4_MSS_MSS_CM3_0/N64_controller_iter_4_MSS_MSS_CM3_0_hw_platform/Debug/CMSIS/startup_gcc/newlib_stubs.o
 .debug_pubnames
                0x00000139      0x21c N:\eecs373\PolyBots\N64\N64_controller_iter4\N64_controller_iter_4\SoftConsole\N64_controller_iter_4_MSS_MSS_CM3_0\N64_controller_iter_4_MSS_MSS_CM3_0_hw_platform\Debug\libN64_controller_iter_4_MSS_MSS_CM3_0_hw_platform.a(mss_uart.o)
 .debug_pubnames
                0x00000355       0xb4 N:\eecs373\PolyBots\N64\N64_controller_iter4\N64_controller_iter_4\SoftConsole\N64_controller_iter_4_MSS_MSS_CM3_0\N64_controller_iter_4_MSS_MSS_CM3_0_hw_platform\Debug\libN64_controller_iter_4_MSS_MSS_CM3_0_hw_platform.a(system_a2fxxxm3.o)

.debug_info     0x00000000     0x3988
 *(.debug_info .gnu.linkonce.wi.*)
 .debug_info    0x00000000      0xbf4 ./main.o
 .debug_info    0x00000bf4     0x10e7 N:/eecs373/PolyBots/N64/N64_controller_iter4/N64_controller_iter_4/SoftConsole/N64_controller_iter_4_MSS_MSS_CM3_0/N64_controller_iter_4_MSS_MSS_CM3_0_hw_platform/Debug/CMSIS/startup_gcc/newlib_stubs.o
 .debug_info    0x00001cdb     0x173c N:\eecs373\PolyBots\N64\N64_controller_iter4\N64_controller_iter_4\SoftConsole\N64_controller_iter_4_MSS_MSS_CM3_0\N64_controller_iter_4_MSS_MSS_CM3_0_hw_platform\Debug\libN64_controller_iter_4_MSS_MSS_CM3_0_hw_platform.a(mss_uart.o)
 .debug_info    0x00003417      0x571 N:\eecs373\PolyBots\N64\N64_controller_iter4\N64_controller_iter_4\SoftConsole\N64_controller_iter_4_MSS_MSS_CM3_0\N64_controller_iter_4_MSS_MSS_CM3_0_hw_platform\Debug\libN64_controller_iter_4_MSS_MSS_CM3_0_hw_platform.a(system_a2fxxxm3.o)

.debug_abbrev   0x00000000      0x83c
 *(.debug_abbrev)
 .debug_abbrev  0x00000000      0x197 ./main.o
 .debug_abbrev  0x00000197      0x24f N:/eecs373/PolyBots/N64/N64_controller_iter4/N64_controller_iter_4/SoftConsole/N64_controller_iter_4_MSS_MSS_CM3_0/N64_controller_iter_4_MSS_MSS_CM3_0_hw_platform/Debug/CMSIS/startup_gcc/newlib_stubs.o
 .debug_abbrev  0x000003e6      0x304 N:\eecs373\PolyBots\N64\N64_controller_iter4\N64_controller_iter_4\SoftConsole\N64_controller_iter_4_MSS_MSS_CM3_0\N64_controller_iter_4_MSS_MSS_CM3_0_hw_platform\Debug\libN64_controller_iter_4_MSS_MSS_CM3_0_hw_platform.a(mss_uart.o)
 .debug_abbrev  0x000006ea      0x152 N:\eecs373\PolyBots\N64\N64_controller_iter4\N64_controller_iter_4\SoftConsole\N64_controller_iter_4_MSS_MSS_CM3_0\N64_controller_iter_4_MSS_MSS_CM3_0_hw_platform\Debug\libN64_controller_iter_4_MSS_MSS_CM3_0_hw_platform.a(system_a2fxxxm3.o)

.debug_line     0x00000000     0x114c
 *(.debug_line)
 .debug_line    0x00000000      0x53e ./main.o
 .debug_line    0x0000053e      0x464 N:/eecs373/PolyBots/N64/N64_controller_iter4/N64_controller_iter_4/SoftConsole/N64_controller_iter_4_MSS_MSS_CM3_0/N64_controller_iter_4_MSS_MSS_CM3_0_hw_platform/Debug/CMSIS/startup_gcc/newlib_stubs.o
 .debug_line    0x000009a2      0x519 N:\eecs373\PolyBots\N64\N64_controller_iter4\N64_controller_iter_4\SoftConsole\N64_controller_iter_4_MSS_MSS_CM3_0\N64_controller_iter_4_MSS_MSS_CM3_0_hw_platform\Debug\libN64_controller_iter_4_MSS_MSS_CM3_0_hw_platform.a(mss_uart.o)
 .debug_line    0x00000ebb      0x291 N:\eecs373\PolyBots\N64\N64_controller_iter4\N64_controller_iter_4\SoftConsole\N64_controller_iter_4_MSS_MSS_CM3_0\N64_controller_iter_4_MSS_MSS_CM3_0_hw_platform\Debug\libN64_controller_iter_4_MSS_MSS_CM3_0_hw_platform.a(system_a2fxxxm3.o)

.debug_frame    0x00000000      0x460
 *(.debug_frame)
 .debug_frame   0x00000000       0x74 ./main.o
 .debug_frame   0x00000074      0x174 N:/eecs373/PolyBots/N64/N64_controller_iter4/N64_controller_iter_4/SoftConsole/N64_controller_iter_4_MSS_MSS_CM3_0/N64_controller_iter_4_MSS_MSS_CM3_0_hw_platform/Debug/CMSIS/startup_gcc/newlib_stubs.o
 .debug_frame   0x000001e8      0x1f0 N:\eecs373\PolyBots\N64\N64_controller_iter4\N64_controller_iter_4\SoftConsole\N64_controller_iter_4_MSS_MSS_CM3_0\N64_controller_iter_4_MSS_MSS_CM3_0_hw_platform\Debug\libN64_controller_iter_4_MSS_MSS_CM3_0_hw_platform.a(mss_uart.o)
 .debug_frame   0x000003d8       0x3c N:\eecs373\PolyBots\N64\N64_controller_iter4\N64_controller_iter_4\SoftConsole\N64_controller_iter_4_MSS_MSS_CM3_0\N64_controller_iter_4_MSS_MSS_CM3_0_hw_platform\Debug\libN64_controller_iter_4_MSS_MSS_CM3_0_hw_platform.a(system_a2fxxxm3.o)
 .debug_frame   0x00000414       0x20 c:/program files (x86)/microsemi/softconsole v3.3/sourcery-g++/bin/../lib/gcc/arm-none-eabi/4.4.1/../../../../arm-none-eabi/lib/thumb2\libc.a(lib_a-errno.o)
 .debug_frame   0x00000434       0x2c c:/program files (x86)/microsemi/softconsole v3.3/sourcery-g++/bin/../lib/gcc/arm-none-eabi/4.4.1/../../../../arm-none-eabi/lib/thumb2\libc.a(lib_a-init.o)

.debug_str      0x00000000     0x18af
 *(.debug_str)
 .debug_str     0x00000000      0xee1 ./main.o
                                0xf5c (size before relaxing)
 .debug_str     0x00000ee1      0x2bb N:/eecs373/PolyBots/N64/N64_controller_iter4/N64_controller_iter_4/SoftConsole/N64_controller_iter_4_MSS_MSS_CM3_0/N64_controller_iter_4_MSS_MSS_CM3_0_hw_platform/Debug/CMSIS/startup_gcc/newlib_stubs.o
                               0x10e9 (size before relaxing)
 .debug_str     0x0000119c      0x61c N:\eecs373\PolyBots\N64\N64_controller_iter4\N64_controller_iter_4\SoftConsole\N64_controller_iter_4_MSS_MSS_CM3_0\N64_controller_iter_4_MSS_MSS_CM3_0_hw_platform\Debug\libN64_controller_iter_4_MSS_MSS_CM3_0_hw_platform.a(mss_uart.o)
                               0x14fa (size before relaxing)
 .debug_str     0x000017b8       0xf7 N:\eecs373\PolyBots\N64\N64_controller_iter4\N64_controller_iter_4\SoftConsole\N64_controller_iter_4_MSS_MSS_CM3_0\N64_controller_iter_4_MSS_MSS_CM3_0_hw_platform\Debug\libN64_controller_iter_4_MSS_MSS_CM3_0_hw_platform.a(system_a2fxxxm3.o)
                                0x49d (size before relaxing)

.debug_loc      0x00000000      0xd0f
 *(.debug_loc)
 .debug_loc     0x00000000       0xa5 ./main.o
 .debug_loc     0x000000a5      0x30d N:/eecs373/PolyBots/N64/N64_controller_iter4/N64_controller_iter_4/SoftConsole/N64_controller_iter_4_MSS_MSS_CM3_0/N64_controller_iter_4_MSS_MSS_CM3_0_hw_platform/Debug/CMSIS/startup_gcc/newlib_stubs.o
 .debug_loc     0x000003b2      0x894 N:\eecs373\PolyBots\N64\N64_controller_iter4\N64_controller_iter_4\SoftConsole\N64_controller_iter_4_MSS_MSS_CM3_0\N64_controller_iter_4_MSS_MSS_CM3_0_hw_platform\Debug\libN64_controller_iter_4_MSS_MSS_CM3_0_hw_platform.a(mss_uart.o)
 .debug_loc     0x00000c46       0xc9 N:\eecs373\PolyBots\N64\N64_controller_iter4\N64_controller_iter_4\SoftConsole\N64_controller_iter_4_MSS_MSS_CM3_0\N64_controller_iter_4_MSS_MSS_CM3_0_hw_platform\Debug\libN64_controller_iter_4_MSS_MSS_CM3_0_hw_platform.a(system_a2fxxxm3.o)

.debug_macinfo  0x00000000    0x1ef7e
 *(.debug_macinfo)
 .debug_macinfo
                0x00000000     0x979f ./main.o
 .debug_macinfo
                0x0000979f     0x9964 N:/eecs373/PolyBots/N64/N64_controller_iter4/N64_controller_iter_4/SoftConsole/N64_controller_iter_4_MSS_MSS_CM3_0/N64_controller_iter_4_MSS_MSS_CM3_0_hw_platform/Debug/CMSIS/startup_gcc/newlib_stubs.o
 .debug_macinfo
                0x00013103     0x63e3 N:\eecs373\PolyBots\N64\N64_controller_iter4\N64_controller_iter_4\SoftConsole\N64_controller_iter_4_MSS_MSS_CM3_0\N64_controller_iter_4_MSS_MSS_CM3_0_hw_platform\Debug\libN64_controller_iter_4_MSS_MSS_CM3_0_hw_platform.a(mss_uart.o)
 .debug_macinfo
                0x000194e6     0x5a98 N:\eecs373\PolyBots\N64\N64_controller_iter4\N64_controller_iter_4\SoftConsole\N64_controller_iter_4_MSS_MSS_CM3_0\N64_controller_iter_4_MSS_MSS_CM3_0_hw_platform\Debug\libN64_controller_iter_4_MSS_MSS_CM3_0_hw_platform.a(system_a2fxxxm3.o)

.debug_weaknames
 *(.debug_weaknames)

.debug_funcnames
 *(.debug_funcnames)

.debug_typenames
 *(.debug_typenames)

.debug_varnames
 *(.debug_varnames)

.note.gnu.arm.ident
 *(.note.gnu.arm.ident)

.ARM.attributes
                0x00000000       0x25
 *(.ARM.attributes)
 .ARM.attributes
                0x00000000       0x19 c:/program files (x86)/microsemi/softconsole v3.3/sourcery-g++/bin/../lib/gcc/arm-none-eabi/4.4.1/thumb2/crti.o
 .ARM.attributes
                0x00000019       0x29 c:/program files (x86)/microsemi/softconsole v3.3/sourcery-g++/bin/../lib/gcc/arm-none-eabi/4.4.1/thumb2/crtbegin.o
 .ARM.attributes
                0x00000042       0x31 ./main.o
 .ARM.attributes
                0x00000073       0x21 N:/eecs373/PolyBots/N64/N64_controller_iter4/N64_controller_iter_4/SoftConsole/N64_controller_iter_4_MSS_MSS_CM3_0/N64_controller_iter_4_MSS_MSS_CM3_0_hw_platform/Debug/CMSIS/startup_gcc/startup_a2fxxxm3.o
 .ARM.attributes
                0x00000094       0x31 N:/eecs373/PolyBots/N64/N64_controller_iter4/N64_controller_iter_4/SoftConsole/N64_controller_iter_4_MSS_MSS_CM3_0/N64_controller_iter_4_MSS_MSS_CM3_0_hw_platform/Debug/CMSIS/startup_gcc/newlib_stubs.o
 .ARM.attributes
                0x000000c5       0x31 N:\eecs373\PolyBots\N64\N64_controller_iter4\N64_controller_iter_4\SoftConsole\N64_controller_iter_4_MSS_MSS_CM3_0\N64_controller_iter_4_MSS_MSS_CM3_0_hw_platform\Debug\libN64_controller_iter_4_MSS_MSS_CM3_0_hw_platform.a(mss_uart.o)
 .ARM.attributes
                0x000000f6       0x31 N:\eecs373\PolyBots\N64\N64_controller_iter4\N64_controller_iter_4\SoftConsole\N64_controller_iter_4_MSS_MSS_CM3_0\N64_controller_iter_4_MSS_MSS_CM3_0_hw_platform\Debug\libN64_controller_iter_4_MSS_MSS_CM3_0_hw_platform.a(system_a2fxxxm3.o)
 .ARM.attributes
                0x00000127       0x1b c:/program files (x86)/microsemi/softconsole v3.3/sourcery-g++/bin/../lib/gcc/arm-none-eabi/4.4.1/thumb2\libgcc.a(_arm_addsubsf3.o)
 .ARM.attributes
                0x00000142       0x1b c:/program files (x86)/microsemi/softconsole v3.3/sourcery-g++/bin/../lib/gcc/arm-none-eabi/4.4.1/thumb2\libgcc.a(_arm_muldivsf3.o)
 .ARM.attributes
                0x0000015d       0x1b c:/program files (x86)/microsemi/softconsole v3.3/sourcery-g++/bin/../lib/gcc/arm-none-eabi/4.4.1/thumb2\libgcc.a(_arm_fixunssfsi.o)
 .ARM.attributes
                0x00000178       0x29 c:/program files (x86)/microsemi/softconsole v3.3/sourcery-g++/bin/../lib/gcc/arm-none-eabi/4.4.1/../../../../arm-none-eabi/lib/thumb2\libc.a(lib_a-errno.o)
 .ARM.attributes
                0x000001a1       0x29 c:/program files (x86)/microsemi/softconsole v3.3/sourcery-g++/bin/../lib/gcc/arm-none-eabi/4.4.1/../../../../arm-none-eabi/lib/thumb2\libc.a(lib_a-impure.o)
 .ARM.attributes
                0x000001ca       0x29 c:/program files (x86)/microsemi/softconsole v3.3/sourcery-g++/bin/../lib/gcc/arm-none-eabi/4.4.1/../../../../arm-none-eabi/lib/thumb2\libc.a(lib_a-init.o)
 .ARM.attributes
                0x000001f3       0x29 c:/program files (x86)/microsemi/softconsole v3.3/sourcery-g++/bin/../lib/gcc/arm-none-eabi/4.4.1/thumb2/crtend.o
 .ARM.attributes
                0x0000021c       0x19 c:/program files (x86)/microsemi/softconsole v3.3/sourcery-g++/bin/../lib/gcc/arm-none-eabi/4.4.1/thumb2/crtn.o

/DISCARD/
 *(.note.GNU-stack)
 *(.isr_vector)
OUTPUT(N64_controller_iter_4_MSS_MSS_CM3_0_app elf32-littlearm)

.debug_ranges   0x00000000       0x40
 .debug_ranges  0x00000000       0x28 ./main.o
 .debug_ranges  0x00000028       0x18 N:\eecs373\PolyBots\N64\N64_controller_iter4\N64_controller_iter_4\SoftConsole\N64_controller_iter_4_MSS_MSS_CM3_0\N64_controller_iter_4_MSS_MSS_CM3_0_hw_platform\Debug\libN64_controller_iter_4_MSS_MSS_CM3_0_hw_platform.a(mss_uart.o)
