Archive member included because of file (symbol)

N:\eecs373\PolyBots\N64\N64_controller_iter4\N64_controller_iter_4\SoftConsole\N64_controller_iter_4_MSS_MSS_CM3_0\N64_controller_iter_4_MSS_MSS_CM3_0_hw_platform\Debug\libN64_controller_iter_4_MSS_MSS_CM3_0_hw_platform.a(mss_uart.o)
                              ./main.o (MSS_UART_polled_tx)
N:\eecs373\PolyBots\N64\N64_controller_iter4\N64_controller_iter_4\SoftConsole\N64_controller_iter_4_MSS_MSS_CM3_0\N64_controller_iter_4_MSS_MSS_CM3_0_hw_platform\Debug\libN64_controller_iter_4_MSS_MSS_CM3_0_hw_platform.a(mss_spi.o)
                              ./Adafruit_ILI9341_local.o (g_mss_spi1)
N:\eecs373\PolyBots\N64\N64_controller_iter4\N64_controller_iter_4\SoftConsole\N64_controller_iter_4_MSS_MSS_CM3_0\N64_controller_iter_4_MSS_MSS_CM3_0_hw_platform\Debug\libN64_controller_iter_4_MSS_MSS_CM3_0_hw_platform.a(mss_i2c.o)
                              ./Adafruit_FT6206.o (g_mss_i2c1)
N:\eecs373\PolyBots\N64\N64_controller_iter4\N64_controller_iter_4\SoftConsole\N64_controller_iter_4_MSS_MSS_CM3_0\N64_controller_iter_4_MSS_MSS_CM3_0_hw_platform\Debug\libN64_controller_iter_4_MSS_MSS_CM3_0_hw_platform.a(mss_gpio.o)
                              ./main.o (MSS_GPIO_init)
N:\eecs373\PolyBots\N64\N64_controller_iter4\N64_controller_iter_4\SoftConsole\N64_controller_iter_4_MSS_MSS_CM3_0\N64_controller_iter_4_MSS_MSS_CM3_0_hw_platform\Debug\libN64_controller_iter_4_MSS_MSS_CM3_0_hw_platform.a(core_cm3.o)
                              N:\eecs373\PolyBots\N64\N64_controller_iter4\N64_controller_iter_4\SoftConsole\N64_controller_iter_4_MSS_MSS_CM3_0\N64_controller_iter_4_MSS_MSS_CM3_0_hw_platform\Debug\libN64_controller_iter_4_MSS_MSS_CM3_0_hw_platform.a(mss_i2c.o) (__get_PRIMASK)
N:\eecs373\PolyBots\N64\N64_controller_iter4\N64_controller_iter_4\SoftConsole\N64_controller_iter_4_MSS_MSS_CM3_0\N64_controller_iter_4_MSS_MSS_CM3_0_hw_platform\Debug\libN64_controller_iter_4_MSS_MSS_CM3_0_hw_platform.a(system_a2fxxxm3.o)
                              N:/eecs373/PolyBots/N64/N64_controller_iter4/N64_controller_iter_4/SoftConsole/N64_controller_iter_4_MSS_MSS_CM3_0/N64_controller_iter_4_MSS_MSS_CM3_0_hw_platform/Debug/CMSIS/startup_gcc/startup_a2fxxxm3.o (SystemInit)
c:/program files (x86)/microsemi/softconsole v3.3/sourcery-g++/bin/../lib/gcc/arm-none-eabi/4.4.1/thumb2\libgcc.a(_arm_addsubdf3.o)
                              ./main.o (__aeabi_f2d)
c:/program files (x86)/microsemi/softconsole v3.3/sourcery-g++/bin/../lib/gcc/arm-none-eabi/4.4.1/thumb2\libgcc.a(_arm_muldivdf3.o)
                              ./main.o (__aeabi_dmul)
c:/program files (x86)/microsemi/softconsole v3.3/sourcery-g++/bin/../lib/gcc/arm-none-eabi/4.4.1/thumb2\libgcc.a(_arm_cmpdf2.o)
                              ./main.o (__aeabi_dcmpgt)
c:/program files (x86)/microsemi/softconsole v3.3/sourcery-g++/bin/../lib/gcc/arm-none-eabi/4.4.1/thumb2\libgcc.a(_arm_fixunsdfsi.o)
                              ./main.o (__aeabi_d2uiz)
c:/program files (x86)/microsemi/softconsole v3.3/sourcery-g++/bin/../lib/gcc/arm-none-eabi/4.4.1/thumb2\libgcc.a(_arm_truncdfsf2.o)
                              ./main.o (__aeabi_d2f)
c:/program files (x86)/microsemi/softconsole v3.3/sourcery-g++/bin/../lib/gcc/arm-none-eabi/4.4.1/thumb2\libgcc.a(_arm_addsubsf3.o)
                              ./main.o (__aeabi_ui2f)
c:/program files (x86)/microsemi/softconsole v3.3/sourcery-g++/bin/../lib/gcc/arm-none-eabi/4.4.1/thumb2\libgcc.a(_arm_muldivsf3.o)
                              ./main.o (__aeabi_fmul)
c:/program files (x86)/microsemi/softconsole v3.3/sourcery-g++/bin/../lib/gcc/arm-none-eabi/4.4.1/thumb2\libgcc.a(_arm_cmpsf2.o)
                              ./main.o (__aeabi_fcmpgt)
c:/program files (x86)/microsemi/softconsole v3.3/sourcery-g++/bin/../lib/gcc/arm-none-eabi/4.4.1/../../../../arm-none-eabi/lib/thumb2\libc.a(lib_a-clock.o)
                              ./Adafruit_ILI9341_local.o (clock)
c:/program files (x86)/microsemi/softconsole v3.3/sourcery-g++/bin/../lib/gcc/arm-none-eabi/4.4.1/../../../../arm-none-eabi/lib/thumb2\libc.a(lib_a-errno.o)
                              N:/eecs373/PolyBots/N64/N64_controller_iter4/N64_controller_iter_4/SoftConsole/N64_controller_iter_4_MSS_MSS_CM3_0/N64_controller_iter_4_MSS_MSS_CM3_0_hw_platform/Debug/CMSIS/startup_gcc/newlib_stubs.o (__errno)
c:/program files (x86)/microsemi/softconsole v3.3/sourcery-g++/bin/../lib/gcc/arm-none-eabi/4.4.1/../../../../arm-none-eabi/lib/thumb2\libc.a(lib_a-impure.o)
                              c:/program files (x86)/microsemi/softconsole v3.3/sourcery-g++/bin/../lib/gcc/arm-none-eabi/4.4.1/../../../../arm-none-eabi/lib/thumb2\libc.a(lib_a-clock.o) (_impure_ptr)
c:/program files (x86)/microsemi/softconsole v3.3/sourcery-g++/bin/../lib/gcc/arm-none-eabi/4.4.1/../../../../arm-none-eabi/lib/thumb2\libc.a(lib_a-init.o)
[...]
Memory Configuration

Name             Origin             Length             Attributes
rom              0x60000000         0x00040000         xr
romMirror        0x00000000         0x00040000         xr
ram              0x20000000         0x00010000         xrw
*default*        0x00000000         0xffffffff

Linker script and memory map

LOAD c:/program files (x86)/microsemi/softconsole v3.3/sourcery-g++/bin/../lib/gcc/arm-none-eabi/4.4.1/thumb2/crti.o
LOAD c:/program files (x86)/microsemi/softconsole v3.3/sourcery-g++/bin/../lib/gcc/arm-none-eabi/4.4.1/thumb2/crtbegin.o
LOAD ./Adafruit_FT6206.o
LOAD ./Adafruit_GFX_local.o
LOAD ./Adafruit_ILI9341_local.o
LOAD ./glcdfont.o
LOAD ./main.o
LOAD N:/eecs373/PolyBots/N64/N64_controller_iter4/N64_controller_iter_4/SoftConsole/N64_controller_iter_4_MSS_MSS_CM3_0/N64_controller_iter_4_MSS_MSS_CM3_0_hw_platform/Debug/CMSIS/startup_gcc/startup_a2fxxxm3.o
LOAD N:/eecs373/PolyBots/N64/N64_controller_iter4/N64_controller_iter_4/SoftConsole/N64_controller_iter_4_MSS_MSS_CM3_0/N64_controller_iter_4_MSS_MSS_CM3_0_hw_platform/Debug/CMSIS/startup_gcc/newlib_stubs.o
LOAD N:\eecs373\PolyBots\N64\N64_controller_iter4\N64_controller_iter_4\SoftConsole\N64_controller_iter_4_MSS_MSS_CM3_0\N64_controller_iter_4_MSS_MSS_CM3_0_hw_platform\Debug\libN64_controller_iter_4_MSS_MSS_CM3_0_hw_platform.a
START GROUP
LOAD c:/program files (x86)/microsemi/softconsole v3.3/sourcery-g++/bin/../lib/gcc/arm-none-eabi/4.4.1/thumb2\libgcc.a
LOAD c:/program files (x86)/microsemi/softconsole v3.3/sourcery-g++/bin/../lib/gcc/arm-none-eabi/4.4.1/../../../../arm-none-eabi/lib/thumb2\libc.a
END GROUP
LOAD c:/program files (x86)/microsemi/softconsole v3.3/sourcery-g++/bin/../lib/gcc/arm-none-eabi/4.4.1/thumb2/crtend.o
LOAD c:/program files (x86)/microsemi/softconsole v3.3/sourcery-g++/bin/../lib/gcc/arm-none-eabi/4.4.1/thumb2/crtn.o
START GROUP
LOAD c:/program files (x86)/microsemi/softconsole v3.3/sourcery-g++/bin/../lib/gcc/arm-none-eabi/4.4.1/../../../../arm-none-eabi/lib/thumb2\libc.a
LOAD c:/program files (x86)/microsemi/softconsole v3.3/sourcery-g++/bin/../lib/gcc/arm-none-eabi/4.4.1/thumb2\libgcc.a
LOAD c:/program files (x86)/microsemi/softconsole v3.3/sourcery-g++/bin/../lib/gcc/arm-none-eabi/4.4.1/../../../../arm-none-eabi/lib/thumb2\libm.a
END GROUP
                0x00000000                __DYNAMIC = 0x0
                0x20000000                RAM_START_ADDRESS = 0x20000000
                0x00010000                RAM_SIZE = 0x10000
                0x00002000                MAIN_STACK_SIZE = 0x2000
                0x00001000                PROCESS_STACK_SIZE = 0x1000
                0x20010000                PROVIDE (__main_stack_start, (RAM_START_ADDRESS + RAM_SIZE))
                0x2000e000                PROVIDE (__process_stack_start, (__main_stack_start - MAIN_STACK_SIZE))
                0x20010000                PROVIDE (_estack, __main_stack_start)
                0x00000001                PROVIDE (__mirrored_nvm, 0x1)

.init           0x00000000      0x470 load address 0x60000000
                0x00000000                __vector_table_vma_base_address = .
 *(.isr_vector)
 .isr_vector    0x00000000      0x470 N:/eecs373/PolyBots/N64/N64_controller_iter4/N64_controller_iter_4/SoftConsole/N64_controller_iter_4_MSS_MSS_CM3_0/N64_controller_iter_4_MSS_MSS_CM3_0_hw_platform/Debug/CMSIS/startup_gcc/startup_a2fxxxm3.o
                0x00000000                g_pfnVectors
                0x00000298                Reset_Handler
                0x00000308                NMI_Handler
                0x0000030a                HardFault_Handler
                0x0000030c                MemManage_Handler
                0x0000030e                BusFault_Handler
                0x00000310                UsageFault_Handler
                0x00000312                SVC_Handler
                0x00000314                DebugMon_Handler
                0x00000316                PendSV_Handler
                0x00000318                SysTick_Handler
                0x0000031a                WdogWakeup_IRQHandler
                0x0000031c                BrownOut_1_5V_IRQHandler
                0x0000031e                BrownOut_3_3V_IRQHandler
                0x00000320                RTC_Match_IRQHandler
                0x00000322                RTCIF_Pub_IRQHandler
                0x00000324                EthernetMAC_IRQHandler
                0x00000326                IAP_IRQHandler
                0x00000328                ENVM0_IRQHandler
                0x0000032a                ENVM1_IRQHandler
                0x0000032c                DMA_IRQHandler
                0x00000338                I2C0_SMBAlert_IRQHandler
                0x0000033a                I2C0_SMBus_IRQHandler
                0x0000033e                I2C1_SMBAlert_IRQHandler
                0x00000340                I2C1_SMBus_IRQHandler
                0x00000342                Timer1_IRQHandler
                0x00000344                Timer2_IRQHandler
                0x00000346                PLL_Lock_IRQHandler
                0x00000348                PLL_LockLost_IRQHandler
                0x0000034a                CommError_IRQHandler
                0x0000034c                Fabric_IRQHandler
                0x0000034e                GPIO0_IRQHandler
                0x00000350                GPIO1_IRQHandler
                0x00000352                GPIO2_IRQHandler
                0x00000354                GPIO3_IRQHandler
                0x00000356                GPIO4_IRQHandler
                0x00000358                GPIO5_IRQHandler
                0x0000035a                GPIO6_IRQHandler
                0x0000035c                GPIO7_IRQHandler
                0x0000035e                GPIO8_IRQHandler
                0x00000360                GPIO9_IRQHandler
                0x00000362                GPIO10_IRQHandler
                0x00000364                GPIO11_IRQHandler
                0x00000366                GPIO12_IRQHandler
                0x00000368                GPIO13_IRQHandler
                0x0000036a                GPIO14_IRQHandler
                0x0000036c                GPIO15_IRQHandler
                0x0000036e                GPIO16_IRQHandler
                0x00000370                GPIO17_IRQHandler
                0x00000372                GPIO18_IRQHandler
                0x00000374                GPIO19_IRQHandler
                0x00000376                GPIO20_IRQHandler
                0x00000378                GPIO21_IRQHandler
                0x0000037a                GPIO22_IRQHandler
                0x0000037c                GPIO23_IRQHandler
                0x0000037e                GPIO24_IRQHandler
                0x00000380                GPIO25_IRQHandler
                0x00000382                GPIO26_IRQHandler
                0x00000384                GPIO27_IRQHandler
                0x00000386                GPIO28_IRQHandler
                0x00000388                GPIO29_IRQHandler
                0x0000038a                GPIO30_IRQHandler
                0x0000038c                GPIO31_IRQHandler
                0x0000038e                ACE_PC0_Flag0_IRQHandler
                0x00000390                ACE_PC0_Flag1_IRQHandler
                0x00000392                ACE_PC0_Flag2_IRQHandler
                0x00000394                ACE_PC0_Flag3_IRQHandler
                0x00000396                ACE_PC1_Flag0_IRQHandler
                0x00000398                ACE_PC1_Flag1_IRQHandler
                0x0000039a                ACE_PC1_Flag2_IRQHandler
                0x0000039c                ACE_PC1_Flag3_IRQHandler
                0x0000039e                ACE_PC2_Flag0_IRQHandler
                0x000003a0                ACE_PC2_Flag1_IRQHandler
                0x000003a2                ACE_PC2_Flag2_IRQHandler
                0x000003a4                ACE_PC2_Flag3_IRQHandler
                0x000003a6                ACE_ADC0_DataValid_IRQHandler
                0x000003a8                ACE_ADC1_DataValid_IRQHandler
                0x000003aa                ACE_ADC2_DataValid_IRQHandler
                0x000003ac                ACE_ADC0_CalDone_IRQHandler
                0x000003ae                ACE_ADC1_CalDone_IRQHandler
                0x000003b0                ACE_ADC2_CalDone_IRQHandler
                0x000003b2                ACE_ADC0_CalStart_IRQHandler
                0x000003b4                ACE_ADC1_CalStart_IRQHandler
                0x000003b6                ACE_ADC2_CalStart_IRQHandler
                0x000003b8                ACE_Comp0_Fall_IRQHandler
                0x000003ba                ACE_Comp1_Fall_IRQHandler
                0x000003bc                ACE_Comp2_Fall_IRQHandler
                0x000003be                ACE_Comp3_Fall_IRQHandler
                0x000003c0                ACE_Comp4_Fall_IRQHandler
                0x000003c2                ACE_Comp5_Fall_IRQHandler
                0x000003c4                ACE_Comp6_Fall_IRQHandler
                0x000003c6                ACE_Comp7_Fall_IRQHandler
                0x000003c8                ACE_Comp8_Fall_IRQHandler
                0x000003ca                ACE_Comp9_Fall_IRQHandler
                0x000003cc                ACE_Comp10_Fall_IRQHandler
                0x000003ce                ACE_Comp11_Fall_IRQHandler
                0x000003d0                ACE_Comp0_Rise_IRQHandler
                0x000003d2                ACE_Comp1_Rise_IRQHandler
                0x000003d4                ACE_Comp2_Rise_IRQHandler
                0x000003d6                ACE_Comp3_Rise_IRQHandler
                0x000003d8                ACE_Comp4_Rise_IRQHandler
                0x000003da                ACE_Comp5_Rise_IRQHandler
                0x000003dc                ACE_Comp6_Rise_IRQHandler
                0x000003de                ACE_Comp7_Rise_IRQHandler
                0x000003e0                ACE_Comp8_Rise_IRQHandler
                0x000003e2                ACE_Comp9_Rise_IRQHandler
                0x000003e4                ACE_Comp10_Rise_IRQHandler
                0x000003e6                ACE_Comp11_Rise_IRQHandler
                0x000003e8                ACE_ADC0_FifoFull_IRQHandler
                0x000003ea                ACE_ADC0_FifoAFull_IRQHandler
                0x000003ec                ACE_ADC0_FifoEmpty_IRQHandler
                0x000003ee                ACE_ADC1_FifoFull_IRQHandler
                0x000003f0                ACE_ADC1_FifoAFull_IRQHandler
                0x000003f2                ACE_ADC1_FifoEmpty_IRQHandler
                0x000003f4                ACE_ADC2_FifoFull_IRQHandler
                0x000003f6                ACE_ADC2_FifoAFull_IRQHandler
                0x000003f8                ACE_ADC2_FifoEmpty_IRQHandler
                0x000003fa                ACE_PPE_Flag0_IRQHandler
                0x000003fc                ACE_PPE_Flag1_IRQHandler
                0x000003fe                ACE_PPE_Flag2_IRQHandler
                0x00000400                ACE_PPE_Flag3_IRQHandler
                0x00000402                ACE_PPE_Flag4_IRQHandler
                0x00000404                ACE_PPE_Flag5_IRQHandler
                0x00000406                ACE_PPE_Flag6_IRQHandler
                0x00000408                ACE_PPE_Flag7_IRQHandler
                0x0000040a                ACE_PPE_Flag8_IRQHandler
                0x0000040c                ACE_PPE_Flag9_IRQHandler
                0x0000040e                ACE_PPE_Flag10_IRQHandler
                0x00000410                ACE_PPE_Flag11_IRQHandler
                0x00000412                ACE_PPE_Flag12_IRQHandler
                0x00000414                ACE_PPE_Flag13_IRQHandler
                0x00000416                ACE_PPE_Flag14_IRQHandler
                0x00000418                ACE_PPE_Flag15_IRQHandler
                0x0000041a                ACE_PPE_Flag16_IRQHandler
                0x0000041c                ACE_PPE_Flag17_IRQHandler
                0x0000041e                ACE_PPE_Flag18_IRQHandler
                0x00000420                ACE_PPE_Flag19_IRQHandler
                0x00000422                ACE_PPE_Flag20_IRQHandler
                0x00000424                ACE_PPE_Flag21_IRQHandler
                0x00000426                ACE_PPE_Flag22_IRQHandler
                0x00000428                ACE_PPE_Flag23_IRQHandler
                0x0000042a                ACE_PPE_Flag24_IRQHandler
                0x0000042c                ACE_PPE_Flag25_IRQHandler
                0x0000042e                ACE_PPE_Flag26_IRQHandler
                0x00000430                ACE_PPE_Flag27_IRQHandler
                0x00000432                ACE_PPE_Flag28_IRQHandler
                0x00000434                ACE_PPE_Flag29_IRQHandler
                0x00000436                ACE_PPE_Flag30_IRQHandler
                0x00000438                ACE_PPE_Flag31_IRQHandler
                0x00000470                . = ALIGN (0x4)

.text           0x00000470     0xb808 load address 0x60000470
 CREATE_OBJECT_SYMBOLS
                0x60000470                __text_load = LOADADDR (.text)
                0x00000470                __text_start = .
 *(.text .text.* .gnu.linkonce.t.*)
 .text          0x00000470       0x30 c:/program files (x86)/microsemi/softconsole v3.3/sourcery-g++/bin/../lib/gcc/arm-none-eabi/4.4.1/thumb2/crtbegin.o
 .text.writeRegister8
                0x000004a0       0x68 ./Adafruit_FT6206.o
                0x000004a0                writeRegister8
 .text.ts_begin
                0x00000508       0x10 ./Adafruit_FT6206.o
                0x00000508                ts_begin
 .text.readRegister8
                0x00000518       0x50 ./Adafruit_FT6206.o
                0x00000518                readRegister8
 .text.touched  0x00000568       0x1c ./Adafruit_FT6206.o
                0x00000568                touched
 .text.readData
                0x00000584       0xcc ./Adafruit_FT6206.o
                0x00000584                readData
 .text.getPoint
                0x00000650       0x2c ./Adafruit_FT6206.o
                0x00000650                getPoint
 .text.height   0x0000067c        0x8 ./Adafruit_GFX_local.o
                0x0000067c                height
 .text.drawChar
                0x00000684      0x164 ./Adafruit_GFX_local.o
                0x00000684                drawChar
 .text.fillCircleHelper
                0x000007e8      0x13c ./Adafruit_GFX_local.o
                0x000007e8                fillCircleHelper
 .text.fillRoundRect
                0x00000924       0x90 ./Adafruit_GFX_local.o
                0x00000924                fillRoundRect
 .text.fillScreen
                0x000009b4       0x20 ./Adafruit_GFX_local.o
                0x000009b4                fillScreen
 .text.endWrite
                0x000009d4       0x14 ./Adafruit_ILI9341_local.o
                0x000009d4                endWrite
 .text.startWrite
                0x000009e8       0x14 ./Adafruit_ILI9341_local.o
                0x000009e8                startWrite
 .text.spiWrite
                0x000009fc       0x24 ./Adafruit_ILI9341_local.o
                0x000009fc                spiWrite
 .text.writeColor
                0x00000a20       0x20 ./Adafruit_ILI9341_local.o
                0x00000a20                writeColor
 .text.writePixel
                0x00000a40       0x14 ./Adafruit_ILI9341_local.o
                0x00000a40                writePixel
 .text.writeCommand
                0x00000a54       0x1c ./Adafruit_ILI9341_local.o
                0x00000a54                writeCommand
 .text.setAddrWindow
                0x00000a70       0x6c ./Adafruit_ILI9341_local.o
                0x00000a70                setAddrWindow
 .text.writeFillRect
                0x00000adc       0xa0 ./Adafruit_ILI9341_local.o
                0x00000adc                writeFillRect
 .text.fillRect
                0x00000b7c       0x18 ./Adafruit_ILI9341_local.o
                0x00000b7c                fillRect
 .text.writeFastVLine
                0x00000b94       0x18 ./Adafruit_ILI9341_local.o
                0x00000b94                writeFastVLine
 .text.writePixelCoordinates
                0x00000bac       0x38 ./Adafruit_ILI9341_local.o
                0x00000bac                writePixelCoordinates
 .text.setRotation
                0x00000be4       0x6c ./Adafruit_ILI9341_local.o
                0x00000be4                setRotation
 .text.delay    0x00000c50        0x8 ./Adafruit_ILI9341_local.o
                0x00000c50                delay
 .text.begin    0x00000c58      0x2ec ./Adafruit_ILI9341_local.o
                0x00000c58                begin
 .text.map      0x00000f44       0x20 ./main.o
                0x00000f44                map
 .text.change_endianness
                0x00000f64       0x28 ./main.o
                0x00000f64                change_endianness
 .text.calc_speed_percent_stick
                0x00000f8c       0x94 ./main.o
                0x00000f8c                calc_speed_percent_stick
 .text.parse_controller_data
                0x00001020       0x38 ./main.o
                0x00001020                parse_controller_data
 .text.calc_wheel_direction_stick
                0x00001058       0x1c ./main.o
                0x00001058                calc_wheel_direction_stick
 .text.calc_wheel_direction_dpad
                0x00001074       0x68 ./main.o
                0x00001074                calc_wheel_direction_dpad
 .text.calc_right_wheel_duty_cycle_dpad
                0x000010dc      0x130 ./main.o
                0x000010dc                calc_right_wheel_duty_cycle_dpad
 .text.calc_left_wheel_duty_cycle_dpad
                0x0000120c      0x130 ./main.o
                0x0000120c                calc_left_wheel_duty_cycle_dpad
 *fill*         0x0000133c        0x4 00
 .text.calc_right_wheel_duty_cycle_stick
                0x00001340       0xa8 ./main.o
                0x00001340                calc_right_wheel_duty_cycle_stick
 .text.calc_left_wheel_duty_cycle_stick
                0x000013e8       0xa8 ./main.o
                0x000013e8                calc_left_wheel_duty_cycle_stick
 .text.config_spi
                0x00001490       0x40 ./main.o
                0x00001490                config_spi
 .text.n64button
                0x000014d0      0x15c ./main.o
                0x000014d0                n64button
 .text.linebutton
                0x0000162c      0x15c ./main.o
                0x0000162c                linebutton
 .text.mode_buttons
                0x00001788       0xcc ./main.o
                0x00001788                mode_buttons
 .text.greenBtn
                0x00001854       0xa0 ./main.o
                0x00001854                greenBtn
 .text.redBtn   0x000018f4       0xa0 ./main.o
                0x000018f4                redBtn
 .text.setup_screen
                0x00001994       0x78 ./main.o
                0x00001994                setup_screen
 .text.start_stop_buttons
                0x00001a0c       0xd4 ./main.o
                0x00001a0c                start_stop_buttons
 .text.main     0x00001ae0      0x1cc ./main.o
                0x00001ae0                main
 .text          0x00001cac      0x178 N:/eecs373/PolyBots/N64/N64_controller_iter4/N64_controller_iter_4/SoftConsole/N64_controller_iter_4_MSS_MSS_CM3_0/N64_controller_iter_4_MSS_MSS_CM3_0_hw_platform/Debug/CMSIS/startup_gcc/newlib_stubs.o
                0x00001cac                _close
                0x00001cb4                _exit
                0x00001cb8                _fstat
                0x00001cc4                _getpid
                0x00001ccc                _isatty
                0x00001cd4                _lseek
                0x00001cdc                _open
                0x00001ce4                _read
                0x00001cec                _stat
                0x00001cf8                _times
                0x00001d00                _wait
                0x00001d14                _unlink
                0x00001d28                _link
                0x00001d3c                _kill
                0x00001d50                _fork
                0x00001d64                _execve
                0x00001d78                _write_r
                0x00001dc0                _sbrk
 .text          0x00001e24      0x9c8 N:\eecs373\PolyBots\N64\N64_controller_iter4\N64_controller_iter_4\SoftConsole\N64_controller_iter_4_MSS_MSS_CM3_0\N64_controller_iter_4_MSS_MSS_CM3_0_hw_platform\Debug\libN64_controller_iter_4_MSS_MSS_CM3_0_hw_platform.a(mss_uart.o)
                0x00001e24                MSS_UART_polled_tx
                0x00001ed0                MSS_UART_polled_tx_string
                0x00001f60                MSS_UART_irq_tx
                0x00001ff8                MSS_UART_tx_complete
                0x00002034                MSS_UART_get_rx
                0x000020d0                MSS_UART_enable_irq
                0x00002138                MSS_UART_disable_irq
                0x000022b0                MSS_UART_set_rx_handler
                0x00002354                MSS_UART_set_loopback
                0x0000238c                UART0_IRQHandler
                0x000023bc                UART1_IRQHandler
                0x000023ec                MSS_UART_set_rxstatus_handler
                0x0000246c                MSS_UART_set_tx_handler
                0x000024f4                MSS_UART_set_modemstatus_handler
                0x00002574                MSS_UART_fill_tx_fifo
                0x00002608                MSS_UART_get_rx_status
                0x00002640                MSS_UART_get_modem_status
                0x00002668                MSS_UART_get_tx_status
                0x0000269c                MSS_UART_init
 .text          0x000027ec      0xf3c N:\eecs373\PolyBots\N64\N64_controller_iter4\N64_controller_iter_4\SoftConsole\N64_controller_iter_4_MSS_MSS_CM3_0\N64_controller_iter_4_MSS_MSS_CM3_0_hw_platform\Debug\libN64_controller_iter_4_MSS_MSS_CM3_0_hw_platform.a(mss_spi.o)
                0x000028d0                MSS_SPI_configure_slave_mode
                0x00002994                MSS_SPI_configure_master_mode
                0x00002a94                MSS_SPI_set_slave_select
                0x00002b60                MSS_SPI_clear_slave_select
                0x00002bf0                MSS_SPI_transfer_frame
                0x00002c80                MSS_SPI_transfer_block
                0x00002dd4                MSS_SPI_set_frame_rx_handler
                0x00002ea4                MSS_SPI_set_slave_tx_frame
                0x00002f78                MSS_SPI_set_slave_block_buffers
                0x00003120                MSS_SPI_enable
                0x00003168                MSS_SPI_disable
                0x000031b0                MSS_SPI_set_transfer_byte_count
                0x00003220                MSS_SPI_tx_done
                0x000032d4                MSS_SPI_set_cmd_response
                0x000032ec                MSS_SPI_set_cmd_handler
                0x000035cc                SPI0_IRQHandler
                0x000035fc                SPI1_IRQHandler
                0x0000362c                MSS_SPI_init
 .text          0x00003728      0xdac N:\eecs373\PolyBots\N64\N64_controller_iter4\N64_controller_iter_4\SoftConsole\N64_controller_iter_4_MSS_MSS_CM3_0\N64_controller_iter_4_MSS_MSS_CM3_0_hw_platform\Debug\libN64_controller_iter_4_MSS_MSS_CM3_0_hw_platform.a(mss_i2c.o)
                0x00003728                MSS_I2C_get_status
                0x00003748                MSS_I2C_wait_complete
                0x00003794                MSS_I2C_system_tick
                0x000037bc                MSS_I2C_set_slave_mem_offset_length
                0x000037e8                MSS_I2C_register_write_handler
                0x00003dac                MSS_I2C_smbus_init
                0x00003dbc                MSS_I2C_enable_smbus_irq
                0x00003e70                MSS_I2C_disable_smbus_irq
                0x00003f18                MSS_I2C_suspend_smbus_slave
                0x00003f24                MSS_I2C_resume_smbus_slave
                0x00003f30                MSS_I2C_reset_smbus
                0x00003f3c                MSS_I2C_set_smbus_alert
                0x00003f48                MSS_I2C_clear_smbus_alert
                0x00003f54                MSS_I2C_set_gca
                0x00003f60                MSS_I2C_clear_gca
                0x00003f6c                MSS_I2C_set_user_data
                0x00003f70                MSS_I2C_get_user_data
                0x00003f74                I2C0_IRQHandler
                0x00003fa4                I2C1_IRQHandler
                0x00003ff0                MSS_I2C_disable_slave
                0x00004024                MSS_I2C_enable_slave
                0x00004074                MSS_I2C_set_slave_rx_buffer
                0x000040ac                MSS_I2C_set_slave_tx_buffer
                0x000040e4                MSS_I2C_write_read
                0x000041fc                MSS_I2C_read
                0x000042dc                MSS_I2C_write
                0x000043b8                MSS_I2C_init
 .text          0x000044d4      0x1dc N:\eecs373\PolyBots\N64\N64_controller_iter4\N64_controller_iter_4\SoftConsole\N64_controller_iter_4_MSS_MSS_CM3_0\N64_controller_iter_4_MSS_MSS_CM3_0_hw_platform\Debug\libN64_controller_iter_4_MSS_MSS_CM3_0_hw_platform.a(mss_gpio.o)
                0x000044d4                MSS_GPIO_init
                0x00004534                MSS_GPIO_config
                0x00004550                MSS_GPIO_set_output
                0x0000456c                MSS_GPIO_drive_inout
                0x00004604                MSS_GPIO_enable_irq
                0x00004648                MSS_GPIO_disable_irq
                0x00004668                MSS_GPIO_clear_irq
 .text          0x000046b0       0xa4 N:\eecs373\PolyBots\N64\N64_controller_iter4\N64_controller_iter_4\SoftConsole\N64_controller_iter_4_MSS_MSS_CM3_0\N64_controller_iter_4_MSS_MSS_CM3_0_hw_platform\Debug\libN64_controller_iter_4_MSS_MSS_CM3_0_hw_platform.a(core_cm3.o)
                0x000046b0                __get_PSP
                0x000046b8                __set_PSP
                0x000046c0                __get_MSP
                0x000046c8                __set_MSP
                0x000046d0                __get_BASEPRI
                0x000046d8                __set_BASEPRI
                0x000046e0                __get_PRIMASK
                0x000046e8                __set_PRIMASK
                0x000046f0                __get_FAULTMASK
                0x000046f8                __set_FAULTMASK
                0x00004700                __get_CONTROL
                0x00004708                __set_CONTROL
                0x00004710                __REV
                0x00004714                __REV16
                0x00004718                __REVSH
                0x0000471c                __RBIT
                0x00004724                __LDREXB
                0x0000472c                __LDREXH
                0x00004734                __LDREXW
                0x0000473c                __STREXB
                0x00004744                __STREXH
                0x0000474c                __STREXW
 .text          0x00004754      0x10c N:\eecs373\PolyBots\N64\N64_controller_iter4\N64_controller_iter_4\SoftConsole\N64_controller_iter_4_MSS_MSS_CM3_0\N64_controller_iter_4_MSS_MSS_CM3_0_hw_platform\Debug\libN64_controller_iter_4_MSS_MSS_CM3_0_hw_platform.a(system_a2fxxxm3.o)
                0x00004754                SystemInit
                0x00004758                SystemCoreClockUpdate
 .text          0x00004860      0x370 c:/program files (x86)/microsemi/softconsole v3.3/sourcery-g++/bin/../lib/gcc/arm-none-eabi/4.4.1/thumb2\libgcc.a(_arm_addsubdf3.o)
                0x00004860                __aeabi_drsub
                0x00004868                __aeabi_dsub
                0x00004868                __subdf3
                0x0000486c                __aeabi_dadd
                0x0000486c                __adddf3
                0x00004ae4                __floatunsidf
                0x00004ae4                __aeabi_ui2d
                0x00004b04                __floatsidf
                0x00004b04                __aeabi_i2d
                0x00004b28                __aeabi_f2d
                0x00004b28                __extendsfdf2
                0x00004b64                __floatundidf
                0x00004b64                __aeabi_ul2d
                0x00004b74                __floatdidf
                0x00004b74                __aeabi_l2d
 .text          0x00004bd0      0x424 c:/program files (x86)/microsemi/softconsole v3.3/sourcery-g++/bin/../lib/gcc/arm-none-eabi/4.4.1/thumb2\libgcc.a(_arm_muldivdf3.o)
                0x00004bd0                __aeabi_dmul
                0x00004bd0                __muldf3
                0x00004e24                __divdf3
                0x00004e24                __aeabi_ddiv
 .text          0x00004ff4      0x110 c:/program files (x86)/microsemi/softconsole v3.3/sourcery-g++/bin/../lib/gcc/arm-none-eabi/4.4.1/thumb2\libgcc.a(_arm_cmpdf2.o)
                0x00004ff4                __gtdf2
                0x00004ff4                __gedf2
                0x00004ffc                __ltdf2
                0x00004ffc                __ledf2
                0x00005004                __nedf2
                0x00005004                __eqdf2
                0x00005004                __cmpdf2
                0x00005080                __aeabi_cdrcmple
                0x00005090                __aeabi_cdcmpeq
                0x00005090                __aeabi_cdcmple
                0x000050a0                __aeabi_dcmpeq
                0x000050b4                __aeabi_dcmplt
                0x000050c8                __aeabi_dcmple
                0x000050dc                __aeabi_dcmpge
                0x000050f0                __aeabi_dcmpgt
 .text          0x00005104       0x40 c:/program files (x86)/microsemi/softconsole v3.3/sourcery-g++/bin/../lib/gcc/arm-none-eabi/4.4.1/thumb2\libgcc.a(_arm_fixunsdfsi.o)
                0x00005104                __aeabi_d2uiz
                0x00005104                __fixunsdfsi
 .text          0x00005144       0xa0 c:/program files (x86)/microsemi/softconsole v3.3/sourcery-g++/bin/../lib/gcc/arm-none-eabi/4.4.1/thumb2\libgcc.a(_arm_truncdfsf2.o)
                0x00005144                __truncdfsf2
                0x00005144                __aeabi_d2f
 .text          0x000051e4      0x21c c:/program files (x86)/microsemi/softconsole v3.3/sourcery-g++/bin/../lib/gcc/arm-none-eabi/4.4.1/thumb2\libgcc.a(_arm_addsubsf3.o)
                0x000051e4                __aeabi_frsub
                0x000051ec                __subsf3
                0x000051ec                __aeabi_fsub
                0x000051f0                __aeabi_fadd
                0x000051f0                __addsf3
                0x00005350                __aeabi_ui2f
                0x00005350                __floatunsisf
                0x00005358                __aeabi_i2f
                0x00005358                __floatsisf
                0x00005374                __aeabi_ul2f
                0x00005374                __floatundisf
                0x00005384                __aeabi_l2f
                0x00005384                __floatdisf
 .text          0x00005400      0x2a0 c:/program files (x86)/microsemi/softconsole v3.3/sourcery-g++/bin/../lib/gcc/arm-none-eabi/4.4.1/thumb2\libgcc.a(_arm_muldivsf3.o)
                0x00005400                __mulsf3
                0x00005400                __aeabi_fmul
                0x00005568                __aeabi_fdiv
                0x00005568                __divsf3
 .text          0x000056a0       0xec c:/program files (x86)/microsemi/softconsole v3.3/sourcery-g++/bin/../lib/gcc/arm-none-eabi/4.4.1/thumb2\libgcc.a(_arm_cmpsf2.o)
                0x000056a0                __gesf2
                0x000056a0                __gtsf2
                0x000056a8                __lesf2
                0x000056a8                __ltsf2
                0x000056b0                __nesf2
                0x000056b0                __eqsf2
                0x000056b0                __cmpsf2
                0x00005710                __aeabi_cfrcmple
                0x00005718                __aeabi_cfcmpeq
                0x00005718                __aeabi_cfcmple
                0x00005728                __aeabi_fcmpeq
                0x0000573c                __aeabi_fcmplt
                0x00005750                __aeabi_fcmple
                0x00005764                __aeabi_fcmpge
                0x00005778                __aeabi_fcmpgt
 .text          0x0000578c       0x2c c:/program files (x86)/microsemi/softconsole v3.3/sourcery-g++/bin/../lib/gcc/arm-none-eabi/4.4.1/../../../../arm-none-eabi/lib/thumb2\libc.a(lib_a-clock.o)
                0x0000578c                clock
 .text          0x000057b8        0xc c:/program files (x86)/microsemi/softconsole v3.3/sourcery-g++/bin/../lib/gcc/arm-none-eabi/4.4.1/../../../../arm-none-eabi/lib/thumb2\libc.a(lib_a-errno.o)
                0x000057b8                __errno
 .text          0x000057c4       0x50 c:/program files (x86)/microsemi/softconsole v3.3/sourcery-g++/bin/../lib/gcc/arm-none-eabi/4.4.1/../../../../arm-none-eabi/lib/thumb2\libc.a(lib_a-init.o)
                0x000057c4                __libc_init_array
 .text          0x00005814       0x20 c:/program files (x86)/microsemi/softconsole v3.3/sourcery-g++/bin/../lib/gcc/arm-none-eabi/4.4.1/../../../../arm-none-eabi/lib/thumb2\libc.a(lib_a-malloc.o)
                0x00005814                free
                0x00005824                malloc
 .text          0x00005834      0x5a4 c:/program files (x86)/microsemi/softconsole v3.3/sourcery-g++/bin/../lib/gcc/arm-none-eabi/4.4.1/../../../../arm-none-eabi/lib/thumb2\libc.a(lib_a-mallocr.o)
                0x00005834                _malloc_r
 .text          0x00005dd8       0xd4 c:/program files (x86)/microsemi/softconsole v3.3/sourcery-g++/bin/../lib/gcc/arm-none-eabi/4.4.1/../../../../arm-none-eabi/lib/thumb2\libc.a(lib_a-memset.o)
                0x00005dd8                memset
 .text          0x00005eac        0x8 c:/program files (x86)/microsemi/softconsole v3.3/sourcery-g++/bin/../lib/gcc/arm-none-eabi/4.4.1/../../../../arm-none-eabi/lib/thumb2\libc.a(lib_a-mlock.o)
                0x00005eac                __malloc_lock
                0x00005eb0                __malloc_unlock
 .text          0x00005eb4       0x64 c:/program files (x86)/microsemi/softconsole v3.3/sourcery-g++/bin/../lib/gcc/arm-none-eabi/4.4.1/../../../../arm-none-eabi/lib/thumb2\libc.a(lib_a-printf.o)
                0x00005eb4                printf
                0x00005eec                _printf_r
 .text          0x00005f18       0x28 c:/program files (x86)/microsemi/softconsole v3.3/sourcery-g++/bin/../lib/gcc/arm-none-eabi/4.4.1/../../../../arm-none-eabi/lib/thumb2\libc.a(lib_a-sbrkr.o)
                0x00005f18                _sbrk_r
 .text          0x00005f40        0x8 c:/program files (x86)/microsemi/softconsole v3.3/sourcery-g++/bin/../lib/gcc/arm-none-eabi/4.4.1/../../../../arm-none-eabi/lib/thumb2\libc.a(lib_a-timesr.o)
                0x00005f40                _times_r
 .text          0x00005f48     0x1940 c:/program files (x86)/microsemi/softconsole v3.3/sourcery-g++/bin/../lib/gcc/arm-none-eabi/4.4.1/../../../../arm-none-eabi/lib/thumb2\libc.a(lib_a-vfprintf.o)
                0x00005f64                _vfprintf_r
                0x0000786c                vfprintf
 .text          0x00007888      0x104 c:/program files (x86)/microsemi/softconsole v3.3/sourcery-g++/bin/../lib/gcc/arm-none-eabi/4.4.1/../../../../arm-none-eabi/lib/thumb2\libc.a(lib_a-wsetup.o)
                0x00007888                __swsetup_r
 *fill*         0x0000798c        0x4 00
 .text          0x00007990      0xfb8 c:/program files (x86)/microsemi/softconsole v3.3/sourcery-g++/bin/../lib/gcc/arm-none-eabi/4.4.1/../../../../arm-none-eabi/lib/thumb2\libc.a(lib_a-dtoa.o)
                0x00007ab0                _dtoa_r
 .text          0x00008948      0x178 c:/program files (x86)/microsemi/softconsole v3.3/sourcery-g++/bin/../lib/gcc/arm-none-eabi/4.4.1/../../../../arm-none-eabi/lib/thumb2\libc.a(lib_a-fflush.o)
                0x00008948                _fflush_r
                0x00008a98                fflush
 .text          0x00008ac0      0x1c8 c:/program files (x86)/microsemi/softconsole v3.3/sourcery-g++/bin/../lib/gcc/arm-none-eabi/4.4.1/../../../../arm-none-eabi/lib/thumb2\libc.a(lib_a-findfp.o)
                0x00008ac0                __sfp_lock_acquire
                0x00008ac4                __sfp_lock_release
                0x00008ac8                __sinit_lock_acquire
                0x00008acc                __sinit_lock_release
                0x00008ad8                __fp_unlock_all
                0x00008af0                __fp_lock_all
                0x00008b08                _cleanup_r
                0x00008b14                _cleanup
                0x00008b70                __sfmoreglue
                0x00008ba0                __sfp
                0x00008c28                __sinit
 .text          0x00008c88      0x268 c:/program files (x86)/microsemi/softconsole v3.3/sourcery-g++/bin/../lib/gcc/arm-none-eabi/4.4.1/../../../../arm-none-eabi/lib/thumb2\libc.a(lib_a-freer.o)
                0x00008c88                _malloc_trim_r
                0x00008d30                _free_r
 .text          0x00008ef0      0x334 c:/program files (x86)/microsemi/softconsole v3.3/sourcery-g++/bin/../lib/gcc/arm-none-eabi/4.4.1/../../../../arm-none-eabi/lib/thumb2\libc.a(lib_a-fvwrite.o)
                0x00008ef0                __sfvwrite_r
 .text          0x00009224       0xa0 c:/program files (x86)/microsemi/softconsole v3.3/sourcery-g++/bin/../lib/gcc/arm-none-eabi/4.4.1/../../../../arm-none-eabi/lib/thumb2\libc.a(lib_a-fwalk.o)
                0x00009224                _fwalk_reent
                0x00009278                _fwalk
 .text          0x000092c4       0x74 c:/program files (x86)/microsemi/softconsole v3.3/sourcery-g++/bin/../lib/gcc/arm-none-eabi/4.4.1/../../../../arm-none-eabi/lib/thumb2\libc.a(lib_a-locale.o)
                0x000092c4                __locale_charset
                0x000092d0                _localeconv_r
                0x000092d8                localeconv
                0x000092e0                _setlocale_r
                0x00009328                setlocale
 .text          0x00009338       0xdc c:/program files (x86)/microsemi/softconsole v3.3/sourcery-g++/bin/../lib/gcc/arm-none-eabi/4.4.1/../../../../arm-none-eabi/lib/thumb2\libc.a(lib_a-makebuf.o)
                0x00009338                __smakebuf_r
 .text          0x00009414       0x74 c:/program files (x86)/microsemi/softconsole v3.3/sourcery-g++/bin/../lib/gcc/arm-none-eabi/4.4.1/../../../../arm-none-eabi/lib/thumb2\libc.a(lib_a-memchr.o)
                0x00009414                memchr
 .text          0x00009488      0x190 c:/program files (x86)/microsemi/softconsole v3.3/sourcery-g++/bin/../lib/gcc/arm-none-eabi/4.4.1/../../../../arm-none-eabi/lib/thumb2\libc.a(lib_a-memcpy.o)
                0x00009488                memcpy
 .text          0x00009618       0xb8 c:/program files (x86)/microsemi/softconsole v3.3/sourcery-g++/bin/../lib/gcc/arm-none-eabi/4.4.1/../../../../arm-none-eabi/lib/thumb2\libc.a(lib_a-memmove.o)
                0x00009618                memmove
 .text          0x000096d0      0x958 c:/program files (x86)/microsemi/softconsole v3.3/sourcery-g++/bin/../lib/gcc/arm-none-eabi/4.4.1/../../../../arm-none-eabi/lib/thumb2\libc.a(lib_a-mprec.o)
                0x000096d0                __hi0bits
                0x00009710                __lo0bits
                0x00009774                __mcmp
                0x000097b4                __ulp
                0x00009800                __b2d
                0x000098a8                __ratio
                0x00009908                _mprec_log10
                0x00009940                __copybits
                0x00009990                __any_on
                0x000099e8                _Bfree
                0x00009a20                _Balloc
                0x00009a8c                __d2b
                0x00009b5c                __mdiff
                0x00009c54                __lshift
                0x00009d10                __multiply
                0x00009e44                __i2b
                0x00009e58                __multadd
                0x00009ee0                __pow5mult
                0x00009f8c                __s2b
 .text          0x0000a028      0x3b4 c:/program files (x86)/microsemi/softconsole v3.3/sourcery-g++/bin/../lib/gcc/arm-none-eabi/4.4.1/../../../../arm-none-eabi/lib/thumb2\libc.a(lib_a-reallocr.o)
                0x0000a028                _realloc_r
 .text          0x0000a3dc       0x24 c:/program files (x86)/microsemi/softconsole v3.3/sourcery-g++/bin/../lib/gcc/arm-none-eabi/4.4.1/../../../../arm-none-eabi/lib/thumb2\libc.a(lib_a-s_isinfd.o)
                0x0000a3dc                __isinfd
 .text          0x0000a400       0x1c c:/program files (x86)/microsemi/softconsole v3.3/sourcery-g++/bin/../lib/gcc/arm-none-eabi/4.4.1/../../../../arm-none-eabi/lib/thumb2\libc.a(lib_a-s_isnand.o)
                0x0000a400                __isnand
 .text          0x0000a41c       0x90 c:/program files (x86)/microsemi/softconsole v3.3/sourcery-g++/bin/../lib/gcc/arm-none-eabi/4.4.1/../../../../arm-none-eabi/lib/thumb2\libc.a(lib_a-stdio.o)
                0x0000a41c                __sclose
                0x0000a424                __sseek
                0x0000a44c                __swrite
                0x0000a488                __sread
 .text          0x0000a4ac      0x1dc c:/program files (x86)/microsemi/softconsole v3.3/sourcery-g++/bin/../lib/gcc/arm-none-eabi/4.4.1/../../../../arm-none-eabi/lib/thumb2\libc.a(lib_a-strcmp.o)
                0x0000a4ac                strcmp
 .text          0x0000a688       0x60 c:/program files (x86)/microsemi/softconsole v3.3/sourcery-g++/bin/../lib/gcc/arm-none-eabi/4.4.1/../../../../arm-none-eabi/lib/thumb2\libc.a(lib_a-strlen.o)
                0x0000a688                strlen
 .text          0x0000a6e8       0x5c c:/program files (x86)/microsemi/softconsole v3.3/sourcery-g++/bin/../lib/gcc/arm-none-eabi/4.4.1/../../../../arm-none-eabi/lib/thumb2\libc.a(lib_a-callocr.o)
                0x0000a6e8                _calloc_r
 .text          0x0000a744       0x28 c:/program files (x86)/microsemi/softconsole v3.3/sourcery-g++/bin/../lib/gcc/arm-none-eabi/4.4.1/../../../../arm-none-eabi/lib/thumb2\libc.a(lib_a-closer.o)
                0x0000a744                _close_r
 .text          0x0000a76c       0xcc c:/program files (x86)/microsemi/softconsole v3.3/sourcery-g++/bin/../lib/gcc/arm-none-eabi/4.4.1/../../../../arm-none-eabi/lib/thumb2\libc.a(lib_a-fclose.o)
                0x0000a76c                _fclose_r
                0x0000a828                fclose
 .text          0x0000a838       0x2c c:/program files (x86)/microsemi/softconsole v3.3/sourcery-g++/bin/../lib/gcc/arm-none-eabi/4.4.1/../../../../arm-none-eabi/lib/thumb2\libc.a(lib_a-fstatr.o)
                0x0000a838                _fstat_r
 .text          0x0000a864       0x28 c:/program files (x86)/microsemi/softconsole v3.3/sourcery-g++/bin/../lib/gcc/arm-none-eabi/4.4.1/../../../../arm-none-eabi/lib/thumb2\libc.a(lib_a-isattyr.o)
                0x0000a864                _isatty_r
 .text          0x0000a88c       0x2c c:/program files (x86)/microsemi/softconsole v3.3/sourcery-g++/bin/../lib/gcc/arm-none-eabi/4.4.1/../../../../arm-none-eabi/lib/thumb2\libc.a(lib_a-lseekr.o)
                0x0000a88c                _lseek_r
 .text          0x0000a8b8       0x2c c:/program files (x86)/microsemi/softconsole v3.3/sourcery-g++/bin/../lib/gcc/arm-none-eabi/4.4.1/../../../../arm-none-eabi/lib/thumb2\libc.a(lib_a-readr.o)
                0x0000a8b8                _read_r
 *fill*         0x0000a8e4        0x4 00
 .text          0x0000a8e8      0x278 c:/program files (x86)/microsemi/softconsole v3.3/sourcery-g++/bin/../lib/gcc/arm-none-eabi/4.4.1/thumb2\libgcc.a(_udivsi3.o)
                0x0000a8e8                __aeabi_uidiv
                0x0000a8e8                __udivsi3
                0x0000ab44                __aeabi_uidivmod
 .text          0x0000ab60        0x4 c:/program files (x86)/microsemi/softconsole v3.3/sourcery-g++/bin/../lib/gcc/arm-none-eabi/4.4.1/thumb2\libgcc.a(_dvmd_tls.o)
                0x0000ab60                __aeabi_idiv0
                0x0000ab60                __aeabi_ldiv0
 .text          0x0000ab64       0x50 c:/program files (x86)/microsemi/softconsole v3.3/sourcery-g++/bin/../lib/gcc/arm-none-eabi/4.4.1/thumb2\libgcc.a(_arm_fixdfsi.o)
                0x0000ab64                __aeabi_d2iz
                0x0000ab64                __fixdfsi
 .text          0x0000abb4       0x2c c:/program files (x86)/microsemi/softconsole v3.3/sourcery-g++/bin/../lib/gcc/arm-none-eabi/4.4.1/thumb2\libgcc.a(_aeabi_uldivmod.o)
                0x0000abb4                __aeabi_uldivmod
 .text          0x0000abe0       0x58 c:/program files (x86)/microsemi/softconsole v3.3/sourcery-g++/bin/../lib/gcc/arm-none-eabi/4.4.1/thumb2\libgcc.a(bpabi.o)
                0x0000abe0                __gnu_uldivmod_helper
                0x0000ac0c                __gnu_ldivmod_helper
 .text          0x0000ac38      0x364 c:/program files (x86)/microsemi/softconsole v3.3/sourcery-g++/bin/../lib/gcc/arm-none-eabi/4.4.1/thumb2\libgcc.a(_divdi3.o)
                0x0000ac38                __divdi3
 .text          0x0000af9c      0x300 c:/program files (x86)/microsemi/softconsole v3.3/sourcery-g++/bin/../lib/gcc/arm-none-eabi/4.4.1/thumb2\libgcc.a(_udivdi3.o)
                0x0000af9c                __udivdi3
 *fill*         0x0000b29c        0x4 00
 .text          0x0000b2a0      0x128 c:/program files (x86)/microsemi/softconsole v3.3/sourcery-g++/bin/../lib/gcc/arm-none-eabi/4.4.1/../../../../arm-none-eabi/lib/thumb2\libm.a(lib_a-s_floor.o)
                0x0000b2a0                floor
 *(.plt)
 *(.gnu.warning)
 *(.glue_7t)
 .glue_7t       0x00000000        0x0 linker stubs
 *(.glue_7)
 .glue_7        0x00000000        0x0 linker stubs
 *(.vfp11_veneer)
 .vfp11_veneer  0x00000000        0x0 linker stubs
                0x0000b3c8                . = ALIGN (0x4)
 *crtbegin.o(.ctors)
 *(EXCLUDE_FILE(*crtend.o) .ctors)
 *(SORT(.ctors.*))
 *crtend.o(.ctors)
 *crtbegin.o(.dtors)
 *(EXCLUDE_FILE(*crtend.o) .dtors)
 *(SORT(.dtors.*))
 *crtend.o(.dtors)
 *(.rodata .rodata.* .gnu.linkonce.r.*)
 .rodata.font   0x0000b3c8      0x500 ./Adafruit_GFX_local.o
 .rodata.str1.4
                0x0000b8c8       0x55 ./main.o
                                 0x58 (size before relaxing)
 *fill*         0x0000b91d        0x3 00
 .rodata.str1.4
                0x0000b920       0x1a N:/eecs373/PolyBots/N64/N64_controller_iter4/N64_controller_iter_4/SoftConsole/N64_controller_iter_4_MSS_MSS_CM3_0/N64_controller_iter_4_MSS_MSS_CM3_0_hw_platform/Debug/CMSIS/startup_gcc/newlib_stubs.o
                                 0x1c (size before relaxing)
 *fill*         0x0000b93a        0x2 00
 .rodata        0x0000b93c       0xc0 N:\eecs373\PolyBots\N64\N64_controller_iter4\N64_controller_iter_4\SoftConsole\N64_controller_iter_4_MSS_MSS_CM3_0\N64_controller_iter_4_MSS_MSS_CM3_0_hw_platform\Debug\libN64_controller_iter_4_MSS_MSS_CM3_0_hw_platform.a(mss_gpio.o)
 .rodata        0x0000b9fc       0x10 N:\eecs373\PolyBots\N64\N64_controller_iter4\N64_controller_iter_4\SoftConsole\N64_controller_iter_4_MSS_MSS_CM3_0\N64_controller_iter_4_MSS_MSS_CM3_0_hw_platform\Debug\libN64_controller_iter_4_MSS_MSS_CM3_0_hw_platform.a(system_a2fxxxm3.o)
 .rodata        0x0000ba0c        0x4 c:/program files (x86)/microsemi/softconsole v3.3/sourcery-g++/bin/../lib/gcc/arm-none-eabi/4.4.1/../../../../arm-none-eabi/lib/thumb2\libc.a(lib_a-impure.o)
                0x0000ba0c                _global_impure_ptr
 .rodata.str1.4
                0x0000ba10        0x2 c:/program files (x86)/microsemi/softconsole v3.3/sourcery-g++/bin/../lib/gcc/arm-none-eabi/4.4.1/../../../../arm-none-eabi/lib/thumb2\libc.a(lib_a-impure.o)
                                  0x4 (size before relaxing)
 *fill*         0x0000ba12        0x2 00
 .rodata        0x0000ba14       0x20 c:/program files (x86)/microsemi/softconsole v3.3/sourcery-g++/bin/../lib/gcc/arm-none-eabi/4.4.1/../../../../arm-none-eabi/lib/thumb2\libc.a(lib_a-vfprintf.o)
 .rodata.str1.4
                0x0000ba34       0x42 c:/program files (x86)/microsemi/softconsole v3.3/sourcery-g++/bin/../lib/gcc/arm-none-eabi/4.4.1/../../../../arm-none-eabi/lib/thumb2\libc.a(lib_a-vfprintf.o)
                                 0x44 (size before relaxing)
 *fill*         0x0000ba76        0x2 00
 .rodata.str1.4
                0x0000ba78       0x10 c:/program files (x86)/microsemi/softconsole v3.3/sourcery-g++/bin/../lib/gcc/arm-none-eabi/4.4.1/../../../../arm-none-eabi/lib/thumb2\libc.a(lib_a-dtoa.o)
                                 0x14 (size before relaxing)
 .rodata        0x0000ba88       0x60 c:/program files (x86)/microsemi/softconsole v3.3/sourcery-g++/bin/../lib/gcc/arm-none-eabi/4.4.1/../../../../arm-none-eabi/lib/thumb2\libc.a(lib_a-findfp.o)
                0x0000ba88                __sf_fake_stdin
                0x0000baa8                __sf_fake_stdout
                0x0000bac8                __sf_fake_stderr
 .rodata        0x0000bae8       0x34 c:/program files (x86)/microsemi/softconsole v3.3/sourcery-g++/bin/../lib/gcc/arm-none-eabi/4.4.1/../../../../arm-none-eabi/lib/thumb2\libc.a(lib_a-locale.o)
 .rodata.str1.4
                0x0000bb1c       0x10 c:/program files (x86)/microsemi/softconsole v3.3/sourcery-g++/bin/../lib/gcc/arm-none-eabi/4.4.1/../../../../arm-none-eabi/lib/thumb2\libc.a(lib_a-locale.o)
                                 0x18 (size before relaxing)
 *fill*         0x0000bb2c        0x4 00
 .rodata        0x0000bb30      0x128 c:/program files (x86)/microsemi/softconsole v3.3/sourcery-g++/bin/../lib/gcc/arm-none-eabi/4.4.1/../../../../arm-none-eabi/lib/thumb2\libc.a(lib_a-mprec.o)
                0x0000bb30                __mprec_tens
                0x0000bc08                __mprec_bigtens
                0x0000bc30                __mprec_tinytens
 *(.ARM.extab* .gnu.linkonce.armextab.*)
 *(.gcc_except_table)
 *(.eh_frame_hdr)
 *(.eh_frame)
 *(.init)
 .init          0x0000bc58        0x4 c:/program files (x86)/microsemi/softconsole v3.3/sourcery-g++/bin/../lib/gcc/arm-none-eabi/4.4.1/thumb2/crti.o
                0x0000bc58                _init
 .init          0x0000bc5c        0x8 c:/program files (x86)/microsemi/softconsole v3.3/sourcery-g++/bin/../lib/gcc/arm-none-eabi/4.4.1/thumb2/crtn.o
 *(.fini)
 .fini          0x0000bc64        0x4 c:/program files (x86)/microsemi/softconsole v3.3/sourcery-g++/bin/../lib/gcc/arm-none-eabi/4.4.1/thumb2/crti.o
                0x0000bc64                _fini
 .fini          0x0000bc68        0x8 c:/program files (x86)/microsemi/softconsole v3.3/sourcery-g++/bin/../lib/gcc/arm-none-eabi/4.4.1/thumb2/crtn.o
                0x0000bc70                PROVIDE (__preinit_array_start, .)
 *(.preinit_array)
                0x0000bc70                PROVIDE (__preinit_array_end, .)
                0x0000bc70                PROVIDE (__init_array_start, .)
 *(SORT(.init_array.*))
 *(.init_array)
 .init_array    0x0000bc70        0x4 c:/program files (x86)/microsemi/softconsole v3.3/sourcery-g++/bin/../lib/gcc/arm-none-eabi/4.4.1/thumb2/crtbegin.o
                0x0000bc74                PROVIDE (__init_array_end, .)
                0x0000bc74                PROVIDE (__fini_array_start, .)
 *(.fini_array)
 .fini_array    0x0000bc74        0x4 c:/program files (x86)/microsemi/softconsole v3.3/sourcery-g++/bin/../lib/gcc/arm-none-eabi/4.4.1/thumb2/crtbegin.o
 *(SORT(.fini_array.*))
                0x0000bc78                PROVIDE (__fini_array_end, .)
                0x0000bc78                __exidx_start = .

.v4_bx          0x0000bc78        0x0 load address 0x6000bc78
 .v4_bx         0x00000000        0x0 linker stubs

.ARM.exidx      0x20000000        0x8 load address 0x6000bc78
 *(.ARM.exidx* .gnu.linkonce.armexidx.*)
 .ARM.exidx     0x20000000        0x8 c:/program files (x86)/microsemi/softconsole v3.3/sourcery-g++/bin/../lib/gcc/arm-none-eabi/4.4.1/thumb2\libgcc.a(_divdi3.o)
 .ARM.exidx     0x20000008        0x0 c:/program files (x86)/microsemi/softconsole v3.3/sourcery-g++/bin/../lib/gcc/arm-none-eabi/4.4.1/thumb2\libgcc.a(_udivdi3.o)
                                  0x8 (size before relaxing)
                0x20000008                __exidx_end = .
                0x20000008                _etext = .

.data           0x20000008      0x520 load address 0x6000bc80
                0x6000bc80                __data_load = LOADADDR (.data)
                0x6000bc80                _sidata = LOADADDR (.data)
                0x20000008                __data_start = .
                0x20000008                _sdata = .
 *(.jcr)
 .jcr           0x20000008        0x0 c:/program files (x86)/microsemi/softconsole v3.3/sourcery-g++/bin/../lib/gcc/arm-none-eabi/4.4.1/thumb2/crtbegin.o
 .jcr           0x20000008        0x4 c:/program files (x86)/microsemi/softconsole v3.3/sourcery-g++/bin/../lib/gcc/arm-none-eabi/4.4.1/thumb2/crtend.o
 *(.got.plt)
 *(.got)
 *(.shdata)
 *(.data .data.* .gnu.linkonce.d.*)
 .data          0x2000000c       0x18 N:\eecs373\PolyBots\N64\N64_controller_iter4\N64_controller_iter_4\SoftConsole\N64_controller_iter_4_MSS_MSS_CM3_0\N64_controller_iter_4_MSS_MSS_CM3_0_hw_platform\Debug\libN64_controller_iter_4_MSS_MSS_CM3_0_hw_platform.a(system_a2fxxxm3.o)
                0x2000000c                SystemCoreClock
                0x20000010                g_FrequencyPCLK0
                0x20000014                g_FrequencyPCLK1
                0x20000018                g_FrequencyACE
                0x2000001c                g_FrequencyFPGA
                0x20000020                SystemFrequency
 .data          0x20000024       0xf4 c:/program files (x86)/microsemi/softconsole v3.3/sourcery-g++/bin/../lib/gcc/arm-none-eabi/4.4.1/../../../../arm-none-eabi/lib/thumb2\libc.a(lib_a-impure.o)
                0x20000024                _impure_ptr
 .data          0x20000118      0x410 c:/program files (x86)/microsemi/softconsole v3.3/sourcery-g++/bin/../lib/gcc/arm-none-eabi/4.4.1/../../../../arm-none-eabi/lib/thumb2\libc.a(lib_a-mallocr.o)
                0x20000118                __malloc_av_
                0x20000520                __malloc_sbrk_base
                0x20000524                __malloc_trim_threshold
                0x20000528                . = ALIGN (0x4)
                0x20000528                _edata = .

.bss            0x20000528      0x298 load address 0x6000c1a0
                0x20000528                __bss_start__ = .
                0x20000528                _sbss = .
 *(.shbss)
 *(.bss .bss.* .gnu.linkonce.b.*)
 .bss           0x20000528        0x1 c:/program files (x86)/microsemi/softconsole v3.3/sourcery-g++/bin/../lib/gcc/arm-none-eabi/4.4.1/thumb2/crtbegin.o
 *fill*         0x20000529        0x3 00
 .bss.N64ControlOn
                0x2000052c        0x4 ./main.o
                0x2000052c                N64ControlOn
 .bss.MovementOn
                0x20000530        0x4 ./main.o
                0x20000530                MovementOn
 .bss           0x20000534        0xc N:/eecs373/PolyBots/N64/N64_controller_iter4/N64_controller_iter_4/SoftConsole/N64_controller_iter_4_MSS_MSS_CM3_0/N64_controller_iter_4_MSS_MSS_CM3_0_hw_platform/Debug/CMSIS/startup_gcc/newlib_stubs.o
                0x2000053c                __env
 .bss           0x20000540       0x34 c:/program files (x86)/microsemi/softconsole v3.3/sourcery-g++/bin/../lib/gcc/arm-none-eabi/4.4.1/../../../../arm-none-eabi/lib/thumb2\libc.a(lib_a-mallocr.o)
                0x20000540                __malloc_top_pad
                0x20000544                __malloc_current_mallinfo
                0x2000056c                __malloc_max_sbrked_mem
                0x20000570                __malloc_max_total_mem
 *(COMMON)
 COMMON         0x20000574        0x8 ./main.o
                0x20000574                print
                0x20000578                ts
 COMMON         0x2000057c       0x50 N:\eecs373\PolyBots\N64\N64_controller_iter4\N64_controller_iter_4\SoftConsole\N64_controller_iter_4_MSS_MSS_CM3_0\N64_controller_iter_4_MSS_MSS_CM3_0_hw_platform\Debug\libN64_controller_iter_4_MSS_MSS_CM3_0_hw_platform.a(mss_uart.o)
                0x2000057c                g_mss_uart1
                0x200005a4                g_mss_uart0
 COMMON         0x200005cc      0x108 N:\eecs373\PolyBots\N64\N64_controller_iter4\N64_controller_iter_4\SoftConsole\N64_controller_iter_4_MSS_MSS_CM3_0\N64_controller_iter_4_MSS_MSS_CM3_0_hw_platform\Debug\libN64_controller_iter_4_MSS_MSS_CM3_0_hw_platform.a(mss_spi.o)
                0x200005cc                g_mss_spi1
                0x20000650                g_mss_spi0
 COMMON         0x200006d4       0xe8 N:\eecs373\PolyBots\N64\N64_controller_iter4\N64_controller_iter_4\SoftConsole\N64_controller_iter_4_MSS_MSS_CM3_0\N64_controller_iter_4_MSS_MSS_CM3_0_hw_platform\Debug\libN64_controller_iter_4_MSS_MSS_CM3_0_hw_platform.a(mss_i2c.o)
                0x200006d4                g_mss_i2c0
                0x20000748                g_mss_i2c1
 COMMON         0x200007bc        0x4 c:/program files (x86)/microsemi/softconsole v3.3/sourcery-g++/bin/../lib/gcc/arm-none-eabi/4.4.1/../../../../arm-none-eabi/lib/thumb2\libc.a(lib_a-reent.o)
                0x200007bc                errno
                0x200007c0                . = ALIGN (0x8)
                0x200007c0                __bss_end__ = .
                0x200007c0                _end = .
                0x200007c0                __end = _end
                0x200007c0                _ebss = .
                0x200007c0                PROVIDE (end, .)

.stab
 *(.stab)

.stabstr
 *(.stabstr)

.debug
 *(.debug)

.line
 *(.line)

.debug_srcinfo
 *(.debug_srcinfo)

.debug_sfnames
 *(.debug_sfnames)

.comment        0x00000000      0x204
 .comment       0x00000000       0x2b ./Adafruit_FT6206.o
 .comment       0x0000002b       0x2b ./Adafruit_GFX_local.o
 .comment       0x00000056       0x2b ./Adafruit_ILI9341_local.o
 .comment       0x00000081       0x2b ./glcdfont.o
 .comment       0x000000ac       0x2b ./main.o
 .comment       0x000000d7       0x2b N:/eecs373/PolyBots/N64/N64_controller_iter4/N64_controller_iter_4/SoftConsole/N64_controller_iter_4_MSS_MSS_CM3_0/N64_controller_iter_4_MSS_MSS_CM3_0_hw_platform/Debug/CMSIS/startup_gcc/newlib_stubs.o
 .comment       0x00000102       0x2b N:\eecs373\PolyBots\N64\N64_controller_iter4\N64_controller_iter_4\SoftConsole\N64_controller_iter_4_MSS_MSS_CM3_0\N64_controller_iter_4_MSS_MSS_CM3_0_hw_platform\Debug\libN64_controller_iter_4_MSS_MSS_CM3_0_hw_platform.a(mss_uart.o)
 .comment       0x0000012d       0x2b N:\eecs373\PolyBots\N64\N64_controller_iter4\N64_controller_iter_4\SoftConsole\N64_controller_iter_4_MSS_MSS_CM3_0\N64_controller_iter_4_MSS_MSS_CM3_0_hw_platform\Debug\libN64_controller_iter_4_MSS_MSS_CM3_0_hw_platform.a(mss_spi.o)
 .comment       0x00000158       0x2b N:\eecs373\PolyBots\N64\N64_controller_iter4\N64_controller_iter_4\SoftConsole\N64_controller_iter_4_MSS_MSS_CM3_0\N64_controller_iter_4_MSS_MSS_CM3_0_hw_platform\Debug\libN64_controller_iter_4_MSS_MSS_CM3_0_hw_platform.a(mss_i2c.o)
 .comment       0x00000183       0x2b N:\eecs373\PolyBots\N64\N64_controller_iter4\N64_controller_iter_4\SoftConsole\N64_controller_iter_4_MSS_MSS_CM3_0\N64_controller_iter_4_MSS_MSS_CM3_0_hw_platform\Debug\libN64_controller_iter_4_MSS_MSS_CM3_0_hw_platform.a(mss_gpio.o)
 .comment       0x000001ae       0x2b N:\eecs373\PolyBots\N64\N64_controller_iter4\N64_controller_iter_4\SoftConsole\N64_controller_iter_4_MSS_MSS_CM3_0\N64_controller_iter_4_MSS_MSS_CM3_0_hw_platform\Debug\libN64_controller_iter_4_MSS_MSS_CM3_0_hw_platform.a(core_cm3.o)
 .comment       0x000001d9       0x2b N:\eecs373\PolyBots\N64\N64_controller_iter4\N64_controller_iter_4\SoftConsole\N64_controller_iter_4_MSS_MSS_CM3_0\N64_controller_iter_4_MSS_MSS_CM3_0_hw_platform\Debug\libN64_controller_iter_4_MSS_MSS_CM3_0_hw_platform.a(system_a2fxxxm3.o)

.debug_aranges  0x00000000      0x360
 *(.debug_aranges)
 .debug_aranges
                0x00000000       0x48 ./Adafruit_FT6206.o
 .debug_aranges
                0x00000048       0x80 ./Adafruit_GFX_local.o
 .debug_aranges
                0x000000c8       0xf8 ./Adafruit_ILI9341_local.o
 .debug_aranges
                0x000001c0       0xc0 ./main.o
 .debug_aranges
                0x00000280       0x20 N:/eecs373/PolyBots/N64/N64_controller_iter4/N64_controller_iter_4/SoftConsole/N64_controller_iter_4_MSS_MSS_CM3_0/N64_controller_iter_4_MSS_MSS_CM3_0_hw_platform/Debug/CMSIS/startup_gcc/newlib_stubs.o
 .debug_aranges
                0x000002a0       0x20 N:\eecs373\PolyBots\N64\N64_controller_iter4\N64_controller_iter_4\SoftConsole\N64_controller_iter_4_MSS_MSS_CM3_0\N64_controller_iter_4_MSS_MSS_CM3_0_hw_platform\Debug\libN64_controller_iter_4_MSS_MSS_CM3_0_hw_platform.a(mss_uart.o)
 .debug_aranges
                0x000002c0       0x20 N:\eecs373\PolyBots\N64\N64_controller_iter4\N64_controller_iter_4\SoftConsole\N64_controller_iter_4_MSS_MSS_CM3_0\N64_controller_iter_4_MSS_MSS_CM3_0_hw_platform\Debug\libN64_controller_iter_4_MSS_MSS_CM3_0_hw_platform.a(mss_spi.o)
 .debug_aranges
                0x000002e0       0x20 N:\eecs373\PolyBots\N64\N64_controller_iter4\N64_controller_iter_4\SoftConsole\N64_controller_iter_4_MSS_MSS_CM3_0\N64_controller_iter_4_MSS_MSS_CM3_0_hw_platform\Debug\libN64_controller_iter_4_MSS_MSS_CM3_0_hw_platform.a(mss_i2c.o)
 .debug_aranges
                0x00000300       0x20 N:\eecs373\PolyBots\N64\N64_controller_iter4\N64_controller_iter_4\SoftConsole\N64_controller_iter_4_MSS_MSS_CM3_0\N64_controller_iter_4_MSS_MSS_CM3_0_hw_platform\Debug\libN64_controller_iter_4_MSS_MSS_CM3_0_hw_platform.a(mss_gpio.o)
 .debug_aranges
                0x00000320       0x20 N:\eecs373\PolyBots\N64\N64_controller_iter4\N64_controller_iter_4\SoftConsole\N64_controller_iter_4_MSS_MSS_CM3_0\N64_controller_iter_4_MSS_MSS_CM3_0_hw_platform\Debug\libN64_controller_iter_4_MSS_MSS_CM3_0_hw_platform.a(core_cm3.o)
 .debug_aranges
                0x00000340       0x20 N:\eecs373\PolyBots\N64\N64_controller_iter4\N64_controller_iter_4\SoftConsole\N64_controller_iter_4_MSS_MSS_CM3_0\N64_controller_iter_4_MSS_MSS_CM3_0_hw_platform\Debug\libN64_controller_iter_4_MSS_MSS_CM3_0_hw_platform.a(system_a2fxxxm3.o)

.debug_pubnames
                0x00000000      0xffa
 *(.debug_pubnames)
 .debug_pubnames
                0x00000000       0x6a ./Adafruit_FT6206.o
 .debug_pubnames
                0x0000006a       0xd7 ./Adafruit_GFX_local.o
 .debug_pubnames
                0x00000141      0x1d6 ./Adafruit_ILI9341_local.o
 .debug_pubnames
                0x00000317      0x219 ./main.o
 .debug_pubnames
                0x00000530       0xeb N:/eecs373/PolyBots/N64/N64_controller_iter4/N64_controller_iter_4/SoftConsole/N64_controller_iter_4_MSS_MSS_CM3_0/N64_controller_iter_4_MSS_MSS_CM3_0_hw_platform/Debug/CMSIS/startup_gcc/newlib_stubs.o
 .debug_pubnames
                0x0000061b      0x21c N:\eecs373\PolyBots\N64\N64_controller_iter4\N64_controller_iter_4\SoftConsole\N64_controller_iter_4_MSS_MSS_CM3_0\N64_controller_iter_4_MSS_MSS_CM3_0_hw_platform\Debug\libN64_controller_iter_4_MSS_MSS_CM3_0_hw_platform.a(mss_uart.o)
 .debug_pubnames
                0x00000837      0x21a N:\eecs373\PolyBots\N64\N64_controller_iter4\N64_controller_iter_4\SoftConsole\N64_controller_iter_4_MSS_MSS_CM3_0\N64_controller_iter_4_MSS_MSS_CM3_0_hw_platform\Debug\libN64_controller_iter_4_MSS_MSS_CM3_0_hw_platform.a(mss_spi.o)
 .debug_pubnames
                0x00000a51      0x2eb N:\eecs373\PolyBots\N64\N64_controller_iter4\N64_controller_iter_4\SoftConsole\N64_controller_iter_4_MSS_MSS_CM3_0\N64_controller_iter_4_MSS_MSS_CM3_0_hw_platform\Debug\libN64_controller_iter_4_MSS_MSS_CM3_0_hw_platform.a(mss_i2c.o)
 .debug_pubnames
                0x00000d3c       0xb1 N:\eecs373\PolyBots\N64\N64_controller_iter4\N64_controller_iter_4\SoftConsole\N64_controller_iter_4_MSS_MSS_CM3_0\N64_controller_iter_4_MSS_MSS_CM3_0_hw_platform\Debug\libN64_controller_iter_4_MSS_MSS_CM3_0_hw_platform.a(mss_gpio.o)
 .debug_pubnames
                0x00000ded      0x159 N:\eecs373\PolyBots\N64\N64_controller_iter4\N64_controller_iter_4\SoftConsole\N64_controller_iter_4_MSS_MSS_CM3_0\N64_controller_iter_4_MSS_MSS_CM3_0_hw_platform\Debug\libN64_controller_iter_4_MSS_MSS_CM3_0_hw_platform.a(core_cm3.o)
 .debug_pubnames
                0x00000f46       0xb4 N:\eecs373\PolyBots\N64\N64_controller_iter4\N64_controller_iter_4\SoftConsole\N64_controller_iter_4_MSS_MSS_CM3_0\N64_controller_iter_4_MSS_MSS_CM3_0_hw_platform\Debug\libN64_controller_iter_4_MSS_MSS_CM3_0_hw_platform.a(system_a2fxxxm3.o)

.debug_info     0x00000000     0xbaf6
 *(.debug_info .gnu.linkonce.wi.*)
 .debug_info    0x00000000      0xd17 ./Adafruit_FT6206.o
 .debug_info    0x00000d17      0x8c4 ./Adafruit_GFX_local.o
 .debug_info    0x000015db     0x1287 ./Adafruit_ILI9341_local.o
 .debug_info    0x00002862      0x557 ./glcdfont.o
 .debug_info    0x00002db9     0x193a ./main.o
 .debug_info    0x000046f3     0x10e7 N:/eecs373/PolyBots/N64/N64_controller_iter4/N64_controller_iter_4/SoftConsole/N64_controller_iter_4_MSS_MSS_CM3_0/N64_controller_iter_4_MSS_MSS_CM3_0_hw_platform/Debug/CMSIS/startup_gcc/newlib_stubs.o
 .debug_info    0x000057da     0x173c N:\eecs373\PolyBots\N64\N64_controller_iter4\N64_controller_iter_4\SoftConsole\N64_controller_iter_4_MSS_MSS_CM3_0\N64_controller_iter_4_MSS_MSS_CM3_0_hw_platform\Debug\libN64_controller_iter_4_MSS_MSS_CM3_0_hw_platform.a(mss_uart.o)
 .debug_info    0x00006f16     0x16fa N:\eecs373\PolyBots\N64\N64_controller_iter4\N64_controller_iter_4\SoftConsole\N64_controller_iter_4_MSS_MSS_CM3_0\N64_controller_iter_4_MSS_MSS_CM3_0_hw_platform\Debug\libN64_controller_iter_4_MSS_MSS_CM3_0_hw_platform.a(mss_spi.o)
 .debug_info    0x00008610     0x1918 N:\eecs373\PolyBots\N64\N64_controller_iter4\N64_controller_iter_4\SoftConsole\N64_controller_iter_4_MSS_MSS_CM3_0\N64_controller_iter_4_MSS_MSS_CM3_0_hw_platform\Debug\libN64_controller_iter_4_MSS_MSS_CM3_0_hw_platform.a(mss_i2c.o)
 .debug_info    0x00009f28     0x112c N:\eecs373\PolyBots\N64\N64_controller_iter4\N64_controller_iter_4\SoftConsole\N64_controller_iter_4_MSS_MSS_CM3_0\N64_controller_iter_4_MSS_MSS_CM3_0_hw_platform\Debug\libN64_controller_iter_4_MSS_MSS_CM3_0_hw_platform.a(mss_gpio.o)
 .debug_info    0x0000b054      0x531 N:\eecs373\PolyBots\N64\N64_controller_iter4\N64_controller_iter_4\SoftConsole\N64_controller_iter_4_MSS_MSS_CM3_0\N64_controller_iter_4_MSS_MSS_CM3_0_hw_platform\Debug\libN64_controller_iter_4_MSS_MSS_CM3_0_hw_platform.a(core_cm3.o)
 .debug_info    0x0000b585      0x571 N:\eecs373\PolyBots\N64\N64_controller_iter4\N64_controller_iter_4\SoftConsole\N64_controller_iter_4_MSS_MSS_CM3_0\N64_controller_iter_4_MSS_MSS_CM3_0_hw_platform\Debug\libN64_controller_iter_4_MSS_MSS_CM3_0_hw_platform.a(system_a2fxxxm3.o)

.debug_abbrev   0x00000000     0x1882
 *(.debug_abbrev)
 .debug_abbrev  0x00000000      0x1c5 ./Adafruit_FT6206.o
 .debug_abbrev  0x000001c5      0x1c5 ./Adafruit_GFX_local.o
 .debug_abbrev  0x0000038a      0x28e ./Adafruit_ILI9341_local.o
 .debug_abbrev  0x00000618       0x52 ./glcdfont.o
 .debug_abbrev  0x0000066a      0x308 ./main.o
 .debug_abbrev  0x00000972      0x24f N:/eecs373/PolyBots/N64/N64_controller_iter4/N64_controller_iter_4/SoftConsole/N64_controller_iter_4_MSS_MSS_CM3_0/N64_controller_iter_4_MSS_MSS_CM3_0_hw_platform/Debug/CMSIS/startup_gcc/newlib_stubs.o
 .debug_abbrev  0x00000bc1      0x304 N:\eecs373\PolyBots\N64\N64_controller_iter4\N64_controller_iter_4\SoftConsole\N64_controller_iter_4_MSS_MSS_CM3_0\N64_controller_iter_4_MSS_MSS_CM3_0_hw_platform\Debug\libN64_controller_iter_4_MSS_MSS_CM3_0_hw_platform.a(mss_uart.o)
 .debug_abbrev  0x00000ec5      0x2e1 N:\eecs373\PolyBots\N64\N64_controller_iter4\N64_controller_iter_4\SoftConsole\N64_controller_iter_4_MSS_MSS_CM3_0\N64_controller_iter_4_MSS_MSS_CM3_0_hw_platform\Debug\libN64_controller_iter_4_MSS_MSS_CM3_0_hw_platform.a(mss_spi.o)
 .debug_abbrev  0x000011a6      0x2d8 N:\eecs373\PolyBots\N64\N64_controller_iter4\N64_controller_iter_4\SoftConsole\N64_controller_iter_4_MSS_MSS_CM3_0\N64_controller_iter_4_MSS_MSS_CM3_0_hw_platform\Debug\libN64_controller_iter_4_MSS_MSS_CM3_0_hw_platform.a(mss_i2c.o)
 .debug_abbrev  0x0000147e      0x1ef N:\eecs373\PolyBots\N64\N64_controller_iter4\N64_controller_iter_4\SoftConsole\N64_controller_iter_4_MSS_MSS_CM3_0\N64_controller_iter_4_MSS_MSS_CM3_0_hw_platform\Debug\libN64_controller_iter_4_MSS_MSS_CM3_0_hw_platform.a(mss_gpio.o)
 .debug_abbrev  0x0000166d       0xc3 N:\eecs373\PolyBots\N64\N64_controller_iter4\N64_controller_iter_4\SoftConsole\N64_controller_iter_4_MSS_MSS_CM3_0\N64_controller_iter_4_MSS_MSS_CM3_0_hw_platform\Debug\libN64_controller_iter_4_MSS_MSS_CM3_0_hw_platform.a(core_cm3.o)
 .debug_abbrev  0x00001730      0x152 N:\eecs373\PolyBots\N64\N64_controller_iter4\N64_controller_iter_4\SoftConsole\N64_controller_iter_4_MSS_MSS_CM3_0\N64_controller_iter_4_MSS_MSS_CM3_0_hw_platform\Debug\libN64_controller_iter_4_MSS_MSS_CM3_0_hw_platform.a(system_a2fxxxm3.o)

.debug_line     0x00000000     0x3ba5
 *(.debug_line)
 .debug_line    0x00000000      0x31e ./Adafruit_FT6206.o
 .debug_line    0x0000031e      0x6cc ./Adafruit_GFX_local.o
 .debug_line    0x000009ea      0x7ae ./Adafruit_ILI9341_local.o
 .debug_line    0x00001198       0x2e ./glcdfont.o
 .debug_line    0x000011c6      0xb5c ./main.o
 .debug_line    0x00001d22      0x464 N:/eecs373/PolyBots/N64/N64_controller_iter4/N64_controller_iter_4/SoftConsole/N64_controller_iter_4_MSS_MSS_CM3_0/N64_controller_iter_4_MSS_MSS_CM3_0_hw_platform/Debug/CMSIS/startup_gcc/newlib_stubs.o
 .debug_line    0x00002186      0x519 N:\eecs373\PolyBots\N64\N64_controller_iter4\N64_controller_iter_4\SoftConsole\N64_controller_iter_4_MSS_MSS_CM3_0\N64_controller_iter_4_MSS_MSS_CM3_0_hw_platform\Debug\libN64_controller_iter_4_MSS_MSS_CM3_0_hw_platform.a(mss_uart.o)
 .debug_line    0x0000269f      0x782 N:\eecs373\PolyBots\N64\N64_controller_iter4\N64_controller_iter_4\SoftConsole\N64_controller_iter_4_MSS_MSS_CM3_0\N64_controller_iter_4_MSS_MSS_CM3_0_hw_platform\Debug\libN64_controller_iter_4_MSS_MSS_CM3_0_hw_platform.a(mss_spi.o)
 .debug_line    0x00002e21      0x6b6 N:\eecs373\PolyBots\N64\N64_controller_iter4\N64_controller_iter_4\SoftConsole\N64_controller_iter_4_MSS_MSS_CM3_0\N64_controller_iter_4_MSS_MSS_CM3_0_hw_platform\Debug\libN64_controller_iter_4_MSS_MSS_CM3_0_hw_platform.a(mss_i2c.o)
 .debug_line    0x000034d7      0x2fe N:\eecs373\PolyBots\N64\N64_controller_iter4\N64_controller_iter_4\SoftConsole\N64_controller_iter_4_MSS_MSS_CM3_0\N64_controller_iter_4_MSS_MSS_CM3_0_hw_platform\Debug\libN64_controller_iter_4_MSS_MSS_CM3_0_hw_platform.a(mss_gpio.o)
 .debug_line    0x000037d5      0x13f N:\eecs373\PolyBots\N64\N64_controller_iter4\N64_controller_iter_4\SoftConsole\N64_controller_iter_4_MSS_MSS_CM3_0\N64_controller_iter_4_MSS_MSS_CM3_0_hw_platform\Debug\libN64_controller_iter_4_MSS_MSS_CM3_0_hw_platform.a(core_cm3.o)
 .debug_line    0x00003914      0x291 N:\eecs373\PolyBots\N64\N64_controller_iter4\N64_controller_iter_4\SoftConsole\N64_controller_iter_4_MSS_MSS_CM3_0\N64_controller_iter_4_MSS_MSS_CM3_0_hw_platform\Debug\libN64_controller_iter_4_MSS_MSS_CM3_0_hw_platform.a(system_a2fxxxm3.o)

.debug_frame    0x00000000     0x1f44
 *(.debug_frame)
 .debug_frame   0x00000000       0xc4 ./Adafruit_FT6206.o
 .debug_frame   0x000000c4      0x1ec ./Adafruit_GFX_local.o
 .debug_frame   0x000002b0      0x2e0 ./Adafruit_ILI9341_local.o
 .debug_frame   0x00000590      0x268 ./main.o
 .debug_frame   0x000007f8      0x174 N:/eecs373/PolyBots/N64/N64_controller_iter4/N64_controller_iter_4/SoftConsole/N64_controller_iter_4_MSS_MSS_CM3_0/N64_controller_iter_4_MSS_MSS_CM3_0_hw_platform/Debug/CMSIS/startup_gcc/newlib_stubs.o
 .debug_frame   0x0000096c      0x1f0 N:\eecs373\PolyBots\N64\N64_controller_iter4\N64_controller_iter_4\SoftConsole\N64_controller_iter_4_MSS_MSS_CM3_0\N64_controller_iter_4_MSS_MSS_CM3_0_hw_platform\Debug\libN64_controller_iter_4_MSS_MSS_CM3_0_hw_platform.a(mss_uart.o)
 .debug_frame   0x00000b5c      0x270 N:\eecs373\PolyBots\N64\N64_controller_iter4\N64_controller_iter_4\SoftConsole\N64_controller_iter_4_MSS_MSS_CM3_0\N64_controller_iter_4_MSS_MSS_CM3_0_hw_platform\Debug\libN64_controller_iter_4_MSS_MSS_CM3_0_hw_platform.a(mss_spi.o)
 .debug_frame   0x00000dcc      0x2bc N:\eecs373\PolyBots\N64\N64_controller_iter4\N64_controller_iter_4\SoftConsole\N64_controller_iter_4_MSS_MSS_CM3_0\N64_controller_iter_4_MSS_MSS_CM3_0_hw_platform\Debug\libN64_controller_iter_4_MSS_MSS_CM3_0_hw_platform.a(mss_i2c.o)
 .debug_frame   0x00001088       0x88 N:\eecs373\PolyBots\N64\N64_controller_iter4\N64_controller_iter_4\SoftConsole\N64_controller_iter_4_MSS_MSS_CM3_0\N64_controller_iter_4_MSS_MSS_CM3_0_hw_platform\Debug\libN64_controller_iter_4_MSS_MSS_CM3_0_hw_platform.a(mss_gpio.o)
 .debug_frame   0x00001110      0x170 N:\eecs373\PolyBots\N64\N64_controller_iter4\N64_controller_iter_4\SoftConsole\N64_controller_iter_4_MSS_MSS_CM3_0\N64_controller_iter_4_MSS_MSS_CM3_0_hw_platform\Debug\libN64_controller_iter_4_MSS_MSS_CM3_0_hw_platform.a(core_cm3.o)
 .debug_frame   0x00001280       0x3c N:\eecs373\PolyBots\N64\N64_controller_iter4\N64_controller_iter_4\SoftConsole\N64_controller_iter_4_MSS_MSS_CM3_0\N64_controller_iter_4_MSS_MSS_CM3_0_hw_platform\Debug\libN64_controller_iter_4_MSS_MSS_CM3_0_hw_platform.a(system_a2fxxxm3.o)
 .debug_frame   0x000012bc       0x2c c:/program files (x86)/microsemi/softconsole v3.3/sourcery-g++/bin/../lib/gcc/arm-none-eabi/4.4.1/../../../../arm-none-eabi/lib/thumb2\libc.a(lib_a-clock.o)
 .debug_frame   0x000012e8       0x20 c:/program files (x86)/microsemi/softconsole v3.3/sourcery-g++/bin/../lib/gcc/arm-none-eabi/4.4.1/../../../../arm-none-eabi/lib/thumb2\libc.a(lib_a-errno.o)
 .debug_frame   0x00001308       0x2c c:/program files (x86)/microsemi/softconsole v3.3/sourcery-g++/bin/../lib/gcc/arm-none-eabi/4.4.1/../../../../arm-none-eabi/lib/thumb2\libc.a(lib_a-init.o)
 .debug_frame   0x00001334       0x30 c:/program files (x86)/microsemi/softconsole v3.3/sourcery-g++/bin/../lib/gcc/arm-none-eabi/4.4.1/../../../../arm-none-eabi/lib/thumb2\libc.a(lib_a-malloc.o)
 .debug_frame   0x00001364       0x3c c:/program files (x86)/microsemi/softconsole v3.3/sourcery-g++/bin/../lib/gcc/arm-none-eabi/4.4.1/../../../../arm-none-eabi/lib/thumb2\libc.a(lib_a-mallocr.o)
 .debug_frame   0x000013a0       0x28 c:/program files (x86)/microsemi/softconsole v3.3/sourcery-g++/bin/../lib/gcc/arm-none-eabi/4.4.1/../../../../arm-none-eabi/lib/thumb2\libc.a(lib_a-memset.o)
 .debug_frame   0x000013c8       0x30 c:/program files (x86)/microsemi/softconsole v3.3/sourcery-g++/bin/../lib/gcc/arm-none-eabi/4.4.1/../../../../arm-none-eabi/lib/thumb2\libc.a(lib_a-mlock.o)
 .debug_frame   0x000013f8       0x5c c:/program files (x86)/microsemi/softconsole v3.3/sourcery-g++/bin/../lib/gcc/arm-none-eabi/4.4.1/../../../../arm-none-eabi/lib/thumb2\libc.a(lib_a-printf.o)
 .debug_frame   0x00001454       0x2c c:/program files (x86)/microsemi/softconsole v3.3/sourcery-g++/bin/../lib/gcc/arm-none-eabi/4.4.1/../../../../arm-none-eabi/lib/thumb2\libc.a(lib_a-sbrkr.o)
 .debug_frame   0x00001480       0x20 c:/program files (x86)/microsemi/softconsole v3.3/sourcery-g++/bin/../lib/gcc/arm-none-eabi/4.4.1/../../../../arm-none-eabi/lib/thumb2\libc.a(lib_a-timesr.o)
 .debug_frame   0x000014a0       0x70 c:/program files (x86)/microsemi/softconsole v3.3/sourcery-g++/bin/../lib/gcc/arm-none-eabi/4.4.1/../../../../arm-none-eabi/lib/thumb2\libc.a(lib_a-vfprintf.o)
 .debug_frame   0x00001510       0x2c c:/program files (x86)/microsemi/softconsole v3.3/sourcery-g++/bin/../lib/gcc/arm-none-eabi/4.4.1/../../../../arm-none-eabi/lib/thumb2\libc.a(lib_a-wsetup.o)
 .debug_frame   0x0000153c       0x64 c:/program files (x86)/microsemi/softconsole v3.3/sourcery-g++/bin/../lib/gcc/arm-none-eabi/4.4.1/../../../../arm-none-eabi/lib/thumb2\libc.a(lib_a-dtoa.o)
 .debug_frame   0x000015a0       0x40 c:/program files (x86)/microsemi/softconsole v3.3/sourcery-g++/bin/../lib/gcc/arm-none-eabi/4.4.1/../../../../arm-none-eabi/lib/thumb2\libc.a(lib_a-fflush.o)
 .debug_frame   0x000015e0      0x11c c:/program files (x86)/microsemi/softconsole v3.3/sourcery-g++/bin/../lib/gcc/arm-none-eabi/4.4.1/../../../../arm-none-eabi/lib/thumb2\libc.a(lib_a-findfp.o)
 .debug_frame   0x000016fc       0x50 c:/program files (x86)/microsemi/softconsole v3.3/sourcery-g++/bin/../lib/gcc/arm-none-eabi/4.4.1/../../../../arm-none-eabi/lib/thumb2\libc.a(lib_a-freer.o)
 .debug_frame   0x0000174c       0x3c c:/program files (x86)/microsemi/softconsole v3.3/sourcery-g++/bin/../lib/gcc/arm-none-eabi/4.4.1/../../../../arm-none-eabi/lib/thumb2\libc.a(lib_a-fvwrite.o)
 .debug_frame   0x00001788       0x54 c:/program files (x86)/microsemi/softconsole v3.3/sourcery-g++/bin/../lib/gcc/arm-none-eabi/4.4.1/../../../../arm-none-eabi/lib/thumb2\libc.a(lib_a-fwalk.o)
 .debug_frame   0x000017dc       0x6c c:/program files (x86)/microsemi/softconsole v3.3/sourcery-g++/bin/../lib/gcc/arm-none-eabi/4.4.1/../../../../arm-none-eabi/lib/thumb2\libc.a(lib_a-locale.o)
 .debug_frame   0x00001848       0x34 c:/program files (x86)/microsemi/softconsole v3.3/sourcery-g++/bin/../lib/gcc/arm-none-eabi/4.4.1/../../../../arm-none-eabi/lib/thumb2\libc.a(lib_a-makebuf.o)
 .debug_frame   0x0000187c       0x28 c:/program files (x86)/microsemi/softconsole v3.3/sourcery-g++/bin/../lib/gcc/arm-none-eabi/4.4.1/../../../../arm-none-eabi/lib/thumb2\libc.a(lib_a-memchr.o)
 .debug_frame   0x000018a4       0x34 c:/program files (x86)/microsemi/softconsole v3.3/sourcery-g++/bin/../lib/gcc/arm-none-eabi/4.4.1/../../../../arm-none-eabi/lib/thumb2\libc.a(lib_a-memcpy.o)
 .debug_frame   0x000018d8       0x2c c:/program files (x86)/microsemi/softconsole v3.3/sourcery-g++/bin/../lib/gcc/arm-none-eabi/4.4.1/../../../../arm-none-eabi/lib/thumb2\libc.a(lib_a-memmove.o)
 .debug_frame   0x00001904      0x240 c:/program files (x86)/microsemi/softconsole v3.3/sourcery-g++/bin/../lib/gcc/arm-none-eabi/4.4.1/../../../../arm-none-eabi/lib/thumb2\libc.a(lib_a-mprec.o)
 .debug_frame   0x00001b44       0x3c c:/program files (x86)/microsemi/softconsole v3.3/sourcery-g++/bin/../lib/gcc/arm-none-eabi/4.4.1/../../../../arm-none-eabi/lib/thumb2\libc.a(lib_a-reallocr.o)
 .debug_frame   0x00001b80       0x64 c:/program files (x86)/microsemi/softconsole v3.3/sourcery-g++/bin/../lib/gcc/arm-none-eabi/4.4.1/../../../../arm-none-eabi/lib/thumb2\libc.a(lib_a-reent.o)
 .debug_frame   0x00001be4       0x20 c:/program files (x86)/microsemi/softconsole v3.3/sourcery-g++/bin/../lib/gcc/arm-none-eabi/4.4.1/../../../../arm-none-eabi/lib/thumb2\libc.a(lib_a-s_isinfd.o)
 .debug_frame   0x00001c04       0x20 c:/program files (x86)/microsemi/softconsole v3.3/sourcery-g++/bin/../lib/gcc/arm-none-eabi/4.4.1/../../../../arm-none-eabi/lib/thumb2\libc.a(lib_a-s_isnand.o)
 .debug_frame   0x00001c24       0x70 c:/program files (x86)/microsemi/softconsole v3.3/sourcery-g++/bin/../lib/gcc/arm-none-eabi/4.4.1/../../../../arm-none-eabi/lib/thumb2\libc.a(lib_a-stdio.o)
 .debug_frame   0x00001c94       0x30 c:/program files (x86)/microsemi/softconsole v3.3/sourcery-g++/bin/../lib/gcc/arm-none-eabi/4.4.1/../../../../arm-none-eabi/lib/thumb2\libc.a(lib_a-strcmp.o)
 .debug_frame   0x00001cc4       0x20 c:/program files (x86)/microsemi/softconsole v3.3/sourcery-g++/bin/../lib/gcc/arm-none-eabi/4.4.1/../../../../arm-none-eabi/lib/thumb2\libc.a(lib_a-strlen.o)
 .debug_frame   0x00001ce4       0x2c c:/program files (x86)/microsemi/softconsole v3.3/sourcery-g++/bin/../lib/gcc/arm-none-eabi/4.4.1/../../../../arm-none-eabi/lib/thumb2\libc.a(lib_a-callocr.o)
 .debug_frame   0x00001d10       0x2c c:/program files (x86)/microsemi/softconsole v3.3/sourcery-g++/bin/../lib/gcc/arm-none-eabi/4.4.1/../../../../arm-none-eabi/lib/thumb2\libc.a(lib_a-closer.o)
 .debug_frame   0x00001d3c       0x3c c:/program files (x86)/microsemi/softconsole v3.3/sourcery-g++/bin/../lib/gcc/arm-none-eabi/4.4.1/../../../../arm-none-eabi/lib/thumb2\libc.a(lib_a-fclose.o)
 .debug_frame   0x00001d78       0x2c c:/program files (x86)/microsemi/softconsole v3.3/sourcery-g++/bin/../lib/gcc/arm-none-eabi/4.4.1/../../../../arm-none-eabi/lib/thumb2\libc.a(lib_a-fstatr.o)
 .debug_frame   0x00001da4       0x2c c:/program files (x86)/microsemi/softconsole v3.3/sourcery-g++/bin/../lib/gcc/arm-none-eabi/4.4.1/../../../../arm-none-eabi/lib/thumb2\libc.a(lib_a-isattyr.o)
 .debug_frame   0x00001dd0       0x2c c:/program files (x86)/microsemi/softconsole v3.3/sourcery-g++/bin/../lib/gcc/arm-none-eabi/4.4.1/../../../../arm-none-eabi/lib/thumb2\libc.a(lib_a-lseekr.o)
 .debug_frame   0x00001dfc       0x2c c:/program files (x86)/microsemi/softconsole v3.3/sourcery-g++/bin/../lib/gcc/arm-none-eabi/4.4.1/../../../../arm-none-eabi/lib/thumb2\libc.a(lib_a-readr.o)
 .debug_frame   0x00001e28       0x20 c:/program files (x86)/microsemi/softconsole v3.3/sourcery-g++/bin/../lib/gcc/arm-none-eabi/4.4.1/thumb2\libgcc.a(_udivsi3.o)
 .debug_frame   0x00001e48       0x50 c:/program files (x86)/microsemi/softconsole v3.3/sourcery-g++/bin/../lib/gcc/arm-none-eabi/4.4.1/thumb2\libgcc.a(bpabi.o)
 .debug_frame   0x00001e98       0x3c c:/program files (x86)/microsemi/softconsole v3.3/sourcery-g++/bin/../lib/gcc/arm-none-eabi/4.4.1/thumb2\libgcc.a(_divdi3.o)
 .debug_frame   0x00001ed4       0x3c c:/program files (x86)/microsemi/softconsole v3.3/sourcery-g++/bin/../lib/gcc/arm-none-eabi/4.4.1/thumb2\libgcc.a(_udivdi3.o)
 .debug_frame   0x00001f10       0x34 c:/program files (x86)/microsemi/softconsole v3.3/sourcery-g++/bin/../lib/gcc/arm-none-eabi/4.4.1/../../../../arm-none-eabi/lib/thumb2\libm.a(lib_a-s_floor.o)

.debug_str      0x00000000     0x3360
 *(.debug_str)
 .debug_str     0x00000000     0x1139 ./Adafruit_FT6206.o
                               0x11de (size before relaxing)
 .debug_str     0x00001139      0x19e ./Adafruit_GFX_local.o
                                0x317 (size before relaxing)
 .debug_str     0x000012d7      0x433 ./Adafruit_ILI9341_local.o
                               0x11f0 (size before relaxing)
 .debug_str     0x0000170a        0xe ./glcdfont.o
                                 0xce (size before relaxing)
 .debug_str     0x00001718      0x7a3 ./main.o
                               0x18d5 (size before relaxing)
 .debug_str     0x00001ebb      0x2a1 N:/eecs373/PolyBots/N64/N64_controller_iter4/N64_controller_iter_4/SoftConsole/N64_controller_iter_4_MSS_MSS_CM3_0/N64_controller_iter_4_MSS_MSS_CM3_0_hw_platform/Debug/CMSIS/startup_gcc/newlib_stubs.o
                               0x10e9 (size before relaxing)
 .debug_str     0x0000215c      0x5ff N:\eecs373\PolyBots\N64\N64_controller_iter4\N64_controller_iter_4\SoftConsole\N64_controller_iter_4_MSS_MSS_CM3_0\N64_controller_iter_4_MSS_MSS_CM3_0_hw_platform\Debug\libN64_controller_iter_4_MSS_MSS_CM3_0_hw_platform.a(mss_uart.o)
                               0x14fa (size before relaxing)
 .debug_str     0x0000275b      0x359 N:\eecs373\PolyBots\N64\N64_controller_iter4\N64_controller_iter_4\SoftConsole\N64_controller_iter_4_MSS_MSS_CM3_0\N64_controller_iter_4_MSS_MSS_CM3_0_hw_platform\Debug\libN64_controller_iter_4_MSS_MSS_CM3_0_hw_platform.a(mss_spi.o)
                               0x170b (size before relaxing)
 .debug_str     0x00002ab4      0x394 N:\eecs373\PolyBots\N64\N64_controller_iter4\N64_controller_iter_4\SoftConsole\N64_controller_iter_4_MSS_MSS_CM3_0\N64_controller_iter_4_MSS_MSS_CM3_0_hw_platform\Debug\libN64_controller_iter_4_MSS_MSS_CM3_0_hw_platform.a(mss_i2c.o)
                               0x17a2 (size before relaxing)
 .debug_str     0x00002e48      0x2df N:\eecs373\PolyBots\N64\N64_controller_iter4\N64_controller_iter_4\SoftConsole\N64_controller_iter_4_MSS_MSS_CM3_0\N64_controller_iter_4_MSS_MSS_CM3_0_hw_platform\Debug\libN64_controller_iter_4_MSS_MSS_CM3_0_hw_platform.a(mss_gpio.o)
                               0x12d2 (size before relaxing)
 .debug_str     0x00003127      0x142 N:\eecs373\PolyBots\N64\N64_controller_iter4\N64_controller_iter_4\SoftConsole\N64_controller_iter_4_MSS_MSS_CM3_0\N64_controller_iter_4_MSS_MSS_CM3_0_hw_platform\Debug\libN64_controller_iter_4_MSS_MSS_CM3_0_hw_platform.a(core_cm3.o)
                                0x2b0 (size before relaxing)
 .debug_str     0x00003269       0xf7 N:\eecs373\PolyBots\N64\N64_controller_iter4\N64_controller_iter_4\SoftConsole\N64_controller_iter_4_MSS_MSS_CM3_0\N64_controller_iter_4_MSS_MSS_CM3_0_hw_platform\Debug\libN64_controller_iter_4_MSS_MSS_CM3_0_hw_platform.a(system_a2fxxxm3.o)
                                0x49d (size before relaxing)

.debug_loc      0x00000000     0x4611
 *(.debug_loc)
 .debug_loc     0x00000000      0x1f9 ./Adafruit_FT6206.o
 .debug_loc     0x000001f9      0xc71 ./Adafruit_GFX_local.o
 .debug_loc     0x00000e6a      0xbba ./Adafruit_ILI9341_local.o
 .debug_loc     0x00001a24      0xb2c ./main.o
 .debug_loc     0x00002550      0x30d N:/eecs373/PolyBots/N64/N64_controller_iter4/N64_controller_iter_4/SoftConsole/N64_controller_iter_4_MSS_MSS_CM3_0/N64_controller_iter_4_MSS_MSS_CM3_0_hw_platform/Debug/CMSIS/startup_gcc/newlib_stubs.o
 .debug_loc     0x0000285d      0x894 N:\eecs373\PolyBots\N64\N64_controller_iter4\N64_controller_iter_4\SoftConsole\N64_controller_iter_4_MSS_MSS_CM3_0\N64_controller_iter_4_MSS_MSS_CM3_0_hw_platform\Debug\libN64_controller_iter_4_MSS_MSS_CM3_0_hw_platform.a(mss_uart.o)
 .debug_loc     0x000030f1      0x982 N:\eecs373\PolyBots\N64\N64_controller_iter4\N64_controller_iter_4\SoftConsole\N64_controller_iter_4_MSS_MSS_CM3_0\N64_controller_iter_4_MSS_MSS_CM3_0_hw_platform\Debug\libN64_controller_iter_4_MSS_MSS_CM3_0_hw_platform.a(mss_spi.o)
 .debug_loc     0x00003a73      0x768 N:\eecs373\PolyBots\N64\N64_controller_iter4\N64_controller_iter_4\SoftConsole\N64_controller_iter_4_MSS_MSS_CM3_0\N64_controller_iter_4_MSS_MSS_CM3_0_hw_platform\Debug\libN64_controller_iter_4_MSS_MSS_CM3_0_hw_platform.a(mss_i2c.o)
 .debug_loc     0x000041db      0x1a5 N:\eecs373\PolyBots\N64\N64_controller_iter4\N64_controller_iter_4\SoftConsole\N64_controller_iter_4_MSS_MSS_CM3_0\N64_controller_iter_4_MSS_MSS_CM3_0_hw_platform\Debug\libN64_controller_iter_4_MSS_MSS_CM3_0_hw_platform.a(mss_gpio.o)
 .debug_loc     0x00004380      0x1c8 N:\eecs373\PolyBots\N64\N64_controller_iter4\N64_controller_iter_4\SoftConsole\N64_controller_iter_4_MSS_MSS_CM3_0\N64_controller_iter_4_MSS_MSS_CM3_0_hw_platform\Debug\libN64_controller_iter_4_MSS_MSS_CM3_0_hw_platform.a(core_cm3.o)
 .debug_loc     0x00004548       0xc9 N:\eecs373\PolyBots\N64\N64_controller_iter4\N64_controller_iter_4\SoftConsole\N64_controller_iter_4_MSS_MSS_CM3_0\N64_controller_iter_4_MSS_MSS_CM3_0_hw_platform\Debug\libN64_controller_iter_4_MSS_MSS_CM3_0_hw_platform.a(system_a2fxxxm3.o)

.debug_macinfo  0x00000000    0x4e49b
 *(.debug_macinfo)
 .debug_macinfo
                0x00000000     0x5514 ./Adafruit_FT6206.o
 .debug_macinfo
                0x00005514     0x8890 ./Adafruit_GFX_local.o
 .debug_macinfo
                0x0000dda4     0x8d54 ./Adafruit_ILI9341_local.o
 .debug_macinfo
                0x00016af8      0xc98 ./glcdfont.o
 .debug_macinfo
                0x00017790     0xb320 ./main.o
 .debug_macinfo
                0x00022ab0     0x9964 N:/eecs373/PolyBots/N64/N64_controller_iter4/N64_controller_iter_4/SoftConsole/N64_controller_iter_4_MSS_MSS_CM3_0/N64_controller_iter_4_MSS_MSS_CM3_0_hw_platform/Debug/CMSIS/startup_gcc/newlib_stubs.o
 .debug_macinfo
                0x0002c414     0x63e3 N:\eecs373\PolyBots\N64\N64_controller_iter4\N64_controller_iter_4\SoftConsole\N64_controller_iter_4_MSS_MSS_CM3_0\N64_controller_iter_4_MSS_MSS_CM3_0_hw_platform\Debug\libN64_controller_iter_4_MSS_MSS_CM3_0_hw_platform.a(mss_uart.o)
 .debug_macinfo
                0x000327f7     0x7559 N:\eecs373\PolyBots\N64\N64_controller_iter4\N64_controller_iter_4\SoftConsole\N64_controller_iter_4_MSS_MSS_CM3_0\N64_controller_iter_4_MSS_MSS_CM3_0_hw_platform\Debug\libN64_controller_iter_4_MSS_MSS_CM3_0_hw_platform.a(mss_spi.o)
 .debug_macinfo
                0x00039d50     0x7a8e N:\eecs373\PolyBots\N64\N64_controller_iter4\N64_controller_iter_4\SoftConsole\N64_controller_iter_4_MSS_MSS_CM3_0\N64_controller_iter_4_MSS_MSS_CM3_0_hw_platform\Debug\libN64_controller_iter_4_MSS_MSS_CM3_0_hw_platform.a(mss_i2c.o)
 .debug_macinfo
                0x000417de     0x5cfa N:\eecs373\PolyBots\N64\N64_controller_iter4\N64_controller_iter_4\SoftConsole\N64_controller_iter_4_MSS_MSS_CM3_0\N64_controller_iter_4_MSS_MSS_CM3_0_hw_platform\Debug\libN64_controller_iter_4_MSS_MSS_CM3_0_hw_platform.a(mss_gpio.o)
 .debug_macinfo
                0x000474d8     0x152b N:\eecs373\PolyBots\N64\N64_controller_iter4\N64_controller_iter_4\SoftConsole\N64_controller_iter_4_MSS_MSS_CM3_0\N64_controller_iter_4_MSS_MSS_CM3_0_hw_platform\Debug\libN64_controller_iter_4_MSS_MSS_CM3_0_hw_platform.a(core_cm3.o)
 .debug_macinfo
                0x00048a03     0x5a98 N:\eecs373\PolyBots\N64\N64_controller_iter4\N64_controller_iter_4\SoftConsole\N64_controller_iter_4_MSS_MSS_CM3_0\N64_controller_iter_4_MSS_MSS_CM3_0_hw_platform\Debug\libN64_controller_iter_4_MSS_MSS_CM3_0_hw_platform.a(system_a2fxxxm3.o)

.debug_weaknames
 *(.debug_weaknames)

.debug_funcnames
 *(.debug_funcnames)

.debug_typenames
 *(.debug_typenames)

.debug_varnames
 *(.debug_varnames)

.note.gnu.arm.ident
 *(.note.gnu.arm.ident)

.ARM.attributes
                0x00000000       0x25
 *(.ARM.attributes)
 .ARM.attributes
                0x00000000       0x19 c:/program files (x86)/microsemi/softconsole v3.3/sourcery-g++/bin/../lib/gcc/arm-none-eabi/4.4.1/thumb2/crti.o
 .ARM.attributes
                0x00000019       0x29 c:/program files (x86)/microsemi/softconsole v3.3/sourcery-g++/bin/../lib/gcc/arm-none-eabi/4.4.1/thumb2/crtbegin.o
 .ARM.attributes
                0x00000042       0x31 ./Adafruit_FT6206.o
 .ARM.attributes
                0x00000073       0x31 ./Adafruit_GFX_local.o
 .ARM.attributes
                0x000000a4       0x31 ./Adafruit_ILI9341_local.o
 .ARM.attributes
                0x000000d5       0x31 ./glcdfont.o
 .ARM.attributes
                0x00000106       0x31 ./main.o
 .ARM.attributes
                0x00000137       0x21 N:/eecs373/PolyBots/N64/N64_controller_iter4/N64_controller_iter_4/SoftConsole/N64_controller_iter_4_MSS_MSS_CM3_0/N64_controller_iter_4_MSS_MSS_CM3_0_hw_platform/Debug/CMSIS/startup_gcc/startup_a2fxxxm3.o
 .ARM.attributes
                0x00000158       0x31 N:/eecs373/PolyBots/N64/N64_controller_iter4/N64_controller_iter_4/SoftConsole/N64_controller_iter_4_MSS_MSS_CM3_0/N64_controller_iter_4_MSS_MSS_CM3_0_hw_platform/Debug/CMSIS/startup_gcc/newlib_stubs.o
 .ARM.attributes
                0x00000189       0x31 N:\eecs373\PolyBots\N64\N64_controller_iter4\N64_controller_iter_4\SoftConsole\N64_controller_iter_4_MSS_MSS_CM3_0\N64_controller_iter_4_MSS_MSS_CM3_0_hw_platform\Debug\libN64_controller_iter_4_MSS_MSS_CM3_0_hw_platform.a(mss_uart.o)
 .ARM.attributes
                0x000001ba       0x31 N:\eecs373\PolyBots\N64\N64_controller_iter4\N64_controller_iter_4\SoftConsole\N64_controller_iter_4_MSS_MSS_CM3_0\N64_controller_iter_4_MSS_MSS_CM3_0_hw_platform\Debug\libN64_controller_iter_4_MSS_MSS_CM3_0_hw_platform.a(mss_spi.o)
 .ARM.attributes
                0x000001eb       0x31 N:\eecs373\PolyBots\N64\N64_controller_iter4\N64_controller_iter_4\SoftConsole\N64_controller_iter_4_MSS_MSS_CM3_0\N64_controller_iter_4_MSS_MSS_CM3_0_hw_platform\Debug\libN64_controller_iter_4_MSS_MSS_CM3_0_hw_platform.a(mss_i2c.o)
 .ARM.attributes
                0x0000021c       0x31 N:\eecs373\PolyBots\N64\N64_controller_iter4\N64_controller_iter_4\SoftConsole\N64_controller_iter_4_MSS_MSS_CM3_0\N64_controller_iter_4_MSS_MSS_CM3_0_hw_platform\Debug\libN64_controller_iter_4_MSS_MSS_CM3_0_hw_platform.a(mss_gpio.o)
 .ARM.attributes
                0x0000024d       0x31 N:\eecs373\PolyBots\N64\N64_controller_iter4\N64_controller_iter_4\SoftConsole\N64_controller_iter_4_MSS_MSS_CM3_0\N64_controller_iter_4_MSS_MSS_CM3_0_hw_platform\Debug\libN64_controller_iter_4_MSS_MSS_CM3_0_hw_platform.a(core_cm3.o)
 .ARM.attributes
                0x0000027e       0x31 N:\eecs373\PolyBots\N64\N64_controller_iter4\N64_controller_iter_4\SoftConsole\N64_controller_iter_4_MSS_MSS_CM3_0\N64_controller_iter_4_MSS_MSS_CM3_0_hw_platform\Debug\libN64_controller_iter_4_MSS_MSS_CM3_0_hw_platform.a(system_a2fxxxm3.o)
 .ARM.attributes
                0x000002af       0x1b c:/program files (x86)/microsemi/softconsole v3.3/sourcery-g++/bin/../lib/gcc/arm-none-eabi/4.4.1/thumb2\libgcc.a(_arm_addsubdf3.o)
 .ARM.attributes
                0x000002ca       0x1b c:/program files (x86)/microsemi/softconsole v3.3/sourcery-g++/bin/../lib/gcc/arm-none-eabi/4.4.1/thumb2\libgcc.a(_arm_muldivdf3.o)
 .ARM.attributes
                0x000002e5       0x1b c:/program files (x86)/microsemi/softconsole v3.3/sourcery-g++/bin/../lib/gcc/arm-none-eabi/4.4.1/thumb2\libgcc.a(_arm_cmpdf2.o)
 .ARM.attributes
                0x00000300       0x1b c:/program files (x86)/microsemi/softconsole v3.3/sourcery-g++/bin/../lib/gcc/arm-none-eabi/4.4.1/thumb2\libgcc.a(_arm_fixunsdfsi.o)
 .ARM.attributes
                0x0000031b       0x1b c:/program files (x86)/microsemi/softconsole v3.3/sourcery-g++/bin/../lib/gcc/arm-none-eabi/4.4.1/thumb2\libgcc.a(_arm_truncdfsf2.o)
 .ARM.attributes
                0x00000336       0x1b c:/program files (x86)/microsemi/softconsole v3.3/sourcery-g++/bin/../lib/gcc/arm-none-eabi/4.4.1/thumb2\libgcc.a(_arm_addsubsf3.o)
 .ARM.attributes
                0x00000351       0x1b c:/program files (x86)/microsemi/softconsole v3.3/sourcery-g++/bin/../lib/gcc/arm-none-eabi/4.4.1/thumb2\libgcc.a(_arm_muldivsf3.o)
 .ARM.attributes