Microsemi Libero Software
Version: 11.7.1.14
Release: v11.7 SP1.1

Info: The design motorCONTROL.adb was last modified by software version 11.7.1.14.
Opened an existing Libero design motorCONTROL.adb.
'BA_NAME' set to 'motorCONTROL_ba'
'IDE_DESIGNERVIEW_NAME' set to 'Impl1'
'IDE_DESIGNERVIEW_COUNT' set to '1'
'IDE_DESIGNERVIEW_REV0' set to 'Impl1'
'IDE_DESIGNERVIEW_REVNUM0' set to '1'
'IDE_DESIGNERVIEW_ROOTDIR' set to 'N:\Project\NewProject-4-10\motorCONTROL\designer'
'IDE_DESIGNERVIEW_LASTREV' set to '1'
***** Layout Variables *********************************************

Mode: TIMING_DRIVEN
Power-driven Layout: OFF
Incremental Placement: OFF
Incremental Route: OFF


Info: I/O Bank Assigner detected (1) out of (6) I/O Bank(s) with locked I/O technologies.

Running I/O Bank Assigner.

I/O Bank Assigner completed successfully.
 

Planning global net placement...


Global net placement completed successfully.

                        o - o - o - o - o - o

Timing-driven Placer Started: Mon Apr 10 21:14:40 2017

Placer Finished: Mon Apr 10 21:14:46 2017
Total Placer CPU Time:     00:00:06

                        o - o - o - o - o - o


Timing-driven Router 
Design: motorCONTROL                    Started: Mon Apr 10 21:14:50 2017

 
Iterative improvement...

Timing-driven Router completed successfully.

Design: motorCONTROL                    
Finished: Mon Apr 10 21:15:02 2017
Total CPU Time:     00:00:11            Total Elapsed Time: 00:00:12
Total Memory Usage: 172.1 Mbytes
                        o - o - o - o - o - o

Loading the Timing data for the design.
Finished loading the Timing data.
TIMER: Max delay timing requirements have NOT been met.
TIMER: Min delay timing requirements have been met.

The Layout command succeeded ( 00:00:29 )
Wrote status report to file: motorCONTROL_place_and_route_report.txt

The Report command succeeded ( 00:00:00 )
Wrote globalnet report to file: motorCONTROL_globalnet_report.txt

The Report command succeeded ( 00:00:00 )
Wrote globalusage report to file: motorCONTROL_globalusage_report.txt

The Report command succeeded ( 00:00:00 )
Wrote iobank report to file: motorCONTROL_iobank_report.txt

The Report command succeeded ( 00:00:00 )
Wrote pin report to file: motorCONTROL_report_pin_byname.txt

The Report command succeeded ( 00:00:01 )
Wrote pin report to file: motorCONTROL_report_pin_bynumber.txt

The Report command succeeded ( 00:00:01 )
Design saved to file N:\Project\NewProject-4-10\motorCONTROL\designer\impl1\motorCONTROL.adb.

The Execute Script command succeeded ( 00:00:34 )
Design closed.

